2026-05-19 18:15:31,997 | INFO | log file: /home/user/amr_vision_system_v1/logs/runtime_20260519_181531.log
2026-05-19 18:15:31,997 | INFO | config: /home/user/amr_vision_system_v1/config/config.yaml
2026-05-19 18:15:35,684 | INFO | detector warmed up
2026-05-19 18:15:35,684 | INFO | Initialized CSV output file with header: /home/user/amr_vision_system_v1/results/output.csv
2026-05-19 18:15:35,782 | INFO | ROS2 publishers successfully initialized.
2026-05-19 18:15:35,899 | INFO | pipeline started (press ESC to quit)
2026-05-19 18:15:40,882 | INFO | [perf frame=100] preprocess=0.0ms, perspective=0.0ms, detect=46.7ms, postprocess=0.0ms, fuse+track=0.0ms
2026-05-19 18:15:45,739 | INFO | [perf frame=200] preprocess=0.0ms, perspective=0.0ms, detect=45.4ms, postprocess=0.0ms, fuse+track=0.0ms
2026-05-19 18:15:50,586 | INFO | [perf frame=300] preprocess=0.0ms, perspective=0.0ms, detect=45.2ms, postprocess=0.0ms, fuse+track=0.0ms
2026-05-19 18:15:55,263 | INFO | [perf frame=400] preprocess=0.0ms, perspective=0.0ms, detect=43.7ms, postprocess=0.0ms, fuse+track=0.0ms
2026-05-19 18:15:59,782 | INFO | [perf frame=500] preprocess=0.0ms, perspective=0.0ms, detect=42.1ms, postprocess=0.0ms, fuse+track=0.0ms
2026-05-19 18:16:03,832 | INFO | [perf frame=600] preprocess=0.0ms, perspective=0.0ms, detect=37.0ms, postprocess=0.1ms, fuse+track=0.0ms
2026-05-19 18:16:08,892 | INFO | [perf frame=700] preprocess=0.0ms, perspective=0.0ms, detect=46.7ms, postprocess=0.3ms, fuse+track=0.0ms
2026-05-19 18:16:13,963 | INFO | [perf frame=800] preprocess=0.0ms, perspective=0.0ms, detect=46.8ms, postprocess=0.1ms, fuse+track=0.0ms
2026-05-19 18:16:18,596 | INFO | [perf frame=900] preprocess=0.0ms, perspective=0.0ms, detect=42.8ms, postprocess=0.1ms, fuse+track=0.0ms
2026-05-19 18:16:23,448 | INFO | [perf frame=1000] preprocess=0.0ms, perspective=0.0ms, detect=45.3ms, postprocess=0.0ms, fuse+track=0.0ms
2026-05-19 18:16:28,325 | INFO | [perf frame=1100] preprocess=0.0ms, perspective=0.0ms, detect=45.6ms, postprocess=0.0ms, fuse+track=0.0ms
2026-05-19 18:16:33,845 | INFO | [perf frame=1200] preprocess=0.0ms, perspective=0.0ms, detect=51.7ms, postprocess=0.1ms, fuse+track=0.0ms
2026-05-19 18:16:38,750 | INFO | [perf frame=1300] preprocess=0.0ms, perspective=0.0ms, detect=45.8ms, postprocess=0.0ms, fuse+track=0.0ms
2026-05-19 18:16:43,774 | INFO | [perf frame=1400] preprocess=0.0ms, perspective=0.0ms, detect=47.1ms, postprocess=0.0ms, fuse+track=0.0ms
2026-05-19 18:16:48,153 | INFO | [perf frame=1500] preprocess=0.0ms, perspective=0.0ms, detect=40.7ms, postprocess=0.0ms, fuse+track=0.0ms
2026-05-19 18:16:53,712 | INFO | [perf frame=1600] preprocess=0.0ms, perspective=0.0ms, detect=52.5ms, postprocess=0.0ms, fuse+track=0.0ms
2026-05-19 18:16:58,727 | INFO | [perf frame=1700] preprocess=0.0ms, perspective=0.0ms, detect=47.0ms, postprocess=0.0ms, fuse+track=0.0ms
2026-05-19 18:17:03,676 | INFO | [perf frame=1800] preprocess=0.0ms, perspective=0.0ms, detect=46.0ms, postprocess=0.1ms, fuse+track=0.0ms
2026-05-19 18:17:08,155 | INFO | [perf frame=1900] preprocess=0.0ms, perspective=0.0ms, detect=41.2ms, postprocess=0.2ms, fuse+track=0.0ms
2026-05-19 18:17:22,269 | INFO | [perf frame=2000] preprocess=0.0ms, perspective=0.0ms, detect=48.4ms, postprocess=0.0ms, fuse+track=0.0ms
2026-05-19 18:17:27,894 | INFO | [perf frame=2100] preprocess=0.0ms, perspective=0.0ms, detect=53.0ms, postprocess=0.0ms, fuse+track=0.0ms
2026-05-19 18:17:33,673 | INFO | [perf frame=2200] preprocess=0.0ms, perspective=0.0ms, detect=54.6ms, postprocess=0.0ms, fuse+track=0.0ms
