2026-05-18 11:22:35,361 | INFO | log file: /home/user/amr_vision_system_v1/logs/runtime_20260518_112235.log
2026-05-18 11:22:35,362 | INFO | config: /home/user/amr_vision_system_v1/config/config.yaml
2026-05-18 11:22:35,597 | INFO | detector warmed up
2026-05-18 11:22:35,669 | INFO | pipeline started (press ESC to quit)
2026-05-18 11:22:36,409 | INFO | [perf frame=100] preprocess=0.0ms, perspective=0.0ms, detect=0.0ms, postprocess=0.0ms, fuse+track=0.0ms
2026-05-18 11:22:36,844 | INFO | [perf frame=200] preprocess=0.0ms, perspective=0.0ms, detect=0.0ms, postprocess=0.0ms, fuse+track=0.0ms
2026-05-18 11:22:37,329 | INFO | [perf frame=300] preprocess=0.0ms, perspective=0.0ms, detect=0.0ms, postprocess=0.0ms, fuse+track=0.0ms
2026-05-18 11:22:37,874 | INFO | [perf frame=400] preprocess=0.0ms, perspective=0.0ms, detect=0.0ms, postprocess=0.0ms, fuse+track=0.0ms
2026-05-18 11:22:38,421 | INFO | [perf frame=500] preprocess=0.0ms, perspective=0.0ms, detect=0.0ms, postprocess=0.0ms, fuse+track=0.0ms
2026-05-18 11:22:38,991 | INFO | [perf frame=600] preprocess=0.0ms, perspective=0.0ms, detect=0.0ms, postprocess=0.0ms, fuse+track=0.0ms
2026-05-18 11:22:39,503 | INFO | [perf frame=700] preprocess=0.0ms, perspective=0.0ms, detect=0.0ms, postprocess=0.0ms, fuse+track=0.0ms
2026-05-18 11:22:39,970 | INFO | [perf frame=800] preprocess=0.0ms, perspective=0.0ms, detect=0.0ms, postprocess=0.0ms, fuse+track=0.0ms
2026-05-18 11:22:40,432 | INFO | [perf frame=900] preprocess=0.0ms, perspective=0.0ms, detect=0.0ms, postprocess=0.0ms, fuse+track=0.0ms
2026-05-18 11:22:40,889 | INFO | [perf frame=1000] preprocess=0.0ms, perspective=0.0ms, detect=0.0ms, postprocess=0.0ms, fuse+track=0.0ms
2026-05-18 11:22:41,396 | INFO | [perf frame=1100] preprocess=0.0ms, perspective=0.0ms, detect=0.0ms, postprocess=0.0ms, fuse+track=0.0ms
2026-05-18 11:22:41,827 | INFO | [perf frame=1200] preprocess=0.0ms, perspective=0.0ms, detect=0.0ms, postprocess=0.0ms, fuse+track=0.0ms
2026-05-18 11:22:42,343 | INFO | [perf frame=1300] preprocess=0.0ms, perspective=0.0ms, detect=0.0ms, postprocess=0.0ms, fuse+track=0.0ms
2026-05-18 11:22:42,863 | INFO | [perf frame=1400] preprocess=0.0ms, perspective=0.0ms, detect=0.0ms, postprocess=0.0ms, fuse+track=0.0ms
2026-05-18 11:22:43,367 | INFO | [perf frame=1500] preprocess=0.0ms, perspective=0.0ms, detect=0.0ms, postprocess=0.0ms, fuse+track=0.0ms
2026-05-18 11:22:43,856 | INFO | [perf frame=1600] preprocess=0.0ms, perspective=0.0ms, detect=0.0ms, postprocess=0.0ms, fuse+track=0.0ms
2026-05-18 11:22:44,333 | INFO | [perf frame=1700] preprocess=0.0ms, perspective=0.0ms, detect=0.0ms, postprocess=0.0ms, fuse+track=0.0ms
2026-05-18 11:22:44,807 | INFO | [perf frame=1800] preprocess=0.0ms, perspective=0.0ms, detect=0.0ms, postprocess=0.0ms, fuse+track=0.0ms
2026-05-18 11:22:45,314 | INFO | [perf frame=1900] preprocess=0.0ms, perspective=0.0ms, detect=0.0ms, postprocess=0.0ms, fuse+track=0.0ms
2026-05-18 11:22:45,778 | INFO | [perf frame=2000] preprocess=0.0ms, perspective=0.0ms, detect=0.0ms, postprocess=0.0ms, fuse+track=0.0ms
2026-05-18 11:22:46,310 | INFO | [perf frame=2100] preprocess=0.0ms, perspective=0.0ms, detect=0.0ms, postprocess=0.0ms, fuse+track=0.0ms
2026-05-18 11:22:46,896 | INFO | [perf frame=2200] preprocess=0.0ms, perspective=0.0ms, detect=0.0ms, postprocess=0.0ms, fuse+track=0.0ms
2026-05-18 11:22:47,386 | INFO | [perf frame=2300] preprocess=0.0ms, perspective=0.0ms, detect=0.0ms, postprocess=0.0ms, fuse+track=0.0ms
2026-05-18 11:22:47,883 | INFO | [perf frame=2400] preprocess=0.0ms, perspective=0.0ms, detect=0.0ms, postprocess=0.0ms, fuse+track=0.0ms
2026-05-18 11:22:48,417 | INFO | [perf frame=2500] preprocess=0.0ms, perspective=0.0ms, detect=0.0ms, postprocess=0.0ms, fuse+track=0.0ms
2026-05-18 11:22:48,941 | INFO | [perf frame=2600] preprocess=0.0ms, perspective=0.0ms, detect=0.0ms, postprocess=0.0ms, fuse+track=0.0ms
2026-05-18 11:22:49,515 | INFO | [perf frame=2700] preprocess=0.0ms, perspective=0.0ms, detect=0.0ms, postprocess=0.0ms, fuse+track=0.0ms
2026-05-18 11:22:50,136 | INFO | [perf frame=2800] preprocess=0.0ms, perspective=0.0ms, detect=0.0ms, postprocess=0.0ms, fuse+track=0.0ms
2026-05-18 11:22:50,716 | INFO | [perf frame=2900] preprocess=0.0ms, perspective=0.0ms, detect=0.0ms, postprocess=0.0ms, fuse+track=0.0ms
2026-05-18 11:22:51,165 | INFO | [perf frame=3000] preprocess=0.0ms, perspective=0.0ms, detect=0.0ms, postprocess=0.0ms, fuse+track=0.0ms
2026-05-18 11:22:51,651 | INFO | [perf frame=3100] preprocess=0.0ms, perspective=0.0ms, detect=0.0ms, postprocess=0.0ms, fuse+track=0.0ms
2026-05-18 11:22:52,211 | INFO | [perf frame=3200] preprocess=0.0ms, perspective=0.0ms, detect=0.0ms, postprocess=0.0ms, fuse+track=0.0ms
2026-05-18 11:22:52,762 | INFO | [perf frame=3300] preprocess=0.0ms, perspective=0.0ms, detect=0.0ms, postprocess=0.0ms, fuse+track=0.0ms
2026-05-18 11:22:53,265 | INFO | [perf frame=3400] preprocess=0.0ms, perspective=0.0ms, detect=0.0ms, postprocess=0.0ms, fuse+track=0.0ms
2026-05-18 11:22:53,849 | INFO | [perf frame=3500] preprocess=0.0ms, perspective=0.0ms, detect=0.0ms, postprocess=0.0ms, fuse+track=0.0ms
2026-05-18 11:22:54,406 | INFO | [perf frame=3600] preprocess=0.0ms, perspective=0.0ms, detect=0.0ms, postprocess=0.0ms, fuse+track=0.0ms
2026-05-18 11:22:54,978 | INFO | [perf frame=3700] preprocess=0.0ms, perspective=0.0ms, detect=0.0ms, postprocess=0.0ms, fuse+track=0.0ms
2026-05-18 11:22:55,417 | INFO | [perf frame=3800] preprocess=0.0ms, perspective=0.0ms, detect=0.0ms, postprocess=0.0ms, fuse+track=0.0ms
2026-05-18 11:22:55,856 | INFO | [perf frame=3900] preprocess=0.0ms, perspective=0.0ms, detect=0.0ms, postprocess=0.0ms, fuse+track=0.0ms
2026-05-18 11:22:56,329 | INFO | [perf frame=4000] preprocess=0.0ms, perspective=0.0ms, detect=0.0ms, postprocess=0.0ms, fuse+track=0.0ms
2026-05-18 11:22:56,799 | INFO | [perf frame=4100] preprocess=0.0ms, perspective=0.0ms, detect=0.0ms, postprocess=0.0ms, fuse+track=0.0ms
2026-05-18 11:22:57,217 | INFO | [perf frame=4200] preprocess=0.0ms, perspective=0.0ms, detect=0.0ms, postprocess=0.0ms, fuse+track=0.0ms
2026-05-18 11:22:57,630 | INFO | [perf frame=4300] preprocess=0.0ms, perspective=0.0ms, detect=0.0ms, postprocess=0.0ms, fuse+track=0.0ms
2026-05-18 11:22:58,086 | INFO | [perf frame=4400] preprocess=0.0ms, perspective=0.0ms, detect=0.0ms, postprocess=0.0ms, fuse+track=0.0ms
2026-05-18 11:22:58,581 | INFO | [perf frame=4500] preprocess=0.0ms, perspective=0.0ms, detect=0.0ms, postprocess=0.0ms, fuse+track=0.0ms
2026-05-18 11:22:59,125 | INFO | [perf frame=4600] preprocess=0.0ms, perspective=0.0ms, detect=0.0ms, postprocess=0.0ms, fuse+track=0.1ms
2026-05-18 11:22:59,628 | INFO | [perf frame=4700] preprocess=0.0ms, perspective=0.0ms, detect=0.0ms, postprocess=0.0ms, fuse+track=0.0ms
2026-05-18 11:23:00,122 | INFO | [perf frame=4800] preprocess=0.0ms, perspective=0.0ms, detect=0.0ms, postprocess=0.0ms, fuse+track=0.1ms
2026-05-18 11:23:00,704 | INFO | [perf frame=4900] preprocess=0.0ms, perspective=0.0ms, detect=0.0ms, postprocess=0.0ms, fuse+track=0.1ms
2026-05-18 11:23:01,325 | INFO | [perf frame=5000] preprocess=0.0ms, perspective=0.0ms, detect=0.0ms, postprocess=0.0ms, fuse+track=0.1ms
2026-05-18 11:23:01,895 | INFO | [perf frame=5100] preprocess=0.0ms, perspective=0.0ms, detect=0.0ms, postprocess=0.0ms, fuse+track=0.1ms
2026-05-18 11:23:02,452 | INFO | [perf frame=5200] preprocess=0.0ms, perspective=0.0ms, detect=0.0ms, postprocess=0.0ms, fuse+track=0.1ms
2026-05-18 11:23:02,945 | INFO | [perf frame=5300] preprocess=0.0ms, perspective=0.0ms, detect=0.0ms, postprocess=0.0ms, fuse+track=0.0ms
2026-05-18 11:23:03,411 | INFO | [perf frame=5400] preprocess=0.0ms, perspective=0.0ms, detect=0.0ms, postprocess=0.0ms, fuse+track=0.0ms
2026-05-18 11:23:03,908 | INFO | [perf frame=5500] preprocess=0.0ms, perspective=0.0ms, detect=0.0ms, postprocess=0.0ms, fuse+track=0.0ms
2026-05-18 11:23:04,390 | INFO | [perf frame=5600] preprocess=0.0ms, perspective=0.0ms, detect=0.0ms, postprocess=0.0ms, fuse+track=0.0ms
2026-05-18 11:23:04,916 | INFO | [perf frame=5700] preprocess=0.0ms, perspective=0.0ms, detect=0.0ms, postprocess=0.0ms, fuse+track=0.0ms
2026-05-18 11:23:05,370 | INFO | [perf frame=5800] preprocess=0.0ms, perspective=0.0ms, detect=0.0ms, postprocess=0.0ms, fuse+track=0.0ms
2026-05-18 11:23:05,909 | INFO | [perf frame=5900] preprocess=0.0ms, perspective=0.0ms, detect=0.0ms, postprocess=0.0ms, fuse+track=0.0ms
2026-05-18 11:23:06,414 | INFO | [perf frame=6000] preprocess=0.0ms, perspective=0.0ms, detect=0.0ms, postprocess=0.0ms, fuse+track=0.0ms
2026-05-18 11:23:06,918 | INFO | [perf frame=6100] preprocess=0.0ms, perspective=0.0ms, detect=0.0ms, postprocess=0.0ms, fuse+track=0.0ms
2026-05-18 11:23:07,435 | INFO | [perf frame=6200] preprocess=0.0ms, perspective=0.0ms, detect=0.0ms, postprocess=0.0ms, fuse+track=0.0ms
2026-05-18 11:23:07,999 | INFO | [perf frame=6300] preprocess=0.0ms, perspective=0.0ms, detect=0.0ms, postprocess=0.0ms, fuse+track=0.0ms
2026-05-18 11:23:08,481 | INFO | [perf frame=6400] preprocess=0.0ms, perspective=0.0ms, detect=0.0ms, postprocess=0.0ms, fuse+track=0.0ms
