2026-05-22 23:49:17,531 | INFO | log file: /home/user/amr_vision_system_v1/logs/runtime_20260522_234917.log
2026-05-22 23:49:17,531 | INFO | config: /home/user/amr_vision_system_v1/config/config.yaml
2026-05-22 23:49:17,608 | INFO | detector warmed up
2026-05-22 23:49:17,608 | INFO | Initialized CSV output file with header: /home/user/amr_vision_system_v1/results/output.csv
2026-05-22 23:49:17,705 | INFO | ROS2 publishers successfully initialized.
2026-05-22 23:49:17,820 | INFO | pipeline started (press ESC to quit)
2026-05-22 23:49:18,706 | INFO | [perf frame=100] preprocess=0.0ms, perspective=0.0ms, detect=1.4ms, postprocess=0.0ms, fuse+track=0.0ms
2026-05-22 23:49:19,146 | INFO | [perf frame=200] preprocess=0.0ms, perspective=0.0ms, detect=1.4ms, postprocess=0.0ms, fuse+track=0.0ms
2026-05-22 23:49:19,581 | INFO | [perf frame=300] preprocess=0.0ms, perspective=0.0ms, detect=1.3ms, postprocess=0.0ms, fuse+track=0.0ms
2026-05-22 23:49:20,037 | INFO | [perf frame=400] preprocess=0.0ms, perspective=0.0ms, detect=1.4ms, postprocess=0.0ms, fuse+track=0.0ms
2026-05-22 23:49:20,498 | INFO | [perf frame=500] preprocess=0.0ms, perspective=0.0ms, detect=1.4ms, postprocess=0.0ms, fuse+track=0.0ms
2026-05-22 23:49:20,956 | INFO | [perf frame=600] preprocess=0.0ms, perspective=0.0ms, detect=1.5ms, postprocess=0.0ms, fuse+track=0.0ms
2026-05-22 23:49:21,407 | INFO | [perf frame=700] preprocess=0.0ms, perspective=0.0ms, detect=1.4ms, postprocess=0.0ms, fuse+track=0.0ms
2026-05-22 23:49:21,857 | INFO | [perf frame=800] preprocess=0.0ms, perspective=0.0ms, detect=1.4ms, postprocess=0.0ms, fuse+track=0.0ms
2026-05-22 23:49:22,282 | INFO | [perf frame=900] preprocess=0.0ms, perspective=0.0ms, detect=1.3ms, postprocess=0.0ms, fuse+track=0.0ms
2026-05-22 23:49:22,722 | INFO | [perf frame=1000] preprocess=0.0ms, perspective=0.0ms, detect=1.4ms, postprocess=0.0ms, fuse+track=0.0ms
2026-05-22 23:49:23,171 | INFO | [perf frame=1100] preprocess=0.0ms, perspective=0.0ms, detect=1.4ms, postprocess=0.0ms, fuse+track=0.0ms
2026-05-22 23:49:23,617 | INFO | [perf frame=1200] preprocess=0.0ms, perspective=0.0ms, detect=1.3ms, postprocess=0.0ms, fuse+track=0.0ms
2026-05-22 23:49:24,053 | INFO | [perf frame=1300] preprocess=0.0ms, perspective=0.0ms, detect=1.4ms, postprocess=0.0ms, fuse+track=0.0ms
2026-05-22 23:49:24,495 | INFO | [perf frame=1400] preprocess=0.0ms, perspective=0.0ms, detect=1.4ms, postprocess=0.0ms, fuse+track=0.0ms
2026-05-22 23:49:24,938 | INFO | [perf frame=1500] preprocess=0.0ms, perspective=0.0ms, detect=1.4ms, postprocess=0.0ms, fuse+track=0.0ms
2026-05-22 23:49:25,370 | INFO | [perf frame=1600] preprocess=0.0ms, perspective=0.0ms, detect=1.3ms, postprocess=0.0ms, fuse+track=0.0ms
2026-05-22 23:49:25,824 | INFO | [perf frame=1700] preprocess=0.0ms, perspective=0.0ms, detect=1.4ms, postprocess=0.0ms, fuse+track=0.0ms
2026-05-22 23:49:26,273 | INFO | [perf frame=1800] preprocess=0.0ms, perspective=0.0ms, detect=1.4ms, postprocess=0.0ms, fuse+track=0.0ms
2026-05-22 23:49:26,722 | INFO | [perf frame=1900] preprocess=0.0ms, perspective=0.0ms, detect=1.3ms, postprocess=0.0ms, fuse+track=0.0ms
2026-05-22 23:49:27,179 | INFO | [perf frame=2000] preprocess=0.0ms, perspective=0.0ms, detect=1.4ms, postprocess=0.0ms, fuse+track=0.0ms
2026-05-22 23:49:27,630 | INFO | [perf frame=2100] preprocess=0.0ms, perspective=0.0ms, detect=1.3ms, postprocess=0.0ms, fuse+track=0.0ms
2026-05-22 23:49:28,055 | INFO | [perf frame=2200] preprocess=0.0ms, perspective=0.0ms, detect=1.2ms, postprocess=0.0ms, fuse+track=0.0ms
2026-05-22 23:49:28,483 | INFO | [perf frame=2300] preprocess=0.0ms, perspective=0.0ms, detect=1.2ms, postprocess=0.0ms, fuse+track=0.0ms
2026-05-22 23:49:28,918 | INFO | [perf frame=2400] preprocess=0.0ms, perspective=0.0ms, detect=1.2ms, postprocess=0.0ms, fuse+track=0.0ms
2026-05-22 23:49:29,356 | INFO | [perf frame=2500] preprocess=0.0ms, perspective=0.0ms, detect=1.3ms, postprocess=0.0ms, fuse+track=0.0ms
2026-05-22 23:49:29,786 | INFO | [perf frame=2600] preprocess=0.0ms, perspective=0.0ms, detect=1.3ms, postprocess=0.0ms, fuse+track=0.0ms
2026-05-22 23:49:30,225 | INFO | [perf frame=2700] preprocess=0.0ms, perspective=0.0ms, detect=1.3ms, postprocess=0.0ms, fuse+track=0.0ms
2026-05-22 23:49:30,667 | INFO | [perf frame=2800] preprocess=0.0ms, perspective=0.0ms, detect=1.3ms, postprocess=0.0ms, fuse+track=0.0ms
2026-05-22 23:49:31,103 | INFO | [perf frame=2900] preprocess=0.0ms, perspective=0.0ms, detect=1.2ms, postprocess=0.0ms, fuse+track=0.0ms
2026-05-22 23:49:31,548 | INFO | [perf frame=3000] preprocess=0.0ms, perspective=0.0ms, detect=1.4ms, postprocess=0.0ms, fuse+track=0.0ms
2026-05-22 23:49:31,999 | INFO | [perf frame=3100] preprocess=0.0ms, perspective=0.0ms, detect=1.4ms, postprocess=0.0ms, fuse+track=0.0ms
2026-05-22 23:49:32,448 | INFO | [perf frame=3200] preprocess=0.0ms, perspective=0.0ms, detect=1.3ms, postprocess=0.0ms, fuse+track=0.0ms
2026-05-22 23:49:32,932 | INFO | [perf frame=3300] preprocess=0.0ms, perspective=0.0ms, detect=1.4ms, postprocess=0.0ms, fuse+track=0.0ms
2026-05-22 23:49:33,391 | INFO | [perf frame=3400] preprocess=0.0ms, perspective=0.0ms, detect=1.4ms, postprocess=0.0ms, fuse+track=0.0ms
2026-05-22 23:49:33,882 | INFO | [perf frame=3500] preprocess=0.0ms, perspective=0.0ms, detect=1.3ms, postprocess=0.0ms, fuse+track=0.1ms
2026-05-22 23:49:34,381 | INFO | [perf frame=3600] preprocess=0.0ms, perspective=0.0ms, detect=1.4ms, postprocess=0.0ms, fuse+track=0.1ms
2026-05-22 23:49:34,875 | INFO | [perf frame=3700] preprocess=0.0ms, perspective=0.0ms, detect=1.4ms, postprocess=0.0ms, fuse+track=0.1ms
2026-05-22 23:49:35,393 | INFO | [perf frame=3800] preprocess=0.0ms, perspective=0.0ms, detect=1.5ms, postprocess=0.0ms, fuse+track=0.1ms
2026-05-22 23:49:35,892 | INFO | [perf frame=3900] preprocess=0.0ms, perspective=0.0ms, detect=1.4ms, postprocess=0.0ms, fuse+track=0.1ms
2026-05-22 23:49:36,403 | INFO | [perf frame=4000] preprocess=0.0ms, perspective=0.0ms, detect=1.4ms, postprocess=0.0ms, fuse+track=0.1ms
2026-05-22 23:49:36,850 | INFO | [perf frame=4100] preprocess=0.0ms, perspective=0.0ms, detect=1.4ms, postprocess=0.0ms, fuse+track=0.0ms
2026-05-22 23:49:37,298 | INFO | [perf frame=4200] preprocess=0.0ms, perspective=0.0ms, detect=1.4ms, postprocess=0.0ms, fuse+track=0.0ms
2026-05-22 23:49:37,751 | INFO | [perf frame=4300] preprocess=0.0ms, perspective=0.0ms, detect=1.5ms, postprocess=0.0ms, fuse+track=0.0ms
2026-05-22 23:49:38,195 | INFO | [perf frame=4400] preprocess=0.0ms, perspective=0.0ms, detect=1.3ms, postprocess=0.0ms, fuse+track=0.0ms
2026-05-22 23:49:38,654 | INFO | [perf frame=4500] preprocess=0.0ms, perspective=0.0ms, detect=1.5ms, postprocess=0.0ms, fuse+track=0.0ms
2026-05-22 23:49:39,109 | INFO | [perf frame=4600] preprocess=0.0ms, perspective=0.0ms, detect=1.4ms, postprocess=0.0ms, fuse+track=0.0ms
2026-05-22 23:49:39,558 | INFO | [perf frame=4700] preprocess=0.0ms, perspective=0.0ms, detect=1.3ms, postprocess=0.0ms, fuse+track=0.0ms
2026-05-22 23:49:40,012 | INFO | [perf frame=4800] preprocess=0.0ms, perspective=0.0ms, detect=1.4ms, postprocess=0.0ms, fuse+track=0.0ms
2026-05-22 23:49:40,462 | INFO | [perf frame=4900] preprocess=0.0ms, perspective=0.0ms, detect=1.4ms, postprocess=0.0ms, fuse+track=0.0ms
2026-05-22 23:49:40,912 | INFO | [perf frame=5000] preprocess=0.0ms, perspective=0.0ms, detect=1.4ms, postprocess=0.0ms, fuse+track=0.0ms
2026-05-22 23:49:41,359 | INFO | [perf frame=5100] preprocess=0.0ms, perspective=0.0ms, detect=1.4ms, postprocess=0.0ms, fuse+track=0.0ms
2026-05-22 23:49:41,798 | INFO | [perf frame=5200] preprocess=0.0ms, perspective=0.0ms, detect=1.4ms, postprocess=0.0ms, fuse+track=0.0ms
2026-05-22 23:49:42,233 | INFO | [perf frame=5300] preprocess=0.0ms, perspective=0.0ms, detect=1.3ms, postprocess=0.0ms, fuse+track=0.0ms
2026-05-22 23:49:42,660 | INFO | [perf frame=5400] preprocess=0.0ms, perspective=0.0ms, detect=1.3ms, postprocess=0.0ms, fuse+track=0.0ms
2026-05-22 23:49:43,119 | INFO | [perf frame=5500] preprocess=0.0ms, perspective=0.0ms, detect=1.4ms, postprocess=0.0ms, fuse+track=0.0ms
2026-05-22 23:49:43,561 | INFO | [perf frame=5600] preprocess=0.0ms, perspective=0.0ms, detect=1.3ms, postprocess=0.0ms, fuse+track=0.0ms
2026-05-22 23:49:44,011 | INFO | [perf frame=5700] preprocess=0.0ms, perspective=0.0ms, detect=1.4ms, postprocess=0.0ms, fuse+track=0.0ms
2026-05-22 23:49:44,470 | INFO | [perf frame=5800] preprocess=0.0ms, perspective=0.0ms, detect=1.4ms, postprocess=0.0ms, fuse+track=0.0ms
2026-05-22 23:49:44,907 | INFO | [perf frame=5900] preprocess=0.0ms, perspective=0.0ms, detect=1.3ms, postprocess=0.0ms, fuse+track=0.0ms
2026-05-22 23:49:45,360 | INFO | [perf frame=6000] preprocess=0.0ms, perspective=0.0ms, detect=1.4ms, postprocess=0.0ms, fuse+track=0.0ms
2026-05-22 23:49:45,799 | INFO | [perf frame=6100] preprocess=0.0ms, perspective=0.0ms, detect=1.3ms, postprocess=0.0ms, fuse+track=0.0ms
2026-05-22 23:49:46,247 | INFO | [perf frame=6200] preprocess=0.0ms, perspective=0.0ms, detect=1.4ms, postprocess=0.0ms, fuse+track=0.0ms
2026-05-22 23:49:46,684 | INFO | [perf frame=6300] preprocess=0.0ms, perspective=0.0ms, detect=1.3ms, postprocess=0.0ms, fuse+track=0.0ms
2026-05-22 23:49:47,130 | INFO | [perf frame=6400] preprocess=0.0ms, perspective=0.0ms, detect=1.3ms, postprocess=0.0ms, fuse+track=0.0ms
2026-05-22 23:49:47,562 | INFO | [perf frame=6500] preprocess=0.0ms, perspective=0.0ms, detect=1.3ms, postprocess=0.0ms, fuse+track=0.0ms
2026-05-22 23:49:48,004 | INFO | [perf frame=6600] preprocess=0.0ms, perspective=0.0ms, detect=1.4ms, postprocess=0.0ms, fuse+track=0.0ms
2026-05-22 23:49:48,429 | INFO | [perf frame=6700] preprocess=0.0ms, perspective=0.0ms, detect=1.2ms, postprocess=0.0ms, fuse+track=0.0ms
2026-05-22 23:49:48,871 | INFO | [perf frame=6800] preprocess=0.0ms, perspective=0.0ms, detect=1.4ms, postprocess=0.0ms, fuse+track=0.0ms
2026-05-22 23:49:49,316 | INFO | [perf frame=6900] preprocess=0.0ms, perspective=0.0ms, detect=1.4ms, postprocess=0.0ms, fuse+track=0.0ms
2026-05-22 23:49:49,795 | INFO | [perf frame=7000] preprocess=0.0ms, perspective=0.0ms, detect=1.3ms, postprocess=0.0ms, fuse+track=0.0ms
2026-05-22 23:49:50,321 | INFO | [perf frame=7100] preprocess=0.0ms, perspective=0.0ms, detect=1.4ms, postprocess=0.0ms, fuse+track=0.1ms
2026-05-22 23:49:50,808 | INFO | [perf frame=7200] preprocess=0.0ms, perspective=0.0ms, detect=1.3ms, postprocess=0.0ms, fuse+track=0.1ms
2026-05-22 23:49:51,324 | INFO | [perf frame=7300] preprocess=0.0ms, perspective=0.0ms, detect=1.4ms, postprocess=0.0ms, fuse+track=0.1ms
2026-05-22 23:49:51,828 | INFO | [perf frame=7400] preprocess=0.0ms, perspective=0.0ms, detect=1.3ms, postprocess=0.0ms, fuse+track=0.1ms
2026-05-22 23:49:52,338 | INFO | [perf frame=7500] preprocess=0.0ms, perspective=0.0ms, detect=1.4ms, postprocess=0.0ms, fuse+track=0.1ms
2026-05-22 23:49:52,849 | INFO | [perf frame=7600] preprocess=0.0ms, perspective=0.0ms, detect=1.4ms, postprocess=0.0ms, fuse+track=0.1ms
2026-05-22 23:49:53,373 | INFO | [perf frame=7700] preprocess=0.0ms, perspective=0.0ms, detect=1.5ms, postprocess=0.0ms, fuse+track=0.1ms
2026-05-22 23:49:53,894 | INFO | [perf frame=7800] preprocess=0.0ms, perspective=0.0ms, detect=1.4ms, postprocess=0.0ms, fuse+track=0.1ms
2026-05-22 23:49:54,403 | INFO | [perf frame=7900] preprocess=0.0ms, perspective=0.0ms, detect=1.4ms, postprocess=0.0ms, fuse+track=0.1ms
2026-05-22 23:49:54,908 | INFO | [perf frame=8000] preprocess=0.0ms, perspective=0.0ms, detect=1.4ms, postprocess=0.0ms, fuse+track=0.1ms
2026-05-22 23:49:55,434 | INFO | [perf frame=8100] preprocess=0.0ms, perspective=0.0ms, detect=1.4ms, postprocess=0.0ms, fuse+track=0.1ms
2026-05-22 23:49:55,946 | INFO | [perf frame=8200] preprocess=0.0ms, perspective=0.0ms, detect=1.4ms, postprocess=0.0ms, fuse+track=0.1ms
2026-05-22 23:49:56,451 | INFO | [perf frame=8300] preprocess=0.0ms, perspective=0.0ms, detect=1.4ms, postprocess=0.0ms, fuse+track=0.1ms
2026-05-22 23:49:56,966 | INFO | [perf frame=8400] preprocess=0.0ms, perspective=0.0ms, detect=1.5ms, postprocess=0.0ms, fuse+track=0.1ms
2026-05-22 23:49:57,440 | INFO | [perf frame=8500] preprocess=0.0ms, perspective=0.0ms, detect=1.4ms, postprocess=0.0ms, fuse+track=0.0ms
2026-05-22 23:49:57,889 | INFO | [perf frame=8600] preprocess=0.0ms, perspective=0.0ms, detect=1.4ms, postprocess=0.0ms, fuse+track=0.0ms
2026-05-22 23:49:58,345 | INFO | [perf frame=8700] preprocess=0.0ms, perspective=0.0ms, detect=1.4ms, postprocess=0.0ms, fuse+track=0.0ms
2026-05-22 23:49:58,766 | INFO | [perf frame=8800] preprocess=0.0ms, perspective=0.0ms, detect=1.2ms, postprocess=0.0ms, fuse+track=0.0ms
2026-05-22 23:49:59,247 | INFO | [perf frame=8900] preprocess=0.0ms, perspective=0.0ms, detect=1.3ms, postprocess=0.0ms, fuse+track=0.0ms
2026-05-22 23:49:59,759 | INFO | [perf frame=9000] preprocess=0.0ms, perspective=0.0ms, detect=1.4ms, postprocess=0.0ms, fuse+track=0.1ms
2026-05-22 23:50:00,282 | INFO | [perf frame=9100] preprocess=0.0ms, perspective=0.0ms, detect=1.4ms, postprocess=0.0ms, fuse+track=0.1ms
2026-05-22 23:50:00,787 | INFO | [perf frame=9200] preprocess=0.0ms, perspective=0.0ms, detect=1.3ms, postprocess=0.0ms, fuse+track=0.1ms
2026-05-22 23:50:01,300 | INFO | [perf frame=9300] preprocess=0.0ms, perspective=0.0ms, detect=1.4ms, postprocess=0.0ms, fuse+track=0.1ms
2026-05-22 23:50:01,808 | INFO | [perf frame=9400] preprocess=0.0ms, perspective=0.0ms, detect=1.4ms, postprocess=0.0ms, fuse+track=0.1ms
2026-05-22 23:50:02,324 | INFO | [perf frame=9500] preprocess=0.0ms, perspective=0.0ms, detect=1.4ms, postprocess=0.0ms, fuse+track=0.1ms
2026-05-22 23:50:02,820 | INFO | [perf frame=9600] preprocess=0.0ms, perspective=0.0ms, detect=1.2ms, postprocess=0.0ms, fuse+track=0.1ms
2026-05-22 23:50:03,315 | INFO | [perf frame=9700] preprocess=0.0ms, perspective=0.0ms, detect=1.3ms, postprocess=0.0ms, fuse+track=0.1ms
2026-05-22 23:50:03,832 | INFO | [perf frame=9800] preprocess=0.0ms, perspective=0.0ms, detect=1.4ms, postprocess=0.0ms, fuse+track=0.1ms
2026-05-22 23:50:04,375 | INFO | [perf frame=9900] preprocess=0.0ms, perspective=0.0ms, detect=1.5ms, postprocess=0.0ms, fuse+track=0.1ms
2026-05-22 23:50:04,870 | INFO | [perf frame=10000] preprocess=0.0ms, perspective=0.0ms, detect=1.3ms, postprocess=0.0ms, fuse+track=0.1ms
2026-05-22 23:50:05,373 | INFO | [perf frame=10100] preprocess=0.0ms, perspective=0.0ms, detect=1.4ms, postprocess=0.0ms, fuse+track=0.1ms
2026-05-22 23:50:05,867 | INFO | [perf frame=10200] preprocess=0.0ms, perspective=0.0ms, detect=1.4ms, postprocess=0.0ms, fuse+track=0.0ms
2026-05-22 23:50:06,376 | INFO | [perf frame=10300] preprocess=0.0ms, perspective=0.0ms, detect=1.4ms, postprocess=0.0ms, fuse+track=0.0ms
2026-05-22 23:50:06,831 | INFO | [perf frame=10400] preprocess=0.0ms, perspective=0.0ms, detect=1.4ms, postprocess=0.0ms, fuse+track=0.0ms
2026-05-22 23:50:07,314 | INFO | [perf frame=10500] preprocess=0.0ms, perspective=0.0ms, detect=1.5ms, postprocess=0.0ms, fuse+track=0.0ms
2026-05-22 23:50:07,776 | INFO | [perf frame=10600] preprocess=0.0ms, perspective=0.0ms, detect=1.5ms, postprocess=0.0ms, fuse+track=0.0ms
2026-05-22 23:50:08,221 | INFO | [perf frame=10700] preprocess=0.0ms, perspective=0.0ms, detect=1.4ms, postprocess=0.0ms, fuse+track=0.0ms
2026-05-22 23:50:08,668 | INFO | [perf frame=10800] preprocess=0.0ms, perspective=0.0ms, detect=1.5ms, postprocess=0.0ms, fuse+track=0.0ms
2026-05-22 23:50:09,126 | INFO | [perf frame=10900] preprocess=0.0ms, perspective=0.0ms, detect=1.5ms, postprocess=0.0ms, fuse+track=0.0ms
2026-05-22 23:50:09,566 | INFO | [perf frame=11000] preprocess=0.0ms, perspective=0.0ms, detect=1.4ms, postprocess=0.0ms, fuse+track=0.0ms
2026-05-22 23:50:10,008 | INFO | [perf frame=11100] preprocess=0.0ms, perspective=0.0ms, detect=1.4ms, postprocess=0.0ms, fuse+track=0.0ms
2026-05-22 23:50:10,461 | INFO | [perf frame=11200] preprocess=0.0ms, perspective=0.0ms, detect=1.5ms, postprocess=0.0ms, fuse+track=0.0ms
2026-05-22 23:50:10,947 | INFO | [perf frame=11300] preprocess=0.0ms, perspective=0.0ms, detect=1.4ms, postprocess=0.0ms, fuse+track=0.0ms
2026-05-22 23:50:11,472 | INFO | [perf frame=11400] preprocess=0.0ms, perspective=0.0ms, detect=1.5ms, postprocess=0.0ms, fuse+track=0.1ms
2026-05-22 23:50:11,960 | INFO | [perf frame=11500] preprocess=0.0ms, perspective=0.0ms, detect=1.4ms, postprocess=0.0ms, fuse+track=0.0ms
2026-05-22 23:50:12,421 | INFO | [perf frame=11600] preprocess=0.0ms, perspective=0.0ms, detect=1.4ms, postprocess=0.0ms, fuse+track=0.0ms
2026-05-22 23:50:12,919 | INFO | [perf frame=11700] preprocess=0.0ms, perspective=0.0ms, detect=1.5ms, postprocess=0.0ms, fuse+track=0.0ms
2026-05-22 23:50:13,356 | INFO | [perf frame=11800] preprocess=0.0ms, perspective=0.0ms, detect=1.3ms, postprocess=0.0ms, fuse+track=0.0ms
2026-05-22 23:50:13,792 | INFO | [perf frame=11900] preprocess=0.0ms, perspective=0.0ms, detect=1.3ms, postprocess=0.0ms, fuse+track=0.0ms
2026-05-22 23:50:14,192 | INFO | [perf frame=12000] preprocess=0.0ms, perspective=0.0ms, detect=1.1ms, postprocess=0.0ms, fuse+track=0.0ms
2026-05-22 23:50:14,622 | INFO | [perf frame=12100] preprocess=0.0ms, perspective=0.0ms, detect=1.3ms, postprocess=0.0ms, fuse+track=0.0ms
2026-05-22 23:50:15,088 | INFO | [perf frame=12200] preprocess=0.0ms, perspective=0.0ms, detect=1.4ms, postprocess=0.0ms, fuse+track=0.0ms
2026-05-22 23:50:15,545 | INFO | [perf frame=12300] preprocess=0.0ms, perspective=0.0ms, detect=1.5ms, postprocess=0.0ms, fuse+track=0.0ms
2026-05-22 23:50:15,983 | INFO | [perf frame=12400] preprocess=0.0ms, perspective=0.0ms, detect=1.4ms, postprocess=0.0ms, fuse+track=0.0ms
2026-05-22 23:50:16,424 | INFO | [perf frame=12500] preprocess=0.0ms, perspective=0.0ms, detect=1.3ms, postprocess=0.0ms, fuse+track=0.0ms
2026-05-22 23:50:16,869 | INFO | [perf frame=12600] preprocess=0.0ms, perspective=0.0ms, detect=1.4ms, postprocess=0.0ms, fuse+track=0.0ms
2026-05-22 23:50:17,308 | INFO | [perf frame=12700] preprocess=0.0ms, perspective=0.0ms, detect=1.3ms, postprocess=0.0ms, fuse+track=0.0ms
2026-05-22 23:50:17,764 | INFO | [perf frame=12800] preprocess=0.0ms, perspective=0.0ms, detect=1.5ms, postprocess=0.0ms, fuse+track=0.0ms
2026-05-22 23:50:18,188 | INFO | [perf frame=12900] preprocess=0.0ms, perspective=0.0ms, detect=1.3ms, postprocess=0.0ms, fuse+track=0.0ms
2026-05-22 23:50:18,611 | INFO | [perf frame=13000] preprocess=0.0ms, perspective=0.0ms, detect=1.2ms, postprocess=0.0ms, fuse+track=0.0ms
2026-05-22 23:50:19,050 | INFO | [perf frame=13100] preprocess=0.0ms, perspective=0.0ms, detect=1.3ms, postprocess=0.0ms, fuse+track=0.0ms
2026-05-22 23:50:19,498 | INFO | [perf frame=13200] preprocess=0.0ms, perspective=0.0ms, detect=1.4ms, postprocess=0.0ms, fuse+track=0.0ms
2026-05-22 23:50:19,933 | INFO | [perf frame=13300] preprocess=0.0ms, perspective=0.0ms, detect=1.3ms, postprocess=0.0ms, fuse+track=0.0ms
2026-05-22 23:50:20,363 | INFO | [perf frame=13400] preprocess=0.0ms, perspective=0.0ms, detect=1.3ms, postprocess=0.0ms, fuse+track=0.0ms
2026-05-22 23:50:20,798 | INFO | [perf frame=13500] preprocess=0.0ms, perspective=0.0ms, detect=1.3ms, postprocess=0.0ms, fuse+track=0.0ms
2026-05-22 23:50:21,246 | INFO | [perf frame=13600] preprocess=0.0ms, perspective=0.0ms, detect=1.4ms, postprocess=0.0ms, fuse+track=0.0ms
2026-05-22 23:50:21,691 | INFO | [perf frame=13700] preprocess=0.0ms, perspective=0.0ms, detect=1.4ms, postprocess=0.0ms, fuse+track=0.0ms
2026-05-22 23:50:22,124 | INFO | [perf frame=13800] preprocess=0.0ms, perspective=0.0ms, detect=1.3ms, postprocess=0.0ms, fuse+track=0.0ms
2026-05-22 23:50:22,552 | INFO | [perf frame=13900] preprocess=0.0ms, perspective=0.0ms, detect=1.3ms, postprocess=0.0ms, fuse+track=0.0ms
2026-05-22 23:50:23,014 | INFO | [perf frame=14000] preprocess=0.0ms, perspective=0.0ms, detect=1.5ms, postprocess=0.0ms, fuse+track=0.0ms
2026-05-22 23:50:23,452 | INFO | [perf frame=14100] preprocess=0.0ms, perspective=0.0ms, detect=1.4ms, postprocess=0.0ms, fuse+track=0.0ms
2026-05-22 23:50:23,891 | INFO | [perf frame=14200] preprocess=0.0ms, perspective=0.0ms, detect=1.4ms, postprocess=0.0ms, fuse+track=0.0ms
2026-05-22 23:50:24,330 | INFO | [perf frame=14300] preprocess=0.0ms, perspective=0.0ms, detect=1.3ms, postprocess=0.0ms, fuse+track=0.0ms
2026-05-22 23:50:24,794 | INFO | [perf frame=14400] preprocess=0.0ms, perspective=0.0ms, detect=1.5ms, postprocess=0.0ms, fuse+track=0.0ms
2026-05-22 23:50:25,232 | INFO | [perf frame=14500] preprocess=0.0ms, perspective=0.0ms, detect=1.4ms, postprocess=0.0ms, fuse+track=0.0ms
2026-05-22 23:50:25,654 | INFO | [perf frame=14600] preprocess=0.0ms, perspective=0.0ms, detect=1.3ms, postprocess=0.0ms, fuse+track=0.0ms
2026-05-22 23:50:26,095 | INFO | [perf frame=14700] preprocess=0.0ms, perspective=0.0ms, detect=1.4ms, postprocess=0.0ms, fuse+track=0.0ms
2026-05-22 23:50:26,551 | INFO | [perf frame=14800] preprocess=0.0ms, perspective=0.0ms, detect=1.4ms, postprocess=0.0ms, fuse+track=0.0ms
2026-05-22 23:50:26,989 | INFO | [perf frame=14900] preprocess=0.0ms, perspective=0.0ms, detect=1.4ms, postprocess=0.0ms, fuse+track=0.0ms
2026-05-22 23:50:27,436 | INFO | [perf frame=15000] preprocess=0.0ms, perspective=0.0ms, detect=1.4ms, postprocess=0.0ms, fuse+track=0.0ms
2026-05-22 23:50:27,875 | INFO | [perf frame=15100] preprocess=0.0ms, perspective=0.0ms, detect=1.4ms, postprocess=0.0ms, fuse+track=0.0ms
2026-05-22 23:50:28,321 | INFO | [perf frame=15200] preprocess=0.0ms, perspective=0.0ms, detect=1.4ms, postprocess=0.0ms, fuse+track=0.0ms
2026-05-22 23:50:28,761 | INFO | [perf frame=15300] preprocess=0.0ms, perspective=0.0ms, detect=1.3ms, postprocess=0.0ms, fuse+track=0.0ms
2026-05-22 23:50:29,202 | INFO | [perf frame=15400] preprocess=0.0ms, perspective=0.0ms, detect=1.4ms, postprocess=0.0ms, fuse+track=0.0ms
2026-05-22 23:50:29,653 | INFO | [perf frame=15500] preprocess=0.0ms, perspective=0.0ms, detect=1.5ms, postprocess=0.0ms, fuse+track=0.0ms
2026-05-22 23:50:30,101 | INFO | [perf frame=15600] preprocess=0.0ms, perspective=0.0ms, detect=1.4ms, postprocess=0.0ms, fuse+track=0.0ms
2026-05-22 23:50:30,561 | INFO | [perf frame=15700] preprocess=0.0ms, perspective=0.0ms, detect=1.5ms, postprocess=0.0ms, fuse+track=0.0ms
2026-05-22 23:50:30,995 | INFO | [perf frame=15800] preprocess=0.0ms, perspective=0.0ms, detect=1.3ms, postprocess=0.0ms, fuse+track=0.0ms
2026-05-22 23:50:31,425 | INFO | [perf frame=15900] preprocess=0.0ms, perspective=0.0ms, detect=1.3ms, postprocess=0.0ms, fuse+track=0.0ms
2026-05-22 23:50:31,882 | INFO | [perf frame=16000] preprocess=0.0ms, perspective=0.0ms, detect=1.4ms, postprocess=0.0ms, fuse+track=0.0ms
2026-05-22 23:50:32,340 | INFO | [perf frame=16100] preprocess=0.0ms, perspective=0.0ms, detect=1.4ms, postprocess=0.0ms, fuse+track=0.0ms
2026-05-22 23:50:32,778 | INFO | [perf frame=16200] preprocess=0.0ms, perspective=0.0ms, detect=1.3ms, postprocess=0.0ms, fuse+track=0.0ms
2026-05-22 23:50:33,218 | INFO | [perf frame=16300] preprocess=0.0ms, perspective=0.0ms, detect=1.3ms, postprocess=0.0ms, fuse+track=0.0ms
2026-05-22 23:50:33,656 | INFO | [perf frame=16400] preprocess=0.0ms, perspective=0.0ms, detect=1.2ms, postprocess=0.0ms, fuse+track=0.0ms
2026-05-22 23:50:34,073 | INFO | [perf frame=16500] preprocess=0.0ms, perspective=0.0ms, detect=1.2ms, postprocess=0.0ms, fuse+track=0.0ms
2026-05-22 23:50:34,507 | INFO | [perf frame=16600] preprocess=0.0ms, perspective=0.0ms, detect=1.4ms, postprocess=0.0ms, fuse+track=0.0ms
2026-05-22 23:50:34,952 | INFO | [perf frame=16700] preprocess=0.0ms, perspective=0.0ms, detect=1.4ms, postprocess=0.0ms, fuse+track=0.0ms
2026-05-22 23:50:35,401 | INFO | [perf frame=16800] preprocess=0.0ms, perspective=0.0ms, detect=1.4ms, postprocess=0.0ms, fuse+track=0.0ms
2026-05-22 23:50:35,848 | INFO | [perf frame=16900] preprocess=0.0ms, perspective=0.0ms, detect=1.4ms, postprocess=0.0ms, fuse+track=0.0ms
2026-05-22 23:50:36,281 | INFO | [perf frame=17000] preprocess=0.0ms, perspective=0.0ms, detect=1.3ms, postprocess=0.0ms, fuse+track=0.0ms
2026-05-22 23:50:36,721 | INFO | [perf frame=17100] preprocess=0.0ms, perspective=0.0ms, detect=1.4ms, postprocess=0.0ms, fuse+track=0.0ms
2026-05-22 23:50:37,172 | INFO | [perf frame=17200] preprocess=0.0ms, perspective=0.0ms, detect=1.4ms, postprocess=0.0ms, fuse+track=0.0ms
2026-05-22 23:50:37,623 | INFO | [perf frame=17300] preprocess=0.0ms, perspective=0.0ms, detect=1.4ms, postprocess=0.0ms, fuse+track=0.0ms
