2026-05-22 22:39:28,831 | INFO | log file: /home/user/amr_vision_system_v1/logs/runtime_20260522_223928.log
2026-05-22 22:39:28,831 | INFO | config: /home/user/amr_vision_system_v1/config/config.yaml
2026-05-22 22:39:28,924 | INFO | detector warmed up
2026-05-22 22:39:28,925 | INFO | Initialized CSV output file with header: /home/user/amr_vision_system_v1/results/output.csv
2026-05-22 22:39:29,034 | INFO | ROS2 publishers successfully initialized.
2026-05-22 22:39:29,179 | INFO | pipeline started (press ESC to quit)
2026-05-22 22:39:30,102 | INFO | [perf frame=100] preprocess=0.0ms, perspective=0.0ms, detect=1.7ms, postprocess=0.0ms, fuse+track=0.1ms
2026-05-22 22:39:30,675 | INFO | [perf frame=200] preprocess=0.0ms, perspective=0.0ms, detect=1.6ms, postprocess=0.0ms, fuse+track=0.1ms
2026-05-22 22:39:31,238 | INFO | [perf frame=300] preprocess=0.0ms, perspective=0.0ms, detect=1.5ms, postprocess=0.0ms, fuse+track=0.1ms
2026-05-22 22:39:31,829 | INFO | [perf frame=400] preprocess=0.0ms, perspective=0.0ms, detect=1.6ms, postprocess=0.0ms, fuse+track=0.1ms
2026-05-22 22:39:32,387 | INFO | [perf frame=500] preprocess=0.0ms, perspective=0.0ms, detect=1.7ms, postprocess=0.0ms, fuse+track=0.1ms
2026-05-22 22:39:32,971 | INFO | [perf frame=600] preprocess=0.0ms, perspective=0.0ms, detect=1.8ms, postprocess=0.0ms, fuse+track=0.1ms
2026-05-22 22:39:33,536 | INFO | [perf frame=700] preprocess=0.0ms, perspective=0.0ms, detect=1.7ms, postprocess=0.0ms, fuse+track=0.1ms
2026-05-22 22:39:34,109 | INFO | [perf frame=800] preprocess=0.0ms, perspective=0.0ms, detect=1.7ms, postprocess=0.0ms, fuse+track=0.1ms
2026-05-22 22:39:34,659 | INFO | [perf frame=900] preprocess=0.0ms, perspective=0.0ms, detect=1.6ms, postprocess=0.0ms, fuse+track=0.1ms
2026-05-22 22:39:35,218 | INFO | [perf frame=1000] preprocess=0.0ms, perspective=0.0ms, detect=1.7ms, postprocess=0.0ms, fuse+track=0.1ms
2026-05-22 22:39:35,791 | INFO | [perf frame=1100] preprocess=0.0ms, perspective=0.0ms, detect=1.7ms, postprocess=0.0ms, fuse+track=0.1ms
2026-05-22 22:39:36,361 | INFO | [perf frame=1200] preprocess=0.0ms, perspective=0.0ms, detect=1.7ms, postprocess=0.0ms, fuse+track=0.1ms
2026-05-22 22:39:36,921 | INFO | [perf frame=1300] preprocess=0.0ms, perspective=0.0ms, detect=1.6ms, postprocess=0.0ms, fuse+track=0.1ms
2026-05-22 22:39:37,507 | INFO | [perf frame=1400] preprocess=0.0ms, perspective=0.0ms, detect=1.7ms, postprocess=0.0ms, fuse+track=0.1ms
2026-05-22 22:39:38,061 | INFO | [perf frame=1500] preprocess=0.0ms, perspective=0.0ms, detect=1.7ms, postprocess=0.0ms, fuse+track=0.1ms
2026-05-22 22:39:38,632 | INFO | [perf frame=1600] preprocess=0.0ms, perspective=0.0ms, detect=1.7ms, postprocess=0.0ms, fuse+track=0.1ms
2026-05-22 22:39:39,215 | INFO | [perf frame=1700] preprocess=0.0ms, perspective=0.0ms, detect=1.7ms, postprocess=0.0ms, fuse+track=0.1ms
2026-05-22 22:39:39,773 | INFO | [perf frame=1800] preprocess=0.0ms, perspective=0.0ms, detect=1.6ms, postprocess=0.0ms, fuse+track=0.1ms
2026-05-22 22:39:40,344 | INFO | [perf frame=1900] preprocess=0.0ms, perspective=0.0ms, detect=1.7ms, postprocess=0.0ms, fuse+track=0.1ms
2026-05-22 22:39:40,901 | INFO | [perf frame=2000] preprocess=0.0ms, perspective=0.0ms, detect=1.6ms, postprocess=0.0ms, fuse+track=0.1ms
2026-05-22 22:39:41,491 | INFO | [perf frame=2100] preprocess=0.0ms, perspective=0.0ms, detect=1.8ms, postprocess=0.0ms, fuse+track=0.1ms
2026-05-22 22:39:42,056 | INFO | [perf frame=2200] preprocess=0.0ms, perspective=0.0ms, detect=1.7ms, postprocess=0.0ms, fuse+track=0.1ms
2026-05-22 22:39:42,601 | INFO | [perf frame=2300] preprocess=0.0ms, perspective=0.0ms, detect=1.7ms, postprocess=0.0ms, fuse+track=0.0ms
2026-05-22 22:39:43,144 | INFO | [perf frame=2400] preprocess=0.0ms, perspective=0.0ms, detect=1.7ms, postprocess=0.0ms, fuse+track=0.0ms
2026-05-22 22:39:43,708 | INFO | [perf frame=2500] preprocess=0.0ms, perspective=0.0ms, detect=1.8ms, postprocess=0.0ms, fuse+track=0.1ms
2026-05-22 22:39:44,265 | INFO | [perf frame=2600] preprocess=0.0ms, perspective=0.0ms, detect=1.8ms, postprocess=0.0ms, fuse+track=0.0ms
2026-05-22 22:39:44,807 | INFO | [perf frame=2700] preprocess=0.0ms, perspective=0.0ms, detect=1.7ms, postprocess=0.0ms, fuse+track=0.0ms
2026-05-22 22:39:45,350 | INFO | [perf frame=2800] preprocess=0.0ms, perspective=0.0ms, detect=1.6ms, postprocess=0.0ms, fuse+track=0.0ms
2026-05-22 22:39:45,898 | INFO | [perf frame=2900] preprocess=0.0ms, perspective=0.0ms, detect=1.7ms, postprocess=0.0ms, fuse+track=0.1ms
2026-05-22 22:39:46,448 | INFO | [perf frame=3000] preprocess=0.0ms, perspective=0.0ms, detect=1.7ms, postprocess=0.0ms, fuse+track=0.0ms
2026-05-22 22:39:46,990 | INFO | [perf frame=3100] preprocess=0.0ms, perspective=0.0ms, detect=1.7ms, postprocess=0.0ms, fuse+track=0.0ms
2026-05-22 22:39:47,538 | INFO | [perf frame=3200] preprocess=0.0ms, perspective=0.0ms, detect=1.8ms, postprocess=0.0ms, fuse+track=0.1ms
2026-05-22 22:39:48,096 | INFO | [perf frame=3300] preprocess=0.0ms, perspective=0.0ms, detect=1.7ms, postprocess=0.0ms, fuse+track=0.1ms
2026-05-22 22:39:48,656 | INFO | [perf frame=3400] preprocess=0.0ms, perspective=0.0ms, detect=1.7ms, postprocess=0.0ms, fuse+track=0.1ms
2026-05-22 22:39:49,204 | INFO | [perf frame=3500] preprocess=0.0ms, perspective=0.0ms, detect=1.6ms, postprocess=0.0ms, fuse+track=0.1ms
2026-05-22 22:39:49,768 | INFO | [perf frame=3600] preprocess=0.0ms, perspective=0.0ms, detect=1.6ms, postprocess=0.0ms, fuse+track=0.1ms
2026-05-22 22:39:50,331 | INFO | [perf frame=3700] preprocess=0.0ms, perspective=0.0ms, detect=1.6ms, postprocess=0.0ms, fuse+track=0.1ms
2026-05-22 22:39:50,881 | INFO | [perf frame=3800] preprocess=0.0ms, perspective=0.0ms, detect=1.6ms, postprocess=0.0ms, fuse+track=0.1ms
2026-05-22 22:39:51,465 | INFO | [perf frame=3900] preprocess=0.0ms, perspective=0.0ms, detect=1.6ms, postprocess=0.0ms, fuse+track=0.1ms
2026-05-22 22:39:52,019 | INFO | [perf frame=4000] preprocess=0.0ms, perspective=0.0ms, detect=1.6ms, postprocess=0.0ms, fuse+track=0.1ms
2026-05-22 22:39:52,569 | INFO | [perf frame=4100] preprocess=0.0ms, perspective=0.0ms, detect=1.5ms, postprocess=0.0ms, fuse+track=0.1ms
2026-05-22 22:39:53,130 | INFO | [perf frame=4200] preprocess=0.0ms, perspective=0.0ms, detect=1.7ms, postprocess=0.0ms, fuse+track=0.1ms
2026-05-22 22:39:53,687 | INFO | [perf frame=4300] preprocess=0.0ms, perspective=0.0ms, detect=1.6ms, postprocess=0.0ms, fuse+track=0.1ms
2026-05-22 22:39:54,252 | INFO | [perf frame=4400] preprocess=0.0ms, perspective=0.0ms, detect=1.6ms, postprocess=0.0ms, fuse+track=0.1ms
2026-05-22 22:39:54,816 | INFO | [perf frame=4500] preprocess=0.0ms, perspective=0.0ms, detect=1.7ms, postprocess=0.0ms, fuse+track=0.1ms
2026-05-22 22:39:55,390 | INFO | [perf frame=4600] preprocess=0.0ms, perspective=0.0ms, detect=1.7ms, postprocess=0.0ms, fuse+track=0.1ms
2026-05-22 22:39:55,942 | INFO | [perf frame=4700] preprocess=0.0ms, perspective=0.0ms, detect=1.6ms, postprocess=0.0ms, fuse+track=0.1ms
2026-05-22 22:39:56,510 | INFO | [perf frame=4800] preprocess=0.0ms, perspective=0.0ms, detect=1.7ms, postprocess=0.0ms, fuse+track=0.1ms
2026-05-22 22:39:57,079 | INFO | [perf frame=4900] preprocess=0.0ms, perspective=0.0ms, detect=1.7ms, postprocess=0.0ms, fuse+track=0.1ms
2026-05-22 22:39:57,652 | INFO | [perf frame=5000] preprocess=0.0ms, perspective=0.0ms, detect=1.7ms, postprocess=0.0ms, fuse+track=0.1ms
2026-05-22 22:39:58,233 | INFO | [perf frame=5100] preprocess=0.0ms, perspective=0.0ms, detect=1.7ms, postprocess=0.0ms, fuse+track=0.1ms
2026-05-22 22:39:58,794 | INFO | [perf frame=5200] preprocess=0.0ms, perspective=0.0ms, detect=1.7ms, postprocess=0.0ms, fuse+track=0.1ms
2026-05-22 22:39:59,361 | INFO | [perf frame=5300] preprocess=0.0ms, perspective=0.0ms, detect=1.7ms, postprocess=0.0ms, fuse+track=0.1ms
2026-05-22 22:39:59,949 | INFO | [perf frame=5400] preprocess=0.0ms, perspective=0.0ms, detect=1.8ms, postprocess=0.0ms, fuse+track=0.1ms
2026-05-22 22:40:00,533 | INFO | [perf frame=5500] preprocess=0.0ms, perspective=0.0ms, detect=1.6ms, postprocess=0.0ms, fuse+track=0.1ms
2026-05-22 22:40:01,092 | INFO | [perf frame=5600] preprocess=0.0ms, perspective=0.0ms, detect=1.6ms, postprocess=0.0ms, fuse+track=0.1ms
2026-05-22 22:40:01,655 | INFO | [perf frame=5700] preprocess=0.0ms, perspective=0.0ms, detect=1.6ms, postprocess=0.0ms, fuse+track=0.1ms
2026-05-22 22:40:02,214 | INFO | [perf frame=5800] preprocess=0.0ms, perspective=0.0ms, detect=1.6ms, postprocess=0.0ms, fuse+track=0.1ms
2026-05-22 22:40:02,769 | INFO | [perf frame=5900] preprocess=0.0ms, perspective=0.0ms, detect=1.6ms, postprocess=0.0ms, fuse+track=0.1ms
2026-05-22 22:40:03,308 | INFO | [perf frame=6000] preprocess=0.0ms, perspective=0.0ms, detect=1.7ms, postprocess=0.0ms, fuse+track=0.0ms
2026-05-22 22:40:03,854 | INFO | [perf frame=6100] preprocess=0.0ms, perspective=0.0ms, detect=1.7ms, postprocess=0.0ms, fuse+track=0.1ms
2026-05-22 22:40:04,418 | INFO | [perf frame=6200] preprocess=0.0ms, perspective=0.0ms, detect=1.7ms, postprocess=0.0ms, fuse+track=0.1ms
2026-05-22 22:40:04,977 | INFO | [perf frame=6300] preprocess=0.0ms, perspective=0.0ms, detect=1.6ms, postprocess=0.0ms, fuse+track=0.1ms
2026-05-22 22:40:05,528 | INFO | [perf frame=6400] preprocess=0.0ms, perspective=0.0ms, detect=1.6ms, postprocess=0.0ms, fuse+track=0.1ms
2026-05-22 22:40:06,089 | INFO | [perf frame=6500] preprocess=0.0ms, perspective=0.0ms, detect=1.6ms, postprocess=0.0ms, fuse+track=0.1ms
2026-05-22 22:40:06,654 | INFO | [perf frame=6600] preprocess=0.0ms, perspective=0.0ms, detect=1.6ms, postprocess=0.0ms, fuse+track=0.1ms
2026-05-22 22:40:07,220 | INFO | [perf frame=6700] preprocess=0.0ms, perspective=0.0ms, detect=1.7ms, postprocess=0.0ms, fuse+track=0.1ms
2026-05-22 22:40:07,777 | INFO | [perf frame=6800] preprocess=0.0ms, perspective=0.0ms, detect=1.6ms, postprocess=0.0ms, fuse+track=0.1ms
2026-05-22 22:40:08,342 | INFO | [perf frame=6900] preprocess=0.0ms, perspective=0.0ms, detect=1.7ms, postprocess=0.0ms, fuse+track=0.1ms
2026-05-22 22:40:08,900 | INFO | [perf frame=7000] preprocess=0.0ms, perspective=0.0ms, detect=1.6ms, postprocess=0.0ms, fuse+track=0.1ms
2026-05-22 22:40:09,489 | INFO | [perf frame=7100] preprocess=0.0ms, perspective=0.0ms, detect=1.7ms, postprocess=0.0ms, fuse+track=0.1ms
2026-05-22 22:40:10,047 | INFO | [perf frame=7200] preprocess=0.0ms, perspective=0.0ms, detect=1.6ms, postprocess=0.0ms, fuse+track=0.1ms
2026-05-22 22:40:10,623 | INFO | [perf frame=7300] preprocess=0.0ms, perspective=0.0ms, detect=1.7ms, postprocess=0.0ms, fuse+track=0.1ms
2026-05-22 22:40:11,154 | INFO | [perf frame=7400] preprocess=0.0ms, perspective=0.0ms, detect=1.7ms, postprocess=0.0ms, fuse+track=0.0ms
2026-05-22 22:40:11,698 | INFO | [perf frame=7500] preprocess=0.0ms, perspective=0.0ms, detect=1.7ms, postprocess=0.0ms, fuse+track=0.0ms
2026-05-22 22:40:12,241 | INFO | [perf frame=7600] preprocess=0.0ms, perspective=0.0ms, detect=1.7ms, postprocess=0.0ms, fuse+track=0.0ms
2026-05-22 22:40:12,775 | INFO | [perf frame=7700] preprocess=0.0ms, perspective=0.0ms, detect=1.7ms, postprocess=0.0ms, fuse+track=0.1ms
2026-05-22 22:40:13,331 | INFO | [perf frame=7800] preprocess=0.0ms, perspective=0.0ms, detect=1.8ms, postprocess=0.0ms, fuse+track=0.0ms
2026-05-22 22:40:13,868 | INFO | [perf frame=7900] preprocess=0.0ms, perspective=0.0ms, detect=1.7ms, postprocess=0.0ms, fuse+track=0.0ms
2026-05-22 22:40:14,403 | INFO | [perf frame=8000] preprocess=0.0ms, perspective=0.0ms, detect=1.7ms, postprocess=0.0ms, fuse+track=0.0ms
2026-05-22 22:40:14,956 | INFO | [perf frame=8100] preprocess=0.0ms, perspective=0.0ms, detect=1.7ms, postprocess=0.0ms, fuse+track=0.0ms
2026-05-22 22:40:15,497 | INFO | [perf frame=8200] preprocess=0.0ms, perspective=0.0ms, detect=1.7ms, postprocess=0.0ms, fuse+track=0.0ms
2026-05-22 22:40:16,038 | INFO | [perf frame=8300] preprocess=0.0ms, perspective=0.0ms, detect=1.7ms, postprocess=0.0ms, fuse+track=0.0ms
2026-05-22 22:40:16,588 | INFO | [perf frame=8400] preprocess=0.0ms, perspective=0.0ms, detect=1.7ms, postprocess=0.0ms, fuse+track=0.1ms
2026-05-22 22:40:17,114 | INFO | [perf frame=8500] preprocess=0.0ms, perspective=0.0ms, detect=1.7ms, postprocess=0.0ms, fuse+track=0.0ms
2026-05-22 22:40:17,658 | INFO | [perf frame=8600] preprocess=0.0ms, perspective=0.0ms, detect=1.7ms, postprocess=0.0ms, fuse+track=0.0ms
2026-05-22 22:40:18,205 | INFO | [perf frame=8700] preprocess=0.0ms, perspective=0.0ms, detect=1.7ms, postprocess=0.0ms, fuse+track=0.0ms
2026-05-22 22:40:18,752 | INFO | [perf frame=8800] preprocess=0.0ms, perspective=0.0ms, detect=1.8ms, postprocess=0.0ms, fuse+track=0.0ms
2026-05-22 22:40:19,279 | INFO | [perf frame=8900] preprocess=0.0ms, perspective=0.0ms, detect=1.7ms, postprocess=0.0ms, fuse+track=0.0ms
2026-05-22 22:40:19,822 | INFO | [perf frame=9000] preprocess=0.0ms, perspective=0.0ms, detect=1.7ms, postprocess=0.0ms, fuse+track=0.1ms
2026-05-22 22:40:20,351 | INFO | [perf frame=9100] preprocess=0.0ms, perspective=0.0ms, detect=1.6ms, postprocess=0.0ms, fuse+track=0.1ms
2026-05-22 22:40:20,878 | INFO | [perf frame=9200] preprocess=0.0ms, perspective=0.0ms, detect=1.7ms, postprocess=0.0ms, fuse+track=0.0ms
2026-05-22 22:40:21,414 | INFO | [perf frame=9300] preprocess=0.0ms, perspective=0.0ms, detect=1.6ms, postprocess=0.0ms, fuse+track=0.1ms
2026-05-22 22:40:21,957 | INFO | [perf frame=9400] preprocess=0.0ms, perspective=0.0ms, detect=1.7ms, postprocess=0.0ms, fuse+track=0.1ms
2026-05-22 22:40:22,485 | INFO | [perf frame=9500] preprocess=0.0ms, perspective=0.0ms, detect=1.6ms, postprocess=0.0ms, fuse+track=0.0ms
2026-05-22 22:40:23,044 | INFO | [perf frame=9600] preprocess=0.0ms, perspective=0.0ms, detect=1.8ms, postprocess=0.0ms, fuse+track=0.1ms
2026-05-22 22:40:23,597 | INFO | [perf frame=9700] preprocess=0.0ms, perspective=0.0ms, detect=1.7ms, postprocess=0.0ms, fuse+track=0.1ms
2026-05-22 22:40:24,143 | INFO | [perf frame=9800] preprocess=0.0ms, perspective=0.0ms, detect=1.7ms, postprocess=0.0ms, fuse+track=0.1ms
2026-05-22 22:40:24,701 | INFO | [perf frame=9900] preprocess=0.0ms, perspective=0.0ms, detect=1.7ms, postprocess=0.0ms, fuse+track=0.1ms
2026-05-22 22:40:25,252 | INFO | [perf frame=10000] preprocess=0.0ms, perspective=0.0ms, detect=1.7ms, postprocess=0.0ms, fuse+track=0.1ms
2026-05-22 22:40:25,830 | INFO | [perf frame=10100] preprocess=0.0ms, perspective=0.0ms, detect=1.8ms, postprocess=0.0ms, fuse+track=0.1ms
2026-05-22 22:40:26,385 | INFO | [perf frame=10200] preprocess=0.0ms, perspective=0.0ms, detect=1.7ms, postprocess=0.0ms, fuse+track=0.1ms
2026-05-22 22:40:26,948 | INFO | [perf frame=10300] preprocess=0.0ms, perspective=0.0ms, detect=1.8ms, postprocess=0.0ms, fuse+track=0.1ms
2026-05-22 22:40:27,501 | INFO | [perf frame=10400] preprocess=0.0ms, perspective=0.0ms, detect=1.7ms, postprocess=0.0ms, fuse+track=0.1ms
2026-05-22 22:40:28,051 | INFO | [perf frame=10500] preprocess=0.0ms, perspective=0.0ms, detect=1.6ms, postprocess=0.0ms, fuse+track=0.1ms
2026-05-22 22:40:28,626 | INFO | [perf frame=10600] preprocess=0.0ms, perspective=0.0ms, detect=1.8ms, postprocess=0.0ms, fuse+track=0.1ms
2026-05-22 22:40:29,244 | INFO | [perf frame=10700] preprocess=0.0ms, perspective=0.0ms, detect=1.8ms, postprocess=0.0ms, fuse+track=0.1ms
2026-05-22 22:40:29,800 | INFO | [perf frame=10800] preprocess=0.0ms, perspective=0.0ms, detect=1.8ms, postprocess=0.0ms, fuse+track=0.1ms
2026-05-22 22:40:30,359 | INFO | [perf frame=10900] preprocess=0.0ms, perspective=0.0ms, detect=1.7ms, postprocess=0.0ms, fuse+track=0.1ms
2026-05-22 22:40:30,926 | INFO | [perf frame=11000] preprocess=0.0ms, perspective=0.0ms, detect=1.8ms, postprocess=0.0ms, fuse+track=0.1ms
2026-05-22 22:40:31,504 | INFO | [perf frame=11100] preprocess=0.0ms, perspective=0.0ms, detect=1.6ms, postprocess=0.0ms, fuse+track=0.0ms
2026-05-22 22:40:32,102 | INFO | [perf frame=11200] preprocess=0.0ms, perspective=0.0ms, detect=1.7ms, postprocess=0.0ms, fuse+track=0.1ms
2026-05-22 22:40:32,662 | INFO | [perf frame=11300] preprocess=0.0ms, perspective=0.0ms, detect=1.7ms, postprocess=0.0ms, fuse+track=0.0ms
2026-05-22 22:40:33,201 | INFO | [perf frame=11400] preprocess=0.0ms, perspective=0.0ms, detect=1.7ms, postprocess=0.0ms, fuse+track=0.1ms
2026-05-22 22:40:33,759 | INFO | [perf frame=11500] preprocess=0.0ms, perspective=0.0ms, detect=1.8ms, postprocess=0.0ms, fuse+track=0.1ms
2026-05-22 22:40:34,293 | INFO | [perf frame=11600] preprocess=0.0ms, perspective=0.0ms, detect=1.6ms, postprocess=0.0ms, fuse+track=0.0ms
2026-05-22 22:40:34,846 | INFO | [perf frame=11700] preprocess=0.0ms, perspective=0.0ms, detect=1.7ms, postprocess=0.0ms, fuse+track=0.1ms
2026-05-22 22:40:35,422 | INFO | [perf frame=11800] preprocess=0.0ms, perspective=0.0ms, detect=1.7ms, postprocess=0.0ms, fuse+track=0.1ms
2026-05-22 22:40:36,000 | INFO | [perf frame=11900] preprocess=0.0ms, perspective=0.0ms, detect=1.8ms, postprocess=0.0ms, fuse+track=0.1ms
2026-05-22 22:40:36,632 | INFO | [perf frame=12000] preprocess=0.0ms, perspective=0.0ms, detect=1.8ms, postprocess=0.0ms, fuse+track=0.1ms
2026-05-22 22:40:37,224 | INFO | [perf frame=12100] preprocess=0.0ms, perspective=0.0ms, detect=1.7ms, postprocess=0.0ms, fuse+track=0.1ms
2026-05-22 22:40:37,777 | INFO | [perf frame=12200] preprocess=0.0ms, perspective=0.0ms, detect=1.7ms, postprocess=0.0ms, fuse+track=0.1ms
2026-05-22 22:40:38,333 | INFO | [perf frame=12300] preprocess=0.0ms, perspective=0.0ms, detect=1.8ms, postprocess=0.0ms, fuse+track=0.0ms
2026-05-22 22:40:38,896 | INFO | [perf frame=12400] preprocess=0.0ms, perspective=0.0ms, detect=1.7ms, postprocess=0.0ms, fuse+track=0.1ms
2026-05-22 22:40:39,470 | INFO | [perf frame=12500] preprocess=0.0ms, perspective=0.0ms, detect=1.7ms, postprocess=0.0ms, fuse+track=0.1ms
2026-05-22 22:40:40,039 | INFO | [perf frame=12600] preprocess=0.0ms, perspective=0.0ms, detect=1.7ms, postprocess=0.0ms, fuse+track=0.1ms
2026-05-22 22:40:40,649 | INFO | [perf frame=12700] preprocess=0.0ms, perspective=0.0ms, detect=1.7ms, postprocess=0.0ms, fuse+track=0.1ms
2026-05-22 22:40:41,273 | INFO | [perf frame=12800] preprocess=0.0ms, perspective=0.0ms, detect=1.9ms, postprocess=0.0ms, fuse+track=0.1ms
2026-05-22 22:40:41,957 | INFO | [perf frame=12900] preprocess=0.0ms, perspective=0.0ms, detect=1.9ms, postprocess=0.0ms, fuse+track=0.1ms
2026-05-22 22:40:42,601 | INFO | [perf frame=13000] preprocess=0.0ms, perspective=0.0ms, detect=1.9ms, postprocess=0.0ms, fuse+track=0.1ms
2026-05-22 22:40:43,249 | INFO | [perf frame=13100] preprocess=0.0ms, perspective=0.0ms, detect=1.9ms, postprocess=0.0ms, fuse+track=0.1ms
2026-05-22 22:40:43,880 | INFO | [perf frame=13200] preprocess=0.0ms, perspective=0.0ms, detect=2.0ms, postprocess=0.0ms, fuse+track=0.1ms
2026-05-22 22:40:44,500 | INFO | [perf frame=13300] preprocess=0.0ms, perspective=0.0ms, detect=1.9ms, postprocess=0.0ms, fuse+track=0.1ms
2026-05-22 22:40:45,125 | INFO | [perf frame=13400] preprocess=0.0ms, perspective=0.0ms, detect=1.9ms, postprocess=0.0ms, fuse+track=0.1ms
2026-05-22 22:40:45,733 | INFO | [perf frame=13500] preprocess=0.0ms, perspective=0.0ms, detect=1.8ms, postprocess=0.0ms, fuse+track=0.1ms
2026-05-22 22:40:46,384 | INFO | [perf frame=13600] preprocess=0.0ms, perspective=0.0ms, detect=1.9ms, postprocess=0.0ms, fuse+track=0.1ms
2026-05-22 22:40:47,106 | INFO | [perf frame=13700] preprocess=0.0ms, perspective=0.0ms, detect=1.9ms, postprocess=0.0ms, fuse+track=0.1ms
2026-05-22 22:40:47,775 | INFO | [perf frame=13800] preprocess=0.0ms, perspective=0.0ms, detect=1.9ms, postprocess=0.0ms, fuse+track=0.1ms
2026-05-22 22:40:48,497 | INFO | [perf frame=13900] preprocess=0.0ms, perspective=0.0ms, detect=1.9ms, postprocess=0.0ms, fuse+track=0.1ms
2026-05-22 22:40:49,222 | INFO | [perf frame=14000] preprocess=0.0ms, perspective=0.0ms, detect=1.9ms, postprocess=0.0ms, fuse+track=0.1ms
2026-05-22 22:40:49,919 | INFO | [perf frame=14100] preprocess=0.0ms, perspective=0.0ms, detect=1.8ms, postprocess=0.0ms, fuse+track=0.1ms
2026-05-22 22:40:50,550 | INFO | [perf frame=14200] preprocess=0.0ms, perspective=0.0ms, detect=1.8ms, postprocess=0.0ms, fuse+track=0.1ms
2026-05-22 22:40:51,181 | INFO | [perf frame=14300] preprocess=0.0ms, perspective=0.0ms, detect=1.8ms, postprocess=0.0ms, fuse+track=0.1ms
2026-05-22 22:40:51,793 | INFO | [perf frame=14400] preprocess=0.0ms, perspective=0.0ms, detect=1.8ms, postprocess=0.0ms, fuse+track=0.1ms
2026-05-22 22:40:52,424 | INFO | [perf frame=14500] preprocess=0.0ms, perspective=0.0ms, detect=1.9ms, postprocess=0.0ms, fuse+track=0.1ms
2026-05-22 22:40:53,055 | INFO | [perf frame=14600] preprocess=0.0ms, perspective=0.0ms, detect=1.9ms, postprocess=0.0ms, fuse+track=0.1ms
2026-05-22 22:40:53,701 | INFO | [perf frame=14700] preprocess=0.0ms, perspective=0.0ms, detect=1.8ms, postprocess=0.0ms, fuse+track=0.1ms
2026-05-22 22:40:54,319 | INFO | [perf frame=14800] preprocess=0.0ms, perspective=0.0ms, detect=1.9ms, postprocess=0.0ms, fuse+track=0.1ms
2026-05-22 22:40:54,906 | INFO | [perf frame=14900] preprocess=0.0ms, perspective=0.0ms, detect=1.7ms, postprocess=0.0ms, fuse+track=0.1ms
2026-05-22 22:40:55,504 | INFO | [perf frame=15000] preprocess=0.0ms, perspective=0.0ms, detect=1.8ms, postprocess=0.0ms, fuse+track=0.1ms
2026-05-22 22:40:56,110 | INFO | [perf frame=15100] preprocess=0.0ms, perspective=0.0ms, detect=1.8ms, postprocess=0.0ms, fuse+track=0.1ms
2026-05-22 22:40:56,735 | INFO | [perf frame=15200] preprocess=0.0ms, perspective=0.0ms, detect=1.9ms, postprocess=0.0ms, fuse+track=0.1ms
2026-05-22 22:40:57,354 | INFO | [perf frame=15300] preprocess=0.0ms, perspective=0.0ms, detect=1.9ms, postprocess=0.0ms, fuse+track=0.1ms
2026-05-22 22:40:57,965 | INFO | [perf frame=15400] preprocess=0.0ms, perspective=0.0ms, detect=1.9ms, postprocess=0.0ms, fuse+track=0.1ms
2026-05-22 22:40:58,553 | INFO | [perf frame=15500] preprocess=0.0ms, perspective=0.0ms, detect=1.7ms, postprocess=0.0ms, fuse+track=0.1ms
2026-05-22 22:40:59,170 | INFO | [perf frame=15600] preprocess=0.0ms, perspective=0.0ms, detect=1.9ms, postprocess=0.0ms, fuse+track=0.1ms
2026-05-22 22:40:59,795 | INFO | [perf frame=15700] preprocess=0.0ms, perspective=0.0ms, detect=1.8ms, postprocess=0.0ms, fuse+track=0.1ms
2026-05-22 22:41:00,424 | INFO | [perf frame=15800] preprocess=0.0ms, perspective=0.0ms, detect=1.8ms, postprocess=0.0ms, fuse+track=0.1ms
2026-05-22 22:41:01,017 | INFO | [perf frame=15900] preprocess=0.0ms, perspective=0.0ms, detect=1.7ms, postprocess=0.0ms, fuse+track=0.1ms
2026-05-22 22:41:01,651 | INFO | [perf frame=16000] preprocess=0.0ms, perspective=0.0ms, detect=1.8ms, postprocess=0.0ms, fuse+track=0.1ms
2026-05-22 22:41:02,260 | INFO | [perf frame=16100] preprocess=0.0ms, perspective=0.0ms, detect=1.8ms, postprocess=0.0ms, fuse+track=0.1ms
2026-05-22 22:41:02,857 | INFO | [perf frame=16200] preprocess=0.0ms, perspective=0.0ms, detect=1.8ms, postprocess=0.0ms, fuse+track=0.1ms
2026-05-22 22:41:03,451 | INFO | [perf frame=16300] preprocess=0.0ms, perspective=0.0ms, detect=1.8ms, postprocess=0.0ms, fuse+track=0.1ms
2026-05-22 22:41:04,105 | INFO | [perf frame=16400] preprocess=0.0ms, perspective=0.0ms, detect=1.9ms, postprocess=0.0ms, fuse+track=0.1ms
2026-05-22 22:41:04,702 | INFO | [perf frame=16500] preprocess=0.0ms, perspective=0.0ms, detect=1.8ms, postprocess=0.0ms, fuse+track=0.1ms
2026-05-22 22:41:05,317 | INFO | [perf frame=16600] preprocess=0.0ms, perspective=0.0ms, detect=1.8ms, postprocess=0.0ms, fuse+track=0.1ms
2026-05-22 22:41:05,953 | INFO | [perf frame=16700] preprocess=0.0ms, perspective=0.0ms, detect=1.9ms, postprocess=0.0ms, fuse+track=0.1ms
2026-05-22 22:41:06,560 | INFO | [perf frame=16800] preprocess=0.0ms, perspective=0.0ms, detect=1.8ms, postprocess=0.0ms, fuse+track=0.1ms
2026-05-22 22:41:07,175 | INFO | [perf frame=16900] preprocess=0.0ms, perspective=0.0ms, detect=1.9ms, postprocess=0.0ms, fuse+track=0.1ms
2026-05-22 22:41:07,792 | INFO | [perf frame=17000] preprocess=0.0ms, perspective=0.0ms, detect=1.8ms, postprocess=0.0ms, fuse+track=0.1ms
2026-05-22 22:41:08,416 | INFO | [perf frame=17100] preprocess=0.0ms, perspective=0.0ms, detect=1.9ms, postprocess=0.0ms, fuse+track=0.1ms
2026-05-22 22:41:09,042 | INFO | [perf frame=17200] preprocess=0.0ms, perspective=0.0ms, detect=1.9ms, postprocess=0.0ms, fuse+track=0.1ms
2026-05-22 22:41:09,642 | INFO | [perf frame=17300] preprocess=0.0ms, perspective=0.0ms, detect=1.7ms, postprocess=0.0ms, fuse+track=0.1ms
2026-05-22 22:41:10,270 | INFO | [perf frame=17400] preprocess=0.0ms, perspective=0.0ms, detect=1.9ms, postprocess=0.0ms, fuse+track=0.1ms
2026-05-22 22:41:10,883 | INFO | [perf frame=17500] preprocess=0.0ms, perspective=0.0ms, detect=1.8ms, postprocess=0.0ms, fuse+track=0.1ms
2026-05-22 22:41:11,504 | INFO | [perf frame=17600] preprocess=0.0ms, perspective=0.0ms, detect=1.8ms, postprocess=0.0ms, fuse+track=0.1ms
2026-05-22 22:41:12,104 | INFO | [perf frame=17700] preprocess=0.0ms, perspective=0.0ms, detect=1.8ms, postprocess=0.0ms, fuse+track=0.1ms
2026-05-22 22:41:12,717 | INFO | [perf frame=17800] preprocess=0.0ms, perspective=0.0ms, detect=1.8ms, postprocess=0.0ms, fuse+track=0.1ms
2026-05-22 22:41:13,324 | INFO | [perf frame=17900] preprocess=0.0ms, perspective=0.0ms, detect=1.7ms, postprocess=0.0ms, fuse+track=0.1ms
2026-05-22 22:41:13,923 | INFO | [perf frame=18000] preprocess=0.0ms, perspective=0.0ms, detect=1.8ms, postprocess=0.0ms, fuse+track=0.1ms
2026-05-22 22:41:14,546 | INFO | [perf frame=18100] preprocess=0.0ms, perspective=0.0ms, detect=1.9ms, postprocess=0.0ms, fuse+track=0.1ms
2026-05-22 22:41:15,176 | INFO | [perf frame=18200] preprocess=0.0ms, perspective=0.0ms, detect=2.0ms, postprocess=0.0ms, fuse+track=0.1ms
2026-05-22 22:41:15,809 | INFO | [perf frame=18300] preprocess=0.0ms, perspective=0.0ms, detect=1.9ms, postprocess=0.0ms, fuse+track=0.1ms
2026-05-22 22:41:16,457 | INFO | [perf frame=18400] preprocess=0.0ms, perspective=0.0ms, detect=1.9ms, postprocess=0.0ms, fuse+track=0.1ms
2026-05-22 22:41:17,081 | INFO | [perf frame=18500] preprocess=0.0ms, perspective=0.0ms, detect=1.9ms, postprocess=0.0ms, fuse+track=0.1ms
2026-05-22 22:41:17,684 | INFO | [perf frame=18600] preprocess=0.0ms, perspective=0.0ms, detect=1.8ms, postprocess=0.0ms, fuse+track=0.1ms
2026-05-22 22:41:18,302 | INFO | [perf frame=18700] preprocess=0.0ms, perspective=0.0ms, detect=1.8ms, postprocess=0.0ms, fuse+track=0.1ms
2026-05-22 22:41:18,919 | INFO | [perf frame=18800] preprocess=0.0ms, perspective=0.0ms, detect=1.9ms, postprocess=0.0ms, fuse+track=0.1ms
2026-05-22 22:41:19,557 | INFO | [perf frame=18900] preprocess=0.0ms, perspective=0.0ms, detect=1.9ms, postprocess=0.0ms, fuse+track=0.1ms
2026-05-22 22:41:20,176 | INFO | [perf frame=19000] preprocess=0.0ms, perspective=0.0ms, detect=1.9ms, postprocess=0.0ms, fuse+track=0.1ms
2026-05-22 22:41:20,783 | INFO | [perf frame=19100] preprocess=0.0ms, perspective=0.0ms, detect=1.8ms, postprocess=0.0ms, fuse+track=0.1ms
2026-05-22 22:41:21,429 | INFO | [perf frame=19200] preprocess=0.0ms, perspective=0.0ms, detect=1.8ms, postprocess=0.0ms, fuse+track=0.1ms
2026-05-22 22:41:22,092 | INFO | [perf frame=19300] preprocess=0.0ms, perspective=0.0ms, detect=2.0ms, postprocess=0.0ms, fuse+track=0.1ms
2026-05-22 22:41:22,710 | INFO | [perf frame=19400] preprocess=0.0ms, perspective=0.0ms, detect=1.9ms, postprocess=0.0ms, fuse+track=0.1ms
2026-05-22 22:41:23,328 | INFO | [perf frame=19500] preprocess=0.0ms, perspective=0.0ms, detect=1.9ms, postprocess=0.0ms, fuse+track=0.1ms
2026-05-22 22:41:23,928 | INFO | [perf frame=19600] preprocess=0.0ms, perspective=0.0ms, detect=1.8ms, postprocess=0.0ms, fuse+track=0.1ms
2026-05-22 22:41:24,544 | INFO | [perf frame=19700] preprocess=0.0ms, perspective=0.0ms, detect=1.8ms, postprocess=0.0ms, fuse+track=0.1ms
2026-05-22 22:41:25,133 | INFO | [perf frame=19800] preprocess=0.0ms, perspective=0.0ms, detect=1.9ms, postprocess=0.0ms, fuse+track=0.1ms
2026-05-22 22:41:25,716 | INFO | [perf frame=19900] preprocess=0.0ms, perspective=0.0ms, detect=1.9ms, postprocess=0.0ms, fuse+track=0.1ms
2026-05-22 22:41:26,295 | INFO | [perf frame=20000] preprocess=0.0ms, perspective=0.0ms, detect=1.8ms, postprocess=0.0ms, fuse+track=0.1ms
2026-05-22 22:41:26,884 | INFO | [perf frame=20100] preprocess=0.0ms, perspective=0.0ms, detect=1.9ms, postprocess=0.0ms, fuse+track=0.1ms
2026-05-22 22:41:27,487 | INFO | [perf frame=20200] preprocess=0.0ms, perspective=0.0ms, detect=2.0ms, postprocess=0.0ms, fuse+track=0.1ms
2026-05-22 22:41:28,070 | INFO | [perf frame=20300] preprocess=0.0ms, perspective=0.0ms, detect=1.8ms, postprocess=0.0ms, fuse+track=0.0ms
2026-05-22 22:41:28,667 | INFO | [perf frame=20400] preprocess=0.0ms, perspective=0.0ms, detect=1.8ms, postprocess=0.0ms, fuse+track=0.1ms
2026-05-22 22:41:29,257 | INFO | [perf frame=20500] preprocess=0.0ms, perspective=0.0ms, detect=1.9ms, postprocess=0.0ms, fuse+track=0.1ms
2026-05-22 22:41:29,896 | INFO | [perf frame=20600] preprocess=0.0ms, perspective=0.0ms, detect=1.8ms, postprocess=0.0ms, fuse+track=0.1ms
2026-05-22 22:41:30,509 | INFO | [perf frame=20700] preprocess=0.0ms, perspective=0.0ms, detect=1.9ms, postprocess=0.0ms, fuse+track=0.1ms
2026-05-22 22:41:31,144 | INFO | [perf frame=20800] preprocess=0.0ms, perspective=0.0ms, detect=1.9ms, postprocess=0.0ms, fuse+track=0.1ms
2026-05-22 22:41:31,788 | INFO | [perf frame=20900] preprocess=0.0ms, perspective=0.0ms, detect=1.9ms, postprocess=0.0ms, fuse+track=0.1ms
2026-05-22 22:41:32,384 | INFO | [perf frame=21000] preprocess=0.0ms, perspective=0.0ms, detect=1.7ms, postprocess=0.0ms, fuse+track=0.1ms
2026-05-22 22:41:32,987 | INFO | [perf frame=21100] preprocess=0.0ms, perspective=0.0ms, detect=1.8ms, postprocess=0.0ms, fuse+track=0.1ms
2026-05-22 22:41:33,573 | INFO | [perf frame=21200] preprocess=0.0ms, perspective=0.0ms, detect=1.8ms, postprocess=0.0ms, fuse+track=0.1ms
2026-05-22 22:41:34,153 | INFO | [perf frame=21300] preprocess=0.0ms, perspective=0.0ms, detect=1.8ms, postprocess=0.0ms, fuse+track=0.1ms
2026-05-22 22:41:34,747 | INFO | [perf frame=21400] preprocess=0.0ms, perspective=0.0ms, detect=1.9ms, postprocess=0.0ms, fuse+track=0.1ms
2026-05-22 22:41:35,366 | INFO | [perf frame=21500] preprocess=0.0ms, perspective=0.0ms, detect=1.8ms, postprocess=0.0ms, fuse+track=0.1ms
2026-05-22 22:41:35,959 | INFO | [perf frame=21600] preprocess=0.0ms, perspective=0.0ms, detect=1.9ms, postprocess=0.0ms, fuse+track=0.1ms
2026-05-22 22:41:36,545 | INFO | [perf frame=21700] preprocess=0.0ms, perspective=0.0ms, detect=1.9ms, postprocess=0.0ms, fuse+track=0.1ms
2026-05-22 22:41:37,145 | INFO | [perf frame=21800] preprocess=0.0ms, perspective=0.0ms, detect=1.9ms, postprocess=0.0ms, fuse+track=0.1ms
2026-05-22 22:41:37,718 | INFO | [perf frame=21900] preprocess=0.0ms, perspective=0.0ms, detect=1.7ms, postprocess=0.0ms, fuse+track=0.0ms
2026-05-22 22:41:38,305 | INFO | [perf frame=22000] preprocess=0.0ms, perspective=0.0ms, detect=1.9ms, postprocess=0.0ms, fuse+track=0.0ms
2026-05-22 22:41:38,895 | INFO | [perf frame=22100] preprocess=0.0ms, perspective=0.0ms, detect=1.9ms, postprocess=0.0ms, fuse+track=0.0ms
2026-05-22 22:41:39,515 | INFO | [perf frame=22200] preprocess=0.0ms, perspective=0.0ms, detect=2.0ms, postprocess=0.0ms, fuse+track=0.1ms
2026-05-22 22:41:40,105 | INFO | [perf frame=22300] preprocess=0.0ms, perspective=0.0ms, detect=1.8ms, postprocess=0.0ms, fuse+track=0.1ms
2026-05-22 22:41:40,711 | INFO | [perf frame=22400] preprocess=0.0ms, perspective=0.0ms, detect=2.0ms, postprocess=0.0ms, fuse+track=0.1ms
2026-05-22 22:41:41,310 | INFO | [perf frame=22500] preprocess=0.0ms, perspective=0.0ms, detect=1.9ms, postprocess=0.0ms, fuse+track=0.1ms
2026-05-22 22:41:41,916 | INFO | [perf frame=22600] preprocess=0.0ms, perspective=0.0ms, detect=2.0ms, postprocess=0.0ms, fuse+track=0.1ms
2026-05-22 22:41:42,554 | INFO | [perf frame=22700] preprocess=0.0ms, perspective=0.0ms, detect=2.0ms, postprocess=0.0ms, fuse+track=0.1ms
2026-05-22 22:41:43,153 | INFO | [perf frame=22800] preprocess=0.0ms, perspective=0.0ms, detect=1.7ms, postprocess=0.0ms, fuse+track=0.1ms
2026-05-22 22:41:43,802 | INFO | [perf frame=22900] preprocess=0.0ms, perspective=0.0ms, detect=1.8ms, postprocess=0.0ms, fuse+track=0.1ms
2026-05-22 22:41:44,384 | INFO | [perf frame=23000] preprocess=0.0ms, perspective=0.0ms, detect=1.7ms, postprocess=0.0ms, fuse+track=0.1ms
2026-05-22 22:41:44,984 | INFO | [perf frame=23100] preprocess=0.0ms, perspective=0.0ms, detect=1.9ms, postprocess=0.0ms, fuse+track=0.1ms
2026-05-22 22:41:45,593 | INFO | [perf frame=23200] preprocess=0.0ms, perspective=0.0ms, detect=1.9ms, postprocess=0.0ms, fuse+track=0.1ms
2026-05-22 22:41:46,189 | INFO | [perf frame=23300] preprocess=0.0ms, perspective=0.0ms, detect=1.8ms, postprocess=0.0ms, fuse+track=0.1ms
2026-05-22 22:41:46,771 | INFO | [perf frame=23400] preprocess=0.0ms, perspective=0.0ms, detect=1.8ms, postprocess=0.0ms, fuse+track=0.1ms
2026-05-22 22:41:47,362 | INFO | [perf frame=23500] preprocess=0.0ms, perspective=0.0ms, detect=1.9ms, postprocess=0.0ms, fuse+track=0.1ms
2026-05-22 22:41:47,964 | INFO | [perf frame=23600] preprocess=0.0ms, perspective=0.0ms, detect=2.0ms, postprocess=0.0ms, fuse+track=0.1ms
2026-05-22 22:41:48,560 | INFO | [perf frame=23700] preprocess=0.0ms, perspective=0.0ms, detect=1.9ms, postprocess=0.0ms, fuse+track=0.1ms
2026-05-22 22:41:49,168 | INFO | [perf frame=23800] preprocess=0.0ms, perspective=0.0ms, detect=1.9ms, postprocess=0.0ms, fuse+track=0.1ms
2026-05-22 22:41:49,774 | INFO | [perf frame=23900] preprocess=0.0ms, perspective=0.0ms, detect=1.9ms, postprocess=0.0ms, fuse+track=0.1ms
2026-05-22 22:41:50,377 | INFO | [perf frame=24000] preprocess=0.0ms, perspective=0.0ms, detect=1.9ms, postprocess=0.0ms, fuse+track=0.1ms
2026-05-22 22:41:50,964 | INFO | [perf frame=24100] preprocess=0.0ms, perspective=0.0ms, detect=1.8ms, postprocess=0.0ms, fuse+track=0.1ms
2026-05-22 22:41:51,541 | INFO | [perf frame=24200] preprocess=0.0ms, perspective=0.0ms, detect=1.8ms, postprocess=0.0ms, fuse+track=0.0ms
2026-05-22 22:41:52,127 | INFO | [perf frame=24300] preprocess=0.0ms, perspective=0.0ms, detect=1.9ms, postprocess=0.0ms, fuse+track=0.1ms
2026-05-22 22:41:52,732 | INFO | [perf frame=24400] preprocess=0.0ms, perspective=0.0ms, detect=1.9ms, postprocess=0.0ms, fuse+track=0.1ms
2026-05-22 22:41:53,353 | INFO | [perf frame=24500] preprocess=0.0ms, perspective=0.0ms, detect=1.8ms, postprocess=0.0ms, fuse+track=0.1ms
2026-05-22 22:41:53,981 | INFO | [perf frame=24600] preprocess=0.0ms, perspective=0.0ms, detect=1.9ms, postprocess=0.0ms, fuse+track=0.1ms
2026-05-22 22:41:54,576 | INFO | [perf frame=24700] preprocess=0.0ms, perspective=0.0ms, detect=1.8ms, postprocess=0.0ms, fuse+track=0.1ms
2026-05-22 22:41:55,160 | INFO | [perf frame=24800] preprocess=0.0ms, perspective=0.0ms, detect=1.8ms, postprocess=0.0ms, fuse+track=0.1ms
2026-05-22 22:41:55,748 | INFO | [perf frame=24900] preprocess=0.0ms, perspective=0.0ms, detect=1.9ms, postprocess=0.0ms, fuse+track=0.1ms
2026-05-22 22:41:56,346 | INFO | [perf frame=25000] preprocess=0.0ms, perspective=0.0ms, detect=1.9ms, postprocess=0.0ms, fuse+track=0.1ms
2026-05-22 22:41:56,958 | INFO | [perf frame=25100] preprocess=0.0ms, perspective=0.0ms, detect=1.9ms, postprocess=0.0ms, fuse+track=0.1ms
2026-05-22 22:41:57,549 | INFO | [perf frame=25200] preprocess=0.0ms, perspective=0.0ms, detect=1.9ms, postprocess=0.0ms, fuse+track=0.1ms
2026-05-22 22:41:58,142 | INFO | [perf frame=25300] preprocess=0.0ms, perspective=0.0ms, detect=1.8ms, postprocess=0.0ms, fuse+track=0.1ms
2026-05-22 22:41:58,737 | INFO | [perf frame=25400] preprocess=0.0ms, perspective=0.0ms, detect=1.9ms, postprocess=0.0ms, fuse+track=0.0ms
2026-05-22 22:41:59,332 | INFO | [perf frame=25500] preprocess=0.0ms, perspective=0.0ms, detect=2.0ms, postprocess=0.0ms, fuse+track=0.0ms
2026-05-22 22:41:59,868 | INFO | [perf frame=25600] preprocess=0.0ms, perspective=0.0ms, detect=1.9ms, postprocess=0.0ms, fuse+track=0.0ms
2026-05-22 22:42:00,432 | INFO | [perf frame=25700] preprocess=0.0ms, perspective=0.0ms, detect=1.7ms, postprocess=0.0ms, fuse+track=0.0ms
2026-05-22 22:42:01,011 | INFO | [perf frame=25800] preprocess=0.0ms, perspective=0.0ms, detect=2.0ms, postprocess=0.0ms, fuse+track=0.0ms
2026-05-22 22:42:01,615 | INFO | [perf frame=25900] preprocess=0.0ms, perspective=0.0ms, detect=1.9ms, postprocess=0.0ms, fuse+track=0.1ms
2026-05-22 22:42:02,216 | INFO | [perf frame=26000] preprocess=0.0ms, perspective=0.0ms, detect=1.8ms, postprocess=0.0ms, fuse+track=0.1ms
2026-05-22 22:42:02,851 | INFO | [perf frame=26100] preprocess=0.0ms, perspective=0.0ms, detect=1.9ms, postprocess=0.0ms, fuse+track=0.1ms
2026-05-22 22:42:03,448 | INFO | [perf frame=26200] preprocess=0.0ms, perspective=0.0ms, detect=1.8ms, postprocess=0.0ms, fuse+track=0.1ms
2026-05-22 22:42:04,038 | INFO | [perf frame=26300] preprocess=0.0ms, perspective=0.0ms, detect=1.7ms, postprocess=0.0ms, fuse+track=0.1ms
2026-05-22 22:42:04,666 | INFO | [perf frame=26400] preprocess=0.0ms, perspective=0.0ms, detect=1.9ms, postprocess=0.0ms, fuse+track=0.1ms
2026-05-22 22:42:05,298 | INFO | [perf frame=26500] preprocess=0.0ms, perspective=0.0ms, detect=1.8ms, postprocess=0.0ms, fuse+track=0.1ms
2026-05-22 22:42:05,967 | INFO | [perf frame=26600] preprocess=0.0ms, perspective=0.0ms, detect=1.8ms, postprocess=0.0ms, fuse+track=0.1ms
2026-05-22 22:42:06,625 | INFO | [perf frame=26700] preprocess=0.0ms, perspective=0.0ms, detect=1.9ms, postprocess=0.0ms, fuse+track=0.1ms
2026-05-22 22:42:07,285 | INFO | [perf frame=26800] preprocess=0.0ms, perspective=0.0ms, detect=1.9ms, postprocess=0.0ms, fuse+track=0.1ms
2026-05-22 22:42:07,972 | INFO | [perf frame=26900] preprocess=0.0ms, perspective=0.0ms, detect=1.8ms, postprocess=0.0ms, fuse+track=0.1ms
2026-05-22 22:42:08,629 | INFO | [perf frame=27000] preprocess=0.0ms, perspective=0.0ms, detect=1.9ms, postprocess=0.0ms, fuse+track=0.1ms
2026-05-22 22:42:09,317 | INFO | [perf frame=27100] preprocess=0.0ms, perspective=0.0ms, detect=1.8ms, postprocess=0.0ms, fuse+track=0.1ms
2026-05-22 22:42:10,025 | INFO | [perf frame=27200] preprocess=0.0ms, perspective=0.0ms, detect=1.9ms, postprocess=0.0ms, fuse+track=0.1ms
2026-05-22 22:42:10,741 | INFO | [perf frame=27300] preprocess=0.0ms, perspective=0.0ms, detect=1.9ms, postprocess=0.0ms, fuse+track=0.1ms
2026-05-22 22:42:11,424 | INFO | [perf frame=27400] preprocess=0.0ms, perspective=0.0ms, detect=1.9ms, postprocess=0.0ms, fuse+track=0.1ms
2026-05-22 22:42:12,032 | INFO | [perf frame=27500] preprocess=0.0ms, perspective=0.0ms, detect=1.8ms, postprocess=0.0ms, fuse+track=0.1ms
2026-05-22 22:42:12,648 | INFO | [perf frame=27600] preprocess=0.0ms, perspective=0.0ms, detect=1.8ms, postprocess=0.0ms, fuse+track=0.1ms
2026-05-22 22:42:13,262 | INFO | [perf frame=27700] preprocess=0.0ms, perspective=0.0ms, detect=1.8ms, postprocess=0.0ms, fuse+track=0.1ms
2026-05-22 22:42:13,926 | INFO | [perf frame=27800] preprocess=0.0ms, perspective=0.0ms, detect=1.9ms, postprocess=0.0ms, fuse+track=0.1ms
2026-05-22 22:42:14,592 | INFO | [perf frame=27900] preprocess=0.0ms, perspective=0.0ms, detect=1.8ms, postprocess=0.0ms, fuse+track=0.1ms
2026-05-22 22:42:15,185 | INFO | [perf frame=28000] preprocess=0.0ms, perspective=0.0ms, detect=1.8ms, postprocess=0.0ms, fuse+track=0.1ms
2026-05-22 22:42:15,794 | INFO | [perf frame=28100] preprocess=0.0ms, perspective=0.0ms, detect=1.8ms, postprocess=0.0ms, fuse+track=0.1ms
2026-05-22 22:42:16,398 | INFO | [perf frame=28200] preprocess=0.0ms, perspective=0.0ms, detect=1.8ms, postprocess=0.0ms, fuse+track=0.1ms
2026-05-22 22:42:17,004 | INFO | [perf frame=28300] preprocess=0.0ms, perspective=0.0ms, detect=1.8ms, postprocess=0.0ms, fuse+track=0.1ms
2026-05-22 22:42:17,622 | INFO | [perf frame=28400] preprocess=0.0ms, perspective=0.0ms, detect=1.8ms, postprocess=0.0ms, fuse+track=0.1ms
2026-05-22 22:42:18,234 | INFO | [perf frame=28500] preprocess=0.0ms, perspective=0.0ms, detect=1.8ms, postprocess=0.0ms, fuse+track=0.1ms
2026-05-22 22:42:18,846 | INFO | [perf frame=28600] preprocess=0.0ms, perspective=0.0ms, detect=1.8ms, postprocess=0.0ms, fuse+track=0.1ms
2026-05-22 22:42:19,456 | INFO | [perf frame=28700] preprocess=0.0ms, perspective=0.0ms, detect=1.8ms, postprocess=0.0ms, fuse+track=0.1ms
2026-05-22 22:42:20,129 | INFO | [perf frame=28800] preprocess=0.0ms, perspective=0.0ms, detect=1.9ms, postprocess=0.0ms, fuse+track=0.1ms
2026-05-22 22:42:20,744 | INFO | [perf frame=28900] preprocess=0.0ms, perspective=0.0ms, detect=1.6ms, postprocess=0.0ms, fuse+track=0.1ms
