2026-05-18 16:25:31,512 | INFO | log file: /home/user/amr_vision_system_v1/logs/runtime_20260518_162531.log
2026-05-18 16:25:31,513 | INFO | config: /home/user/amr_vision_system_v1/config/config.yaml
2026-05-18 16:25:33,063 | INFO | detector warmed up
2026-05-18 16:25:33,063 | INFO | Initialized CSV output file with header: /home/user/amr_vision_system_v1/results/output.csv
2026-05-18 16:25:33,152 | INFO | ROS2 publishers successfully initialized.
2026-05-18 16:25:33,221 | INFO | pipeline started (press ESC to quit)
2026-05-18 16:25:37,157 | INFO | [perf frame=100] preprocess=0.0ms, perspective=0.0ms, detect=36.3ms, postprocess=0.0ms, fuse+track=0.0ms
2026-05-18 16:25:41,099 | INFO | [perf frame=200] preprocess=0.0ms, perspective=0.0ms, detect=36.1ms, postprocess=0.0ms, fuse+track=0.0ms
2026-05-18 16:25:44,595 | INFO | [perf frame=300] preprocess=0.0ms, perspective=0.0ms, detect=30.9ms, postprocess=0.3ms, fuse+track=0.1ms
2026-05-18 16:25:48,067 | INFO | [perf frame=400] preprocess=0.0ms, perspective=0.0ms, detect=30.5ms, postprocess=0.4ms, fuse+track=0.1ms
2026-05-18 16:25:51,941 | INFO | [perf frame=500] preprocess=0.0ms, perspective=0.0ms, detect=34.4ms, postprocess=0.1ms, fuse+track=0.1ms
2026-05-18 16:25:59,090 | INFO | [perf frame=600] preprocess=0.0ms, perspective=0.0ms, detect=65.1ms, postprocess=0.3ms, fuse+track=0.2ms
2026-05-18 16:26:03,756 | INFO | [perf frame=700] preprocess=0.0ms, perspective=0.0ms, detect=42.4ms, postprocess=0.1ms, fuse+track=0.1ms
2026-05-18 16:26:07,393 | INFO | [perf frame=800] preprocess=0.0ms, perspective=0.0ms, detect=32.2ms, postprocess=0.2ms, fuse+track=0.0ms
2026-05-18 16:26:10,759 | INFO | [perf frame=900] preprocess=0.0ms, perspective=0.0ms, detect=29.6ms, postprocess=0.2ms, fuse+track=0.1ms
2026-05-18 16:26:14,385 | INFO | [perf frame=1000] preprocess=0.0ms, perspective=0.0ms, detect=32.1ms, postprocess=0.1ms, fuse+track=0.1ms
2026-05-18 16:26:18,730 | INFO | [perf frame=1100] preprocess=0.0ms, perspective=0.0ms, detect=39.5ms, postprocess=0.2ms, fuse+track=0.0ms
2026-05-18 16:26:23,469 | INFO | [perf frame=1200] preprocess=0.0ms, perspective=0.0ms, detect=43.3ms, postprocess=0.2ms, fuse+track=0.0ms
2026-05-18 16:26:27,474 | INFO | [perf frame=1300] preprocess=0.0ms, perspective=0.0ms, detect=35.9ms, postprocess=0.3ms, fuse+track=0.0ms
2026-05-18 16:26:31,683 | INFO | [perf frame=1400] preprocess=0.0ms, perspective=0.0ms, detect=37.8ms, postprocess=0.2ms, fuse+track=0.1ms
2026-05-18 16:26:35,589 | INFO | [perf frame=1500] preprocess=0.0ms, perspective=0.0ms, detect=34.8ms, postprocess=0.0ms, fuse+track=0.1ms
2026-05-18 16:26:39,839 | INFO | [perf frame=1600] preprocess=0.0ms, perspective=0.0ms, detect=39.0ms, postprocess=0.0ms, fuse+track=0.0ms
2026-05-18 16:26:43,955 | INFO | [perf frame=1700] preprocess=0.0ms, perspective=0.0ms, detect=37.9ms, postprocess=0.0ms, fuse+track=0.0ms
