2026-05-22 23:58:21,466 | INFO | log file: /home/user/amr_vision_system_v1/logs/runtime_20260522_235821.log
2026-05-22 23:58:21,466 | INFO | config: /home/user/amr_vision_system_v1/config/config.yaml
2026-05-22 23:58:21,548 | INFO | detector warmed up
2026-05-22 23:58:21,549 | INFO | Initialized CSV output file with header: /home/user/amr_vision_system_v1/results/output.csv
2026-05-22 23:58:21,659 | INFO | ROS2 publishers successfully initialized.
2026-05-22 23:58:21,783 | INFO | pipeline started (press ESC to quit)
2026-05-22 23:58:22,792 | INFO | [perf frame=100] preprocess=0.0ms, perspective=0.0ms, detect=1.4ms, postprocess=0.0ms, fuse+track=0.1ms
2026-05-22 23:58:23,346 | INFO | [perf frame=200] preprocess=0.0ms, perspective=0.0ms, detect=1.2ms, postprocess=0.1ms, fuse+track=0.1ms
2026-05-22 23:58:23,900 | INFO | [perf frame=300] preprocess=0.0ms, perspective=0.0ms, detect=1.1ms, postprocess=0.1ms, fuse+track=0.1ms
2026-05-22 23:58:24,444 | INFO | [perf frame=400] preprocess=0.0ms, perspective=0.0ms, detect=1.0ms, postprocess=0.1ms, fuse+track=0.1ms
2026-05-22 23:58:25,010 | INFO | [perf frame=500] preprocess=0.0ms, perspective=0.0ms, detect=1.1ms, postprocess=0.1ms, fuse+track=0.1ms
2026-05-22 23:58:25,568 | INFO | [perf frame=600] preprocess=0.0ms, perspective=0.0ms, detect=1.1ms, postprocess=0.1ms, fuse+track=0.1ms
2026-05-22 23:58:26,167 | INFO | [perf frame=700] preprocess=0.0ms, perspective=0.0ms, detect=1.1ms, postprocess=0.1ms, fuse+track=0.1ms
2026-05-22 23:58:26,724 | INFO | [perf frame=800] preprocess=0.0ms, perspective=0.0ms, detect=1.0ms, postprocess=0.1ms, fuse+track=0.1ms
2026-05-22 23:58:27,284 | INFO | [perf frame=900] preprocess=0.0ms, perspective=0.0ms, detect=1.0ms, postprocess=0.1ms, fuse+track=0.1ms
2026-05-22 23:58:27,850 | INFO | [perf frame=1000] preprocess=0.0ms, perspective=0.0ms, detect=1.0ms, postprocess=0.1ms, fuse+track=0.1ms
2026-05-22 23:58:28,418 | INFO | [perf frame=1100] preprocess=0.0ms, perspective=0.0ms, detect=1.0ms, postprocess=0.1ms, fuse+track=0.1ms
2026-05-22 23:58:29,063 | INFO | [perf frame=1200] preprocess=0.0ms, perspective=0.0ms, detect=1.1ms, postprocess=0.1ms, fuse+track=0.2ms
2026-05-22 23:58:29,640 | INFO | [perf frame=1300] preprocess=0.0ms, perspective=0.0ms, detect=1.0ms, postprocess=0.1ms, fuse+track=0.1ms
2026-05-22 23:58:30,258 | INFO | [perf frame=1400] preprocess=0.0ms, perspective=0.0ms, detect=1.2ms, postprocess=0.1ms, fuse+track=0.1ms
2026-05-22 23:58:30,849 | INFO | [perf frame=1500] preprocess=0.0ms, perspective=0.0ms, detect=1.4ms, postprocess=0.1ms, fuse+track=0.1ms
2026-05-22 23:58:31,427 | INFO | [perf frame=1600] preprocess=0.0ms, perspective=0.0ms, detect=1.2ms, postprocess=0.1ms, fuse+track=0.1ms
2026-05-22 23:58:31,995 | INFO | [perf frame=1700] preprocess=0.0ms, perspective=0.0ms, detect=1.2ms, postprocess=0.0ms, fuse+track=0.1ms
2026-05-22 23:58:32,453 | INFO | [perf frame=1800] preprocess=0.0ms, perspective=0.0ms, detect=1.5ms, postprocess=0.0ms, fuse+track=0.0ms
2026-05-22 23:58:32,920 | INFO | [perf frame=1900] preprocess=0.0ms, perspective=0.0ms, detect=1.6ms, postprocess=0.0ms, fuse+track=0.0ms
2026-05-22 23:58:33,406 | INFO | [perf frame=2000] preprocess=0.0ms, perspective=0.0ms, detect=1.6ms, postprocess=0.0ms, fuse+track=0.0ms
2026-05-22 23:58:33,866 | INFO | [perf frame=2100] preprocess=0.0ms, perspective=0.0ms, detect=1.5ms, postprocess=0.0ms, fuse+track=0.0ms
2026-05-22 23:58:34,352 | INFO | [perf frame=2200] preprocess=0.0ms, perspective=0.0ms, detect=1.6ms, postprocess=0.0ms, fuse+track=0.0ms
2026-05-22 23:58:34,836 | INFO | [perf frame=2300] preprocess=0.0ms, perspective=0.0ms, detect=1.7ms, postprocess=0.0ms, fuse+track=0.0ms
2026-05-22 23:58:35,301 | INFO | [perf frame=2400] preprocess=0.0ms, perspective=0.0ms, detect=1.5ms, postprocess=0.0ms, fuse+track=0.0ms
2026-05-22 23:58:35,764 | INFO | [perf frame=2500] preprocess=0.0ms, perspective=0.0ms, detect=1.4ms, postprocess=0.0ms, fuse+track=0.0ms
2026-05-22 23:58:36,241 | INFO | [perf frame=2600] preprocess=0.0ms, perspective=0.0ms, detect=1.6ms, postprocess=0.0ms, fuse+track=0.0ms
2026-05-22 23:58:36,696 | INFO | [perf frame=2700] preprocess=0.0ms, perspective=0.0ms, detect=1.4ms, postprocess=0.0ms, fuse+track=0.0ms
2026-05-22 23:58:37,163 | INFO | [perf frame=2800] preprocess=0.0ms, perspective=0.0ms, detect=1.5ms, postprocess=0.0ms, fuse+track=0.0ms
2026-05-22 23:58:37,631 | INFO | [perf frame=2900] preprocess=0.0ms, perspective=0.0ms, detect=1.5ms, postprocess=0.0ms, fuse+track=0.0ms
2026-05-22 23:58:38,097 | INFO | [perf frame=3000] preprocess=0.0ms, perspective=0.0ms, detect=1.5ms, postprocess=0.0ms, fuse+track=0.0ms
2026-05-22 23:58:38,557 | INFO | [perf frame=3100] preprocess=0.0ms, perspective=0.0ms, detect=1.5ms, postprocess=0.0ms, fuse+track=0.0ms
2026-05-22 23:58:39,016 | INFO | [perf frame=3200] preprocess=0.0ms, perspective=0.0ms, detect=1.5ms, postprocess=0.0ms, fuse+track=0.0ms
2026-05-22 23:58:39,472 | INFO | [perf frame=3300] preprocess=0.0ms, perspective=0.0ms, detect=1.4ms, postprocess=0.0ms, fuse+track=0.0ms
2026-05-22 23:58:39,923 | INFO | [perf frame=3400] preprocess=0.0ms, perspective=0.0ms, detect=1.4ms, postprocess=0.0ms, fuse+track=0.0ms
2026-05-22 23:58:40,371 | INFO | [perf frame=3500] preprocess=0.0ms, perspective=0.0ms, detect=1.4ms, postprocess=0.0ms, fuse+track=0.0ms
2026-05-22 23:58:40,825 | INFO | [perf frame=3600] preprocess=0.0ms, perspective=0.0ms, detect=1.4ms, postprocess=0.0ms, fuse+track=0.0ms
2026-05-22 23:58:41,281 | INFO | [perf frame=3700] preprocess=0.0ms, perspective=0.0ms, detect=1.4ms, postprocess=0.0ms, fuse+track=0.0ms
2026-05-22 23:58:41,737 | INFO | [perf frame=3800] preprocess=0.0ms, perspective=0.0ms, detect=1.4ms, postprocess=0.0ms, fuse+track=0.0ms
2026-05-22 23:58:42,204 | INFO | [perf frame=3900] preprocess=0.0ms, perspective=0.0ms, detect=1.5ms, postprocess=0.0ms, fuse+track=0.0ms
2026-05-22 23:58:42,655 | INFO | [perf frame=4000] preprocess=0.0ms, perspective=0.0ms, detect=1.4ms, postprocess=0.0ms, fuse+track=0.0ms
2026-05-22 23:58:43,106 | INFO | [perf frame=4100] preprocess=0.0ms, perspective=0.0ms, detect=1.4ms, postprocess=0.0ms, fuse+track=0.0ms
2026-05-22 23:58:43,549 | INFO | [perf frame=4200] preprocess=0.0ms, perspective=0.0ms, detect=1.4ms, postprocess=0.0ms, fuse+track=0.0ms
2026-05-22 23:58:44,002 | INFO | [perf frame=4300] preprocess=0.0ms, perspective=0.0ms, detect=1.4ms, postprocess=0.0ms, fuse+track=0.0ms
2026-05-22 23:58:44,448 | INFO | [perf frame=4400] preprocess=0.0ms, perspective=0.0ms, detect=1.4ms, postprocess=0.0ms, fuse+track=0.0ms
2026-05-22 23:58:44,902 | INFO | [perf frame=4500] preprocess=0.0ms, perspective=0.0ms, detect=1.5ms, postprocess=0.0ms, fuse+track=0.0ms
2026-05-22 23:58:45,356 | INFO | [perf frame=4600] preprocess=0.0ms, perspective=0.0ms, detect=1.4ms, postprocess=0.0ms, fuse+track=0.0ms
2026-05-22 23:58:45,811 | INFO | [perf frame=4700] preprocess=0.0ms, perspective=0.0ms, detect=1.4ms, postprocess=0.0ms, fuse+track=0.0ms
2026-05-22 23:58:46,275 | INFO | [perf frame=4800] preprocess=0.0ms, perspective=0.0ms, detect=1.5ms, postprocess=0.0ms, fuse+track=0.0ms
2026-05-22 23:58:46,725 | INFO | [perf frame=4900] preprocess=0.0ms, perspective=0.0ms, detect=1.3ms, postprocess=0.0ms, fuse+track=0.0ms
2026-05-22 23:58:47,188 | INFO | [perf frame=5000] preprocess=0.0ms, perspective=0.0ms, detect=1.5ms, postprocess=0.0ms, fuse+track=0.0ms
2026-05-22 23:58:47,658 | INFO | [perf frame=5100] preprocess=0.0ms, perspective=0.0ms, detect=1.6ms, postprocess=0.0ms, fuse+track=0.0ms
2026-05-22 23:58:48,107 | INFO | [perf frame=5200] preprocess=0.0ms, perspective=0.0ms, detect=1.4ms, postprocess=0.0ms, fuse+track=0.0ms
2026-05-22 23:58:48,567 | INFO | [perf frame=5300] preprocess=0.0ms, perspective=0.0ms, detect=1.5ms, postprocess=0.0ms, fuse+track=0.0ms
2026-05-22 23:58:49,028 | INFO | [perf frame=5400] preprocess=0.0ms, perspective=0.0ms, detect=1.5ms, postprocess=0.0ms, fuse+track=0.0ms
2026-05-22 23:58:49,490 | INFO | [perf frame=5500] preprocess=0.0ms, perspective=0.0ms, detect=1.5ms, postprocess=0.0ms, fuse+track=0.0ms
2026-05-22 23:58:50,009 | INFO | [perf frame=5600] preprocess=0.0ms, perspective=0.0ms, detect=1.3ms, postprocess=0.0ms, fuse+track=0.1ms
2026-05-22 23:58:50,572 | INFO | [perf frame=5700] preprocess=0.0ms, perspective=0.0ms, detect=1.5ms, postprocess=0.0ms, fuse+track=0.1ms
2026-05-22 23:58:51,127 | INFO | [perf frame=5800] preprocess=0.0ms, perspective=0.0ms, detect=1.3ms, postprocess=0.1ms, fuse+track=0.1ms
2026-05-22 23:58:51,679 | INFO | [perf frame=5900] preprocess=0.0ms, perspective=0.0ms, detect=1.6ms, postprocess=0.0ms, fuse+track=0.1ms
2026-05-22 23:58:52,198 | INFO | [perf frame=6000] preprocess=0.0ms, perspective=0.0ms, detect=1.3ms, postprocess=0.0ms, fuse+track=0.1ms
2026-05-22 23:58:52,729 | INFO | [perf frame=6100] preprocess=0.0ms, perspective=0.0ms, detect=1.4ms, postprocess=0.0ms, fuse+track=0.1ms
2026-05-22 23:58:53,267 | INFO | [perf frame=6200] preprocess=0.0ms, perspective=0.0ms, detect=1.5ms, postprocess=0.0ms, fuse+track=0.1ms
2026-05-22 23:58:53,807 | INFO | [perf frame=6300] preprocess=0.0ms, perspective=0.0ms, detect=1.4ms, postprocess=0.0ms, fuse+track=0.1ms
2026-05-22 23:58:54,362 | INFO | [perf frame=6400] preprocess=0.0ms, perspective=0.0ms, detect=1.6ms, postprocess=0.0ms, fuse+track=0.1ms
2026-05-22 23:58:54,936 | INFO | [perf frame=6500] preprocess=0.0ms, perspective=0.0ms, detect=1.5ms, postprocess=0.0ms, fuse+track=0.1ms
2026-05-22 23:58:55,466 | INFO | [perf frame=6600] preprocess=0.0ms, perspective=0.0ms, detect=1.4ms, postprocess=0.0ms, fuse+track=0.1ms
2026-05-22 23:58:56,036 | INFO | [perf frame=6700] preprocess=0.0ms, perspective=0.0ms, detect=1.6ms, postprocess=0.0ms, fuse+track=0.1ms
2026-05-22 23:58:56,654 | INFO | [perf frame=6800] preprocess=0.0ms, perspective=0.0ms, detect=1.7ms, postprocess=0.0ms, fuse+track=0.1ms
2026-05-22 23:58:57,249 | INFO | [perf frame=6900] preprocess=0.0ms, perspective=0.0ms, detect=1.6ms, postprocess=0.0ms, fuse+track=0.1ms
2026-05-22 23:58:57,816 | INFO | [perf frame=7000] preprocess=0.0ms, perspective=0.0ms, detect=1.6ms, postprocess=0.0ms, fuse+track=0.1ms
2026-05-22 23:58:58,396 | INFO | [perf frame=7100] preprocess=0.0ms, perspective=0.0ms, detect=1.5ms, postprocess=0.0ms, fuse+track=0.1ms
2026-05-22 23:58:58,924 | INFO | [perf frame=7200] preprocess=0.0ms, perspective=0.0ms, detect=1.5ms, postprocess=0.0ms, fuse+track=0.1ms
2026-05-22 23:58:59,496 | INFO | [perf frame=7300] preprocess=0.0ms, perspective=0.0ms, detect=1.5ms, postprocess=0.0ms, fuse+track=0.1ms
2026-05-22 23:59:00,023 | INFO | [perf frame=7400] preprocess=0.0ms, perspective=0.0ms, detect=1.4ms, postprocess=0.0ms, fuse+track=0.1ms
2026-05-22 23:59:00,564 | INFO | [perf frame=7500] preprocess=0.0ms, perspective=0.0ms, detect=1.4ms, postprocess=0.0ms, fuse+track=0.1ms
2026-05-22 23:59:01,142 | INFO | [perf frame=7600] preprocess=0.0ms, perspective=0.0ms, detect=1.6ms, postprocess=0.0ms, fuse+track=0.1ms
2026-05-22 23:59:01,667 | INFO | [perf frame=7700] preprocess=0.0ms, perspective=0.0ms, detect=1.3ms, postprocess=0.0ms, fuse+track=0.1ms
2026-05-22 23:59:02,198 | INFO | [perf frame=7800] preprocess=0.0ms, perspective=0.0ms, detect=1.3ms, postprocess=0.0ms, fuse+track=0.1ms
2026-05-22 23:59:02,737 | INFO | [perf frame=7900] preprocess=0.0ms, perspective=0.0ms, detect=1.3ms, postprocess=0.0ms, fuse+track=0.1ms
2026-05-22 23:59:03,299 | INFO | [perf frame=8000] preprocess=0.0ms, perspective=0.0ms, detect=1.6ms, postprocess=0.0ms, fuse+track=0.1ms
2026-05-22 23:59:03,864 | INFO | [perf frame=8100] preprocess=0.0ms, perspective=0.0ms, detect=1.6ms, postprocess=0.0ms, fuse+track=0.1ms
2026-05-22 23:59:04,428 | INFO | [perf frame=8200] preprocess=0.0ms, perspective=0.0ms, detect=1.5ms, postprocess=0.0ms, fuse+track=0.1ms
2026-05-22 23:59:04,987 | INFO | [perf frame=8300] preprocess=0.0ms, perspective=0.0ms, detect=1.4ms, postprocess=0.0ms, fuse+track=0.1ms
2026-05-22 23:59:05,510 | INFO | [perf frame=8400] preprocess=0.0ms, perspective=0.0ms, detect=1.4ms, postprocess=0.0ms, fuse+track=0.1ms
2026-05-22 23:59:06,063 | INFO | [perf frame=8500] preprocess=0.0ms, perspective=0.0ms, detect=1.5ms, postprocess=0.0ms, fuse+track=0.1ms
2026-05-22 23:59:06,600 | INFO | [perf frame=8600] preprocess=0.0ms, perspective=0.0ms, detect=1.3ms, postprocess=0.0ms, fuse+track=0.1ms
2026-05-22 23:59:07,181 | INFO | [perf frame=8700] preprocess=0.0ms, perspective=0.0ms, detect=1.6ms, postprocess=0.0ms, fuse+track=0.1ms
2026-05-22 23:59:07,723 | INFO | [perf frame=8800] preprocess=0.0ms, perspective=0.0ms, detect=1.4ms, postprocess=0.0ms, fuse+track=0.1ms
2026-05-22 23:59:08,252 | INFO | [perf frame=8900] preprocess=0.0ms, perspective=0.0ms, detect=1.4ms, postprocess=0.0ms, fuse+track=0.1ms
2026-05-22 23:59:08,858 | INFO | [perf frame=9000] preprocess=0.0ms, perspective=0.0ms, detect=1.7ms, postprocess=0.0ms, fuse+track=0.1ms
2026-05-22 23:59:09,398 | INFO | [perf frame=9100] preprocess=0.0ms, perspective=0.0ms, detect=1.4ms, postprocess=0.0ms, fuse+track=0.1ms
2026-05-22 23:59:09,931 | INFO | [perf frame=9200] preprocess=0.0ms, perspective=0.0ms, detect=1.3ms, postprocess=0.0ms, fuse+track=0.1ms
2026-05-22 23:59:10,497 | INFO | [perf frame=9300] preprocess=0.0ms, perspective=0.0ms, detect=1.5ms, postprocess=0.0ms, fuse+track=0.1ms
2026-05-22 23:59:11,104 | INFO | [perf frame=9400] preprocess=0.0ms, perspective=0.0ms, detect=1.7ms, postprocess=0.0ms, fuse+track=0.1ms
2026-05-22 23:59:11,665 | INFO | [perf frame=9500] preprocess=0.0ms, perspective=0.0ms, detect=1.6ms, postprocess=0.0ms, fuse+track=0.1ms
2026-05-22 23:59:12,179 | INFO | [perf frame=9600] preprocess=0.0ms, perspective=0.0ms, detect=1.4ms, postprocess=0.0ms, fuse+track=0.1ms
2026-05-22 23:59:12,740 | INFO | [perf frame=9700] preprocess=0.0ms, perspective=0.0ms, detect=1.4ms, postprocess=0.0ms, fuse+track=0.1ms
2026-05-22 23:59:13,288 | INFO | [perf frame=9800] preprocess=0.0ms, perspective=0.0ms, detect=1.5ms, postprocess=0.0ms, fuse+track=0.1ms
2026-05-22 23:59:13,833 | INFO | [perf frame=9900] preprocess=0.0ms, perspective=0.0ms, detect=1.4ms, postprocess=0.0ms, fuse+track=0.1ms
2026-05-22 23:59:14,384 | INFO | [perf frame=10000] preprocess=0.0ms, perspective=0.0ms, detect=1.4ms, postprocess=0.0ms, fuse+track=0.1ms
2026-05-22 23:59:14,930 | INFO | [perf frame=10100] preprocess=0.0ms, perspective=0.0ms, detect=1.5ms, postprocess=0.0ms, fuse+track=0.1ms
2026-05-22 23:59:15,478 | INFO | [perf frame=10200] preprocess=0.0ms, perspective=0.0ms, detect=1.4ms, postprocess=0.0ms, fuse+track=0.1ms
