2026-05-18 12:20:35,834 | INFO | log file: /home/user/amr_vision_system_v1/logs/runtime_20260518_122035.log
2026-05-18 12:20:35,834 | INFO | config: /home/user/amr_vision_system_v1/config/config.yaml
2026-05-18 12:20:36,029 | INFO | detector warmed up
2026-05-18 12:20:36,108 | INFO | pipeline started (press ESC to quit)
2026-05-18 12:20:36,987 | INFO | [perf frame=100] preprocess=0.0ms, perspective=0.0ms, detect=0.0ms, postprocess=0.0ms, fuse+track=0.0ms
2026-05-18 12:20:37,460 | INFO | [perf frame=200] preprocess=0.0ms, perspective=0.0ms, detect=0.0ms, postprocess=0.0ms, fuse+track=0.0ms
2026-05-18 12:20:37,975 | INFO | [perf frame=300] preprocess=0.0ms, perspective=0.0ms, detect=0.0ms, postprocess=0.0ms, fuse+track=0.0ms
2026-05-18 12:20:38,448 | INFO | [perf frame=400] preprocess=0.0ms, perspective=0.0ms, detect=0.0ms, postprocess=0.0ms, fuse+track=0.0ms
2026-05-18 12:20:38,884 | INFO | [perf frame=500] preprocess=0.0ms, perspective=0.0ms, detect=0.0ms, postprocess=0.0ms, fuse+track=0.0ms
2026-05-18 12:20:39,371 | INFO | [perf frame=600] preprocess=0.0ms, perspective=0.0ms, detect=0.0ms, postprocess=0.0ms, fuse+track=0.0ms
2026-05-18 12:20:39,860 | INFO | [perf frame=700] preprocess=0.0ms, perspective=0.0ms, detect=0.0ms, postprocess=0.0ms, fuse+track=0.0ms
2026-05-18 12:20:40,361 | INFO | [perf frame=800] preprocess=0.0ms, perspective=0.0ms, detect=0.0ms, postprocess=0.0ms, fuse+track=0.0ms
2026-05-18 12:20:40,852 | INFO | [perf frame=900] preprocess=0.0ms, perspective=0.0ms, detect=0.0ms, postprocess=0.0ms, fuse+track=0.0ms
2026-05-18 12:20:41,344 | INFO | [perf frame=1000] preprocess=0.0ms, perspective=0.0ms, detect=0.0ms, postprocess=0.0ms, fuse+track=0.0ms
2026-05-18 12:20:41,856 | INFO | [perf frame=1100] preprocess=0.0ms, perspective=0.0ms, detect=0.0ms, postprocess=0.0ms, fuse+track=0.0ms
2026-05-18 12:20:42,314 | INFO | [perf frame=1200] preprocess=0.0ms, perspective=0.0ms, detect=0.0ms, postprocess=0.0ms, fuse+track=0.0ms
2026-05-18 12:20:42,770 | INFO | [perf frame=1300] preprocess=0.0ms, perspective=0.0ms, detect=0.0ms, postprocess=0.0ms, fuse+track=0.0ms
2026-05-18 12:20:43,258 | INFO | [perf frame=1400] preprocess=0.0ms, perspective=0.0ms, detect=0.0ms, postprocess=0.0ms, fuse+track=0.0ms
2026-05-18 12:20:43,706 | INFO | [perf frame=1500] preprocess=0.0ms, perspective=0.0ms, detect=0.0ms, postprocess=0.0ms, fuse+track=0.0ms
2026-05-18 12:20:44,170 | INFO | [perf frame=1600] preprocess=0.0ms, perspective=0.0ms, detect=0.0ms, postprocess=0.0ms, fuse+track=0.0ms
2026-05-18 12:20:44,632 | INFO | [perf frame=1700] preprocess=0.0ms, perspective=0.0ms, detect=0.0ms, postprocess=0.0ms, fuse+track=0.0ms
2026-05-18 12:20:45,110 | INFO | [perf frame=1800] preprocess=0.0ms, perspective=0.0ms, detect=0.0ms, postprocess=0.0ms, fuse+track=0.0ms
2026-05-18 12:20:45,595 | INFO | [perf frame=1900] preprocess=0.0ms, perspective=0.0ms, detect=0.0ms, postprocess=0.0ms, fuse+track=0.0ms
2026-05-18 12:20:46,064 | INFO | [perf frame=2000] preprocess=0.0ms, perspective=0.0ms, detect=0.0ms, postprocess=0.0ms, fuse+track=0.0ms
2026-05-18 12:20:46,543 | INFO | [perf frame=2100] preprocess=0.0ms, perspective=0.0ms, detect=0.0ms, postprocess=0.0ms, fuse+track=0.0ms
2026-05-18 12:20:47,004 | INFO | [perf frame=2200] preprocess=0.0ms, perspective=0.0ms, detect=0.0ms, postprocess=0.0ms, fuse+track=0.0ms
2026-05-18 12:20:47,488 | INFO | [perf frame=2300] preprocess=0.0ms, perspective=0.0ms, detect=0.0ms, postprocess=0.0ms, fuse+track=0.0ms
2026-05-18 12:20:47,939 | INFO | [perf frame=2400] preprocess=0.0ms, perspective=0.0ms, detect=0.0ms, postprocess=0.0ms, fuse+track=0.0ms
2026-05-18 12:20:48,411 | INFO | [perf frame=2500] preprocess=0.0ms, perspective=0.0ms, detect=0.0ms, postprocess=0.0ms, fuse+track=0.0ms
2026-05-18 12:20:48,964 | INFO | [perf frame=2600] preprocess=0.0ms, perspective=0.0ms, detect=0.0ms, postprocess=0.0ms, fuse+track=0.0ms
2026-05-18 12:20:49,444 | INFO | [perf frame=2700] preprocess=0.0ms, perspective=0.0ms, detect=0.0ms, postprocess=0.0ms, fuse+track=0.0ms
2026-05-18 12:20:49,948 | INFO | [perf frame=2800] preprocess=0.0ms, perspective=0.0ms, detect=0.0ms, postprocess=0.0ms, fuse+track=0.0ms
2026-05-18 12:20:50,417 | INFO | [perf frame=2900] preprocess=0.0ms, perspective=0.0ms, detect=0.0ms, postprocess=0.0ms, fuse+track=0.0ms
2026-05-18 12:20:50,911 | INFO | [perf frame=3000] preprocess=0.0ms, perspective=0.0ms, detect=0.0ms, postprocess=0.0ms, fuse+track=0.0ms
2026-05-18 12:20:51,428 | INFO | [perf frame=3100] preprocess=0.0ms, perspective=0.0ms, detect=0.0ms, postprocess=0.0ms, fuse+track=0.0ms
2026-05-18 12:20:51,875 | INFO | [perf frame=3200] preprocess=0.0ms, perspective=0.0ms, detect=0.0ms, postprocess=0.0ms, fuse+track=0.0ms
2026-05-18 12:20:52,339 | INFO | [perf frame=3300] preprocess=0.0ms, perspective=0.0ms, detect=0.0ms, postprocess=0.0ms, fuse+track=0.0ms
2026-05-18 12:20:52,816 | INFO | [perf frame=3400] preprocess=0.0ms, perspective=0.0ms, detect=0.0ms, postprocess=0.0ms, fuse+track=0.0ms
2026-05-18 12:20:53,262 | INFO | [perf frame=3500] preprocess=0.0ms, perspective=0.0ms, detect=0.0ms, postprocess=0.0ms, fuse+track=0.0ms
2026-05-18 12:20:53,726 | INFO | [perf frame=3600] preprocess=0.0ms, perspective=0.0ms, detect=0.0ms, postprocess=0.0ms, fuse+track=0.0ms
2026-05-18 12:20:54,204 | INFO | [perf frame=3700] preprocess=0.0ms, perspective=0.0ms, detect=0.0ms, postprocess=0.0ms, fuse+track=0.0ms
2026-05-18 12:20:54,665 | INFO | [perf frame=3800] preprocess=0.0ms, perspective=0.0ms, detect=0.0ms, postprocess=0.0ms, fuse+track=0.0ms
2026-05-18 12:20:55,090 | INFO | [perf frame=3900] preprocess=0.0ms, perspective=0.0ms, detect=0.0ms, postprocess=0.0ms, fuse+track=0.0ms
2026-05-18 12:20:55,554 | INFO | [perf frame=4000] preprocess=0.0ms, perspective=0.0ms, detect=0.0ms, postprocess=0.0ms, fuse+track=0.0ms
2026-05-18 12:20:56,033 | INFO | [perf frame=4100] preprocess=0.0ms, perspective=0.0ms, detect=0.0ms, postprocess=0.0ms, fuse+track=0.0ms
2026-05-18 12:20:56,528 | INFO | [perf frame=4200] preprocess=0.0ms, perspective=0.0ms, detect=0.0ms, postprocess=0.0ms, fuse+track=0.0ms
2026-05-18 12:20:56,990 | INFO | [perf frame=4300] preprocess=0.0ms, perspective=0.0ms, detect=0.0ms, postprocess=0.0ms, fuse+track=0.0ms
2026-05-18 12:20:57,508 | INFO | [perf frame=4400] preprocess=0.0ms, perspective=0.0ms, detect=0.0ms, postprocess=0.0ms, fuse+track=0.0ms
2026-05-18 12:20:57,987 | INFO | [perf frame=4500] preprocess=0.0ms, perspective=0.0ms, detect=0.0ms, postprocess=0.0ms, fuse+track=0.0ms
2026-05-18 12:20:58,455 | INFO | [perf frame=4600] preprocess=0.0ms, perspective=0.0ms, detect=0.0ms, postprocess=0.0ms, fuse+track=0.0ms
2026-05-18 12:20:58,881 | INFO | [perf frame=4700] preprocess=0.0ms, perspective=0.0ms, detect=0.0ms, postprocess=0.0ms, fuse+track=0.0ms
2026-05-18 12:20:59,344 | INFO | [perf frame=4800] preprocess=0.0ms, perspective=0.0ms, detect=0.0ms, postprocess=0.0ms, fuse+track=0.0ms
2026-05-18 12:20:59,811 | INFO | [perf frame=4900] preprocess=0.0ms, perspective=0.0ms, detect=0.0ms, postprocess=0.0ms, fuse+track=0.0ms
2026-05-18 12:21:00,285 | INFO | [perf frame=5000] preprocess=0.0ms, perspective=0.0ms, detect=0.0ms, postprocess=0.0ms, fuse+track=0.0ms
2026-05-18 12:21:00,738 | INFO | [perf frame=5100] preprocess=0.0ms, perspective=0.0ms, detect=0.0ms, postprocess=0.0ms, fuse+track=0.0ms
2026-05-18 12:21:01,162 | INFO | [perf frame=5200] preprocess=0.0ms, perspective=0.0ms, detect=0.0ms, postprocess=0.0ms, fuse+track=0.0ms
2026-05-18 12:21:01,667 | INFO | [perf frame=5300] preprocess=0.0ms, perspective=0.0ms, detect=0.0ms, postprocess=0.0ms, fuse+track=0.0ms
2026-05-18 12:21:02,137 | INFO | [perf frame=5400] preprocess=0.0ms, perspective=0.0ms, detect=0.0ms, postprocess=0.0ms, fuse+track=0.0ms
2026-05-18 12:21:02,602 | INFO | [perf frame=5500] preprocess=0.0ms, perspective=0.0ms, detect=0.0ms, postprocess=0.0ms, fuse+track=0.0ms
2026-05-18 12:21:03,041 | INFO | [perf frame=5600] preprocess=0.0ms, perspective=0.0ms, detect=0.0ms, postprocess=0.0ms, fuse+track=0.0ms
2026-05-18 12:21:03,519 | INFO | [perf frame=5700] preprocess=0.0ms, perspective=0.0ms, detect=0.0ms, postprocess=0.0ms, fuse+track=0.0ms
2026-05-18 12:21:04,007 | INFO | [perf frame=5800] preprocess=0.0ms, perspective=0.0ms, detect=0.0ms, postprocess=0.0ms, fuse+track=0.0ms
2026-05-18 12:21:04,471 | INFO | [perf frame=5900] preprocess=0.0ms, perspective=0.0ms, detect=0.0ms, postprocess=0.0ms, fuse+track=0.0ms
2026-05-18 12:21:04,943 | INFO | [perf frame=6000] preprocess=0.0ms, perspective=0.0ms, detect=0.0ms, postprocess=0.0ms, fuse+track=0.0ms
2026-05-18 12:21:05,423 | INFO | [perf frame=6100] preprocess=0.0ms, perspective=0.0ms, detect=0.0ms, postprocess=0.0ms, fuse+track=0.0ms
2026-05-18 12:21:05,915 | INFO | [perf frame=6200] preprocess=0.0ms, perspective=0.0ms, detect=0.0ms, postprocess=0.0ms, fuse+track=0.0ms
2026-05-18 12:21:06,401 | INFO | [perf frame=6300] preprocess=0.0ms, perspective=0.0ms, detect=0.0ms, postprocess=0.0ms, fuse+track=0.0ms
2026-05-18 12:21:06,859 | INFO | [perf frame=6400] preprocess=0.0ms, perspective=0.0ms, detect=0.0ms, postprocess=0.0ms, fuse+track=0.0ms
2026-05-18 12:21:07,327 | INFO | [perf frame=6500] preprocess=0.0ms, perspective=0.0ms, detect=0.0ms, postprocess=0.0ms, fuse+track=0.0ms
2026-05-18 12:21:07,816 | INFO | [perf frame=6600] preprocess=0.0ms, perspective=0.0ms, detect=0.0ms, postprocess=0.0ms, fuse+track=0.0ms
2026-05-18 12:21:08,282 | INFO | [perf frame=6700] preprocess=0.0ms, perspective=0.0ms, detect=0.0ms, postprocess=0.0ms, fuse+track=0.0ms
2026-05-18 12:21:08,789 | INFO | [perf frame=6800] preprocess=0.0ms, perspective=0.0ms, detect=0.0ms, postprocess=0.0ms, fuse+track=0.0ms
2026-05-18 12:21:09,253 | INFO | [perf frame=6900] preprocess=0.0ms, perspective=0.0ms, detect=0.0ms, postprocess=0.0ms, fuse+track=0.0ms
2026-05-18 12:21:09,747 | INFO | [perf frame=7000] preprocess=0.0ms, perspective=0.0ms, detect=0.0ms, postprocess=0.0ms, fuse+track=0.0ms
2026-05-18 12:21:10,227 | INFO | [perf frame=7100] preprocess=0.0ms, perspective=0.0ms, detect=0.0ms, postprocess=0.0ms, fuse+track=0.0ms
2026-05-18 12:21:10,718 | INFO | [perf frame=7200] preprocess=0.0ms, perspective=0.0ms, detect=0.0ms, postprocess=0.0ms, fuse+track=0.0ms
2026-05-18 12:21:11,169 | INFO | [perf frame=7300] preprocess=0.0ms, perspective=0.0ms, detect=0.0ms, postprocess=0.0ms, fuse+track=0.0ms
2026-05-18 12:21:11,630 | INFO | [perf frame=7400] preprocess=0.0ms, perspective=0.0ms, detect=0.0ms, postprocess=0.0ms, fuse+track=0.0ms
2026-05-18 12:21:12,124 | INFO | [perf frame=7500] preprocess=0.0ms, perspective=0.0ms, detect=0.0ms, postprocess=0.0ms, fuse+track=0.0ms
2026-05-18 12:21:12,639 | INFO | [perf frame=7600] preprocess=0.0ms, perspective=0.0ms, detect=0.0ms, postprocess=0.0ms, fuse+track=0.0ms
2026-05-18 12:21:13,088 | INFO | [perf frame=7700] preprocess=0.0ms, perspective=0.0ms, detect=0.0ms, postprocess=0.0ms, fuse+track=0.0ms
2026-05-18 12:21:13,551 | INFO | [perf frame=7800] preprocess=0.0ms, perspective=0.0ms, detect=0.0ms, postprocess=0.0ms, fuse+track=0.0ms
2026-05-18 12:21:13,985 | INFO | [perf frame=7900] preprocess=0.0ms, perspective=0.0ms, detect=0.0ms, postprocess=0.0ms, fuse+track=0.0ms
2026-05-18 12:21:14,483 | INFO | [perf frame=8000] preprocess=0.0ms, perspective=0.0ms, detect=0.0ms, postprocess=0.0ms, fuse+track=0.0ms
2026-05-18 12:21:14,931 | INFO | [perf frame=8100] preprocess=0.0ms, perspective=0.0ms, detect=0.0ms, postprocess=0.0ms, fuse+track=0.0ms
2026-05-18 12:21:15,416 | INFO | [perf frame=8200] preprocess=0.0ms, perspective=0.0ms, detect=0.0ms, postprocess=0.0ms, fuse+track=0.0ms
2026-05-18 12:21:15,895 | INFO | [perf frame=8300] preprocess=0.0ms, perspective=0.0ms, detect=0.0ms, postprocess=0.0ms, fuse+track=0.0ms
2026-05-18 12:21:16,351 | INFO | [perf frame=8400] preprocess=0.0ms, perspective=0.0ms, detect=0.0ms, postprocess=0.0ms, fuse+track=0.0ms
2026-05-18 12:21:16,858 | INFO | [perf frame=8500] preprocess=0.0ms, perspective=0.0ms, detect=0.0ms, postprocess=0.0ms, fuse+track=0.0ms
2026-05-18 12:21:17,383 | INFO | [perf frame=8600] preprocess=0.0ms, perspective=0.0ms, detect=0.0ms, postprocess=0.0ms, fuse+track=0.0ms
2026-05-18 12:21:17,912 | INFO | [perf frame=8700] preprocess=0.0ms, perspective=0.0ms, detect=0.0ms, postprocess=0.0ms, fuse+track=0.0ms
2026-05-18 12:21:18,406 | INFO | [perf frame=8800] preprocess=0.0ms, perspective=0.0ms, detect=0.0ms, postprocess=0.0ms, fuse+track=0.0ms
2026-05-18 12:21:18,918 | INFO | [perf frame=8900] preprocess=0.0ms, perspective=0.0ms, detect=0.0ms, postprocess=0.0ms, fuse+track=0.0ms
2026-05-18 12:21:19,416 | INFO | [perf frame=9000] preprocess=0.0ms, perspective=0.0ms, detect=0.0ms, postprocess=0.0ms, fuse+track=0.0ms
2026-05-18 12:21:19,918 | INFO | [perf frame=9100] preprocess=0.0ms, perspective=0.0ms, detect=0.0ms, postprocess=0.0ms, fuse+track=0.0ms
2026-05-18 12:21:20,400 | INFO | [perf frame=9200] preprocess=0.0ms, perspective=0.0ms, detect=0.0ms, postprocess=0.0ms, fuse+track=0.0ms
2026-05-18 12:21:20,843 | INFO | [perf frame=9300] preprocess=0.0ms, perspective=0.0ms, detect=0.0ms, postprocess=0.0ms, fuse+track=0.0ms
2026-05-18 12:21:21,323 | INFO | [perf frame=9400] preprocess=0.0ms, perspective=0.0ms, detect=0.0ms, postprocess=0.0ms, fuse+track=0.0ms
2026-05-18 12:21:21,806 | INFO | [perf frame=9500] preprocess=0.0ms, perspective=0.0ms, detect=0.0ms, postprocess=0.0ms, fuse+track=0.0ms
2026-05-18 12:21:22,302 | INFO | [perf frame=9600] preprocess=0.0ms, perspective=0.0ms, detect=0.0ms, postprocess=0.0ms, fuse+track=0.0ms
2026-05-18 12:21:22,805 | INFO | [perf frame=9700] preprocess=0.0ms, perspective=0.0ms, detect=0.0ms, postprocess=0.0ms, fuse+track=0.0ms
2026-05-18 12:21:23,261 | INFO | [perf frame=9800] preprocess=0.0ms, perspective=0.0ms, detect=0.0ms, postprocess=0.0ms, fuse+track=0.0ms
2026-05-18 12:21:23,757 | INFO | [perf frame=9900] preprocess=0.0ms, perspective=0.0ms, detect=0.0ms, postprocess=0.0ms, fuse+track=0.0ms
2026-05-18 12:21:24,254 | INFO | [perf frame=10000] preprocess=0.0ms, perspective=0.0ms, detect=0.0ms, postprocess=0.0ms, fuse+track=0.0ms
2026-05-18 12:21:24,744 | INFO | [perf frame=10100] preprocess=0.0ms, perspective=0.0ms, detect=0.0ms, postprocess=0.0ms, fuse+track=0.0ms
2026-05-18 12:21:25,231 | INFO | [perf frame=10200] preprocess=0.0ms, perspective=0.0ms, detect=0.0ms, postprocess=0.0ms, fuse+track=0.0ms
2026-05-18 12:21:25,708 | INFO | [perf frame=10300] preprocess=0.0ms, perspective=0.0ms, detect=0.0ms, postprocess=0.0ms, fuse+track=0.0ms
2026-05-18 12:21:26,195 | INFO | [perf frame=10400] preprocess=0.0ms, perspective=0.0ms, detect=0.0ms, postprocess=0.0ms, fuse+track=0.0ms
2026-05-18 12:21:26,662 | INFO | [perf frame=10500] preprocess=0.0ms, perspective=0.0ms, detect=0.0ms, postprocess=0.0ms, fuse+track=0.0ms
2026-05-18 12:21:27,143 | INFO | [perf frame=10600] preprocess=0.0ms, perspective=0.0ms, detect=0.0ms, postprocess=0.0ms, fuse+track=0.0ms
2026-05-18 12:21:27,621 | INFO | [perf frame=10700] preprocess=0.0ms, perspective=0.0ms, detect=0.0ms, postprocess=0.0ms, fuse+track=0.0ms
2026-05-18 12:21:28,131 | INFO | [perf frame=10800] preprocess=0.0ms, perspective=0.0ms, detect=0.0ms, postprocess=0.0ms, fuse+track=0.0ms
2026-05-18 12:21:28,592 | INFO | [perf frame=10900] preprocess=0.0ms, perspective=0.0ms, detect=0.0ms, postprocess=0.0ms, fuse+track=0.0ms
2026-05-18 12:21:29,084 | INFO | [perf frame=11000] preprocess=0.0ms, perspective=0.0ms, detect=0.0ms, postprocess=0.0ms, fuse+track=0.0ms
2026-05-18 12:21:29,537 | INFO | [perf frame=11100] preprocess=0.0ms, perspective=0.0ms, detect=0.0ms, postprocess=0.0ms, fuse+track=0.0ms
2026-05-18 12:21:29,984 | INFO | [perf frame=11200] preprocess=0.0ms, perspective=0.0ms, detect=0.0ms, postprocess=0.0ms, fuse+track=0.0ms
2026-05-18 12:21:30,450 | INFO | [perf frame=11300] preprocess=0.0ms, perspective=0.0ms, detect=0.0ms, postprocess=0.0ms, fuse+track=0.0ms
2026-05-18 12:21:30,939 | INFO | [perf frame=11400] preprocess=0.0ms, perspective=0.0ms, detect=0.0ms, postprocess=0.0ms, fuse+track=0.0ms
2026-05-18 12:21:31,411 | INFO | [perf frame=11500] preprocess=0.0ms, perspective=0.0ms, detect=0.0ms, postprocess=0.0ms, fuse+track=0.0ms
2026-05-18 12:21:31,875 | INFO | [perf frame=11600] preprocess=0.0ms, perspective=0.0ms, detect=0.0ms, postprocess=0.0ms, fuse+track=0.0ms
2026-05-18 12:21:32,343 | INFO | [perf frame=11700] preprocess=0.0ms, perspective=0.0ms, detect=0.0ms, postprocess=0.0ms, fuse+track=0.0ms
2026-05-18 12:21:32,815 | INFO | [perf frame=11800] preprocess=0.0ms, perspective=0.0ms, detect=0.0ms, postprocess=0.0ms, fuse+track=0.0ms
2026-05-18 12:21:33,295 | INFO | [perf frame=11900] preprocess=0.0ms, perspective=0.0ms, detect=0.0ms, postprocess=0.0ms, fuse+track=0.0ms
2026-05-18 12:21:33,730 | INFO | [perf frame=12000] preprocess=0.0ms, perspective=0.0ms, detect=0.0ms, postprocess=0.0ms, fuse+track=0.0ms
2026-05-18 12:21:34,244 | INFO | [perf frame=12100] preprocess=0.0ms, perspective=0.0ms, detect=0.0ms, postprocess=0.0ms, fuse+track=0.0ms
2026-05-18 12:21:34,720 | INFO | [perf frame=12200] preprocess=0.0ms, perspective=0.0ms, detect=0.0ms, postprocess=0.0ms, fuse+track=0.0ms
2026-05-18 12:21:35,212 | INFO | [perf frame=12300] preprocess=0.0ms, perspective=0.0ms, detect=0.0ms, postprocess=0.0ms, fuse+track=0.0ms
2026-05-18 12:21:35,677 | INFO | [perf frame=12400] preprocess=0.0ms, perspective=0.0ms, detect=0.0ms, postprocess=0.0ms, fuse+track=0.0ms
2026-05-18 12:21:36,187 | INFO | [perf frame=12500] preprocess=0.0ms, perspective=0.0ms, detect=0.0ms, postprocess=0.0ms, fuse+track=0.0ms
2026-05-18 12:21:36,691 | INFO | [perf frame=12600] preprocess=0.0ms, perspective=0.0ms, detect=0.0ms, postprocess=0.0ms, fuse+track=0.0ms
2026-05-18 12:21:37,196 | INFO | [perf frame=12700] preprocess=0.0ms, perspective=0.0ms, detect=0.0ms, postprocess=0.0ms, fuse+track=0.0ms
2026-05-18 12:21:37,697 | INFO | [perf frame=12800] preprocess=0.0ms, perspective=0.0ms, detect=0.0ms, postprocess=0.0ms, fuse+track=0.0ms
2026-05-18 12:21:38,213 | INFO | [perf frame=12900] preprocess=0.0ms, perspective=0.0ms, detect=0.0ms, postprocess=0.0ms, fuse+track=0.0ms
2026-05-18 12:21:38,697 | INFO | [perf frame=13000] preprocess=0.0ms, perspective=0.0ms, detect=0.0ms, postprocess=0.0ms, fuse+track=0.0ms
2026-05-18 12:21:39,200 | INFO | [perf frame=13100] preprocess=0.0ms, perspective=0.0ms, detect=0.0ms, postprocess=0.0ms, fuse+track=0.0ms
2026-05-18 12:21:39,720 | INFO | [perf frame=13200] preprocess=0.0ms, perspective=0.0ms, detect=0.0ms, postprocess=0.0ms, fuse+track=0.0ms
2026-05-18 12:21:40,184 | INFO | [perf frame=13300] preprocess=0.0ms, perspective=0.0ms, detect=0.0ms, postprocess=0.0ms, fuse+track=0.0ms
2026-05-18 12:21:40,666 | INFO | [perf frame=13400] preprocess=0.0ms, perspective=0.0ms, detect=0.0ms, postprocess=0.0ms, fuse+track=0.0ms
2026-05-18 12:21:41,228 | INFO | [perf frame=13500] preprocess=0.0ms, perspective=0.0ms, detect=0.0ms, postprocess=0.0ms, fuse+track=0.0ms
2026-05-18 12:21:41,771 | INFO | [perf frame=13600] preprocess=0.0ms, perspective=0.0ms, detect=0.0ms, postprocess=0.0ms, fuse+track=0.0ms
2026-05-18 12:21:42,233 | INFO | [perf frame=13700] preprocess=0.0ms, perspective=0.0ms, detect=0.0ms, postprocess=0.0ms, fuse+track=0.0ms
2026-05-18 12:21:42,736 | INFO | [perf frame=13800] preprocess=0.0ms, perspective=0.0ms, detect=0.0ms, postprocess=0.0ms, fuse+track=0.0ms
2026-05-18 12:21:43,245 | INFO | [perf frame=13900] preprocess=0.0ms, perspective=0.0ms, detect=0.0ms, postprocess=0.0ms, fuse+track=0.0ms
2026-05-18 12:21:43,739 | INFO | [perf frame=14000] preprocess=0.0ms, perspective=0.0ms, detect=0.0ms, postprocess=0.0ms, fuse+track=0.0ms
2026-05-18 12:21:44,213 | INFO | [perf frame=14100] preprocess=0.0ms, perspective=0.0ms, detect=0.0ms, postprocess=0.0ms, fuse+track=0.0ms
2026-05-18 12:21:44,710 | INFO | [perf frame=14200] preprocess=0.0ms, perspective=0.0ms, detect=0.0ms, postprocess=0.0ms, fuse+track=0.0ms
2026-05-18 12:21:45,190 | INFO | [perf frame=14300] preprocess=0.0ms, perspective=0.0ms, detect=0.0ms, postprocess=0.0ms, fuse+track=0.0ms
2026-05-18 12:21:45,694 | INFO | [perf frame=14400] preprocess=0.0ms, perspective=0.0ms, detect=0.0ms, postprocess=0.0ms, fuse+track=0.0ms
2026-05-18 12:21:46,182 | INFO | [perf frame=14500] preprocess=0.0ms, perspective=0.0ms, detect=0.0ms, postprocess=0.0ms, fuse+track=0.0ms
2026-05-18 12:21:46,701 | INFO | [perf frame=14600] preprocess=0.0ms, perspective=0.0ms, detect=0.0ms, postprocess=0.0ms, fuse+track=0.0ms
2026-05-18 12:21:47,195 | INFO | [perf frame=14700] preprocess=0.0ms, perspective=0.0ms, detect=0.0ms, postprocess=0.0ms, fuse+track=0.0ms
2026-05-18 12:21:47,702 | INFO | [perf frame=14800] preprocess=0.0ms, perspective=0.0ms, detect=0.0ms, postprocess=0.0ms, fuse+track=0.0ms
2026-05-18 12:21:48,198 | INFO | [perf frame=14900] preprocess=0.0ms, perspective=0.0ms, detect=0.0ms, postprocess=0.0ms, fuse+track=0.0ms
2026-05-18 12:21:48,670 | INFO | [perf frame=15000] preprocess=0.0ms, perspective=0.0ms, detect=0.0ms, postprocess=0.0ms, fuse+track=0.0ms
2026-05-18 12:21:49,145 | INFO | [perf frame=15100] preprocess=0.0ms, perspective=0.0ms, detect=0.0ms, postprocess=0.0ms, fuse+track=0.0ms
2026-05-18 12:21:49,661 | INFO | [perf frame=15200] preprocess=0.0ms, perspective=0.0ms, detect=0.0ms, postprocess=0.0ms, fuse+track=0.0ms
2026-05-18 12:21:50,124 | INFO | [perf frame=15300] preprocess=0.0ms, perspective=0.0ms, detect=0.0ms, postprocess=0.0ms, fuse+track=0.0ms
2026-05-18 12:21:50,606 | INFO | [perf frame=15400] preprocess=0.0ms, perspective=0.0ms, detect=0.0ms, postprocess=0.0ms, fuse+track=0.0ms
2026-05-18 12:21:51,091 | INFO | [perf frame=15500] preprocess=0.0ms, perspective=0.0ms, detect=0.0ms, postprocess=0.0ms, fuse+track=0.0ms
2026-05-18 12:21:51,605 | INFO | [perf frame=15600] preprocess=0.0ms, perspective=0.0ms, detect=0.0ms, postprocess=0.0ms, fuse+track=0.0ms
2026-05-18 12:21:52,111 | INFO | [perf frame=15700] preprocess=0.0ms, perspective=0.0ms, detect=0.0ms, postprocess=0.0ms, fuse+track=0.0ms
2026-05-18 12:21:52,598 | INFO | [perf frame=15800] preprocess=0.0ms, perspective=0.0ms, detect=0.0ms, postprocess=0.0ms, fuse+track=0.0ms
2026-05-18 12:21:53,079 | INFO | [perf frame=15900] preprocess=0.0ms, perspective=0.0ms, detect=0.0ms, postprocess=0.0ms, fuse+track=0.0ms
2026-05-18 12:21:53,605 | INFO | [perf frame=16000] preprocess=0.0ms, perspective=0.0ms, detect=0.0ms, postprocess=0.0ms, fuse+track=0.0ms
2026-05-18 12:21:54,121 | INFO | [perf frame=16100] preprocess=0.0ms, perspective=0.0ms, detect=0.0ms, postprocess=0.0ms, fuse+track=0.0ms
2026-05-18 12:21:54,604 | INFO | [perf frame=16200] preprocess=0.0ms, perspective=0.0ms, detect=0.0ms, postprocess=0.0ms, fuse+track=0.0ms
2026-05-18 12:21:55,099 | INFO | [perf frame=16300] preprocess=0.0ms, perspective=0.0ms, detect=0.0ms, postprocess=0.0ms, fuse+track=0.0ms
2026-05-18 12:21:55,618 | INFO | [perf frame=16400] preprocess=0.0ms, perspective=0.0ms, detect=0.0ms, postprocess=0.0ms, fuse+track=0.0ms
2026-05-18 12:21:56,119 | INFO | [perf frame=16500] preprocess=0.0ms, perspective=0.0ms, detect=0.0ms, postprocess=0.0ms, fuse+track=0.0ms
2026-05-18 12:21:56,600 | INFO | [perf frame=16600] preprocess=0.0ms, perspective=0.0ms, detect=0.0ms, postprocess=0.0ms, fuse+track=0.0ms
2026-05-18 12:21:57,090 | INFO | [perf frame=16700] preprocess=0.0ms, perspective=0.0ms, detect=0.0ms, postprocess=0.0ms, fuse+track=0.0ms
2026-05-18 12:21:57,594 | INFO | [perf frame=16800] preprocess=0.0ms, perspective=0.0ms, detect=0.0ms, postprocess=0.0ms, fuse+track=0.0ms
2026-05-18 12:21:58,104 | INFO | [perf frame=16900] preprocess=0.0ms, perspective=0.0ms, detect=0.0ms, postprocess=0.0ms, fuse+track=0.0ms
2026-05-18 12:21:58,595 | INFO | [perf frame=17000] preprocess=0.0ms, perspective=0.0ms, detect=0.0ms, postprocess=0.0ms, fuse+track=0.0ms
2026-05-18 12:21:59,099 | INFO | [perf frame=17100] preprocess=0.0ms, perspective=0.0ms, detect=0.0ms, postprocess=0.0ms, fuse+track=0.0ms
