2026-05-22 22:04:12,332 | INFO | log file: /home/user/amr_vision_system_v1/logs/runtime_20260522_220412.log
2026-05-22 22:04:12,332 | INFO | config: /home/user/amr_vision_system_v1/config/config.yaml
2026-05-22 22:04:12,410 | INFO | detector warmed up
2026-05-22 22:04:12,410 | INFO | Initialized CSV output file with header: /home/user/amr_vision_system_v1/results/output.csv
2026-05-22 22:04:12,540 | INFO | ROS2 publishers successfully initialized.
2026-05-22 22:04:12,702 | INFO | pipeline started (press ESC to quit)
2026-05-22 22:04:13,583 | INFO | [perf frame=100] preprocess=0.0ms, perspective=0.0ms, detect=1.4ms, postprocess=0.0ms, fuse+track=0.1ms
2026-05-22 22:04:14,137 | INFO | [perf frame=200] preprocess=0.0ms, perspective=0.0ms, detect=1.3ms, postprocess=0.0ms, fuse+track=0.1ms
2026-05-22 22:04:14,717 | INFO | [perf frame=300] preprocess=0.0ms, perspective=0.0ms, detect=1.4ms, postprocess=0.0ms, fuse+track=0.1ms
2026-05-22 22:04:15,301 | INFO | [perf frame=400] preprocess=0.0ms, perspective=0.0ms, detect=1.5ms, postprocess=0.0ms, fuse+track=0.1ms
2026-05-22 22:04:15,843 | INFO | [perf frame=500] preprocess=0.0ms, perspective=0.0ms, detect=1.3ms, postprocess=0.0ms, fuse+track=0.1ms
2026-05-22 22:04:16,802 | INFO | [perf frame=600] preprocess=0.0ms, perspective=0.0ms, detect=1.5ms, postprocess=0.0ms, fuse+track=0.1ms
2026-05-22 22:04:17,775 | INFO | [perf frame=700] preprocess=0.0ms, perspective=0.0ms, detect=1.5ms, postprocess=0.0ms, fuse+track=0.1ms
2026-05-22 22:04:18,741 | INFO | [perf frame=800] preprocess=0.0ms, perspective=0.0ms, detect=1.4ms, postprocess=0.0ms, fuse+track=0.1ms
2026-05-22 22:04:19,727 | INFO | [perf frame=900] preprocess=0.0ms, perspective=0.0ms, detect=1.5ms, postprocess=0.0ms, fuse+track=0.1ms
2026-05-22 22:04:20,679 | INFO | [perf frame=1000] preprocess=0.0ms, perspective=0.0ms, detect=1.3ms, postprocess=0.0ms, fuse+track=0.1ms
2026-05-22 22:04:21,664 | INFO | [perf frame=1100] preprocess=0.0ms, perspective=0.0ms, detect=1.2ms, postprocess=0.0ms, fuse+track=0.1ms
2026-05-22 22:04:22,693 | INFO | [perf frame=1200] preprocess=0.0ms, perspective=0.0ms, detect=1.4ms, postprocess=0.0ms, fuse+track=0.1ms
2026-05-22 22:04:23,680 | INFO | [perf frame=1300] preprocess=0.0ms, perspective=0.0ms, detect=1.4ms, postprocess=0.0ms, fuse+track=0.1ms
2026-05-22 22:04:24,691 | INFO | [perf frame=1400] preprocess=0.0ms, perspective=0.0ms, detect=1.2ms, postprocess=0.0ms, fuse+track=0.1ms
