2026-05-22 23:52:34,129 | INFO | log file: /home/user/amr_vision_system_v1/logs/runtime_20260522_235234.log
2026-05-22 23:52:34,129 | INFO | config: /home/user/amr_vision_system_v1/config/config.yaml
2026-05-22 23:52:34,217 | INFO | detector warmed up
2026-05-22 23:52:34,217 | INFO | Initialized CSV output file with header: /home/user/amr_vision_system_v1/results/output.csv
2026-05-22 23:52:34,326 | INFO | ROS2 publishers successfully initialized.
2026-05-22 23:52:34,442 | INFO | pipeline started (press ESC to quit)
2026-05-22 23:52:35,346 | INFO | [perf frame=100] preprocess=0.0ms, perspective=0.0ms, detect=1.5ms, postprocess=0.0ms, fuse+track=0.0ms
2026-05-22 23:52:35,791 | INFO | [perf frame=200] preprocess=0.0ms, perspective=0.0ms, detect=1.4ms, postprocess=0.0ms, fuse+track=0.0ms
2026-05-22 23:52:36,249 | INFO | [perf frame=300] preprocess=0.0ms, perspective=0.0ms, detect=1.4ms, postprocess=0.0ms, fuse+track=0.0ms
2026-05-22 23:52:36,699 | INFO | [perf frame=400] preprocess=0.0ms, perspective=0.0ms, detect=1.4ms, postprocess=0.0ms, fuse+track=0.0ms
2026-05-22 23:52:37,163 | INFO | [perf frame=500] preprocess=0.0ms, perspective=0.0ms, detect=1.4ms, postprocess=0.0ms, fuse+track=0.0ms
2026-05-22 23:52:37,703 | INFO | [perf frame=600] preprocess=0.0ms, perspective=0.0ms, detect=1.0ms, postprocess=0.0ms, fuse+track=0.1ms
2026-05-22 23:52:38,155 | INFO | [perf frame=700] preprocess=0.0ms, perspective=0.0ms, detect=1.4ms, postprocess=0.0ms, fuse+track=0.0ms
2026-05-22 23:52:38,690 | INFO | [perf frame=800] preprocess=0.0ms, perspective=0.0ms, detect=1.4ms, postprocess=0.0ms, fuse+track=0.0ms
2026-05-22 23:52:39,360 | INFO | [perf frame=900] preprocess=0.0ms, perspective=0.0ms, detect=1.0ms, postprocess=0.0ms, fuse+track=0.1ms
2026-05-22 23:52:39,855 | INFO | [perf frame=1000] preprocess=0.0ms, perspective=0.0ms, detect=1.3ms, postprocess=0.0ms, fuse+track=0.0ms
2026-05-22 23:52:40,308 | INFO | [perf frame=1100] preprocess=0.0ms, perspective=0.0ms, detect=1.4ms, postprocess=0.0ms, fuse+track=0.0ms
2026-05-22 23:52:40,776 | INFO | [perf frame=1200] preprocess=0.0ms, perspective=0.0ms, detect=1.5ms, postprocess=0.0ms, fuse+track=0.0ms
2026-05-22 23:52:41,202 | INFO | [perf frame=1300] preprocess=0.0ms, perspective=0.0ms, detect=1.1ms, postprocess=0.0ms, fuse+track=0.0ms
2026-05-22 23:52:41,627 | INFO | [perf frame=1400] preprocess=0.0ms, perspective=0.0ms, detect=1.2ms, postprocess=0.0ms, fuse+track=0.0ms
2026-05-22 23:52:42,068 | INFO | [perf frame=1500] preprocess=0.0ms, perspective=0.0ms, detect=1.4ms, postprocess=0.0ms, fuse+track=0.0ms
2026-05-22 23:52:42,538 | INFO | [perf frame=1600] preprocess=0.0ms, perspective=0.0ms, detect=1.5ms, postprocess=0.0ms, fuse+track=0.0ms
2026-05-22 23:52:42,997 | INFO | [perf frame=1700] preprocess=0.0ms, perspective=0.0ms, detect=1.5ms, postprocess=0.0ms, fuse+track=0.0ms
2026-05-22 23:52:43,444 | INFO | [perf frame=1800] preprocess=0.0ms, perspective=0.0ms, detect=1.4ms, postprocess=0.0ms, fuse+track=0.0ms
2026-05-22 23:52:43,902 | INFO | [perf frame=1900] preprocess=0.0ms, perspective=0.0ms, detect=1.5ms, postprocess=0.0ms, fuse+track=0.0ms
2026-05-22 23:52:44,345 | INFO | [perf frame=2000] preprocess=0.0ms, perspective=0.0ms, detect=1.4ms, postprocess=0.0ms, fuse+track=0.0ms
2026-05-22 23:52:44,807 | INFO | [perf frame=2100] preprocess=0.0ms, perspective=0.0ms, detect=1.6ms, postprocess=0.0ms, fuse+track=0.0ms
2026-05-22 23:52:45,268 | INFO | [perf frame=2200] preprocess=0.0ms, perspective=0.0ms, detect=1.5ms, postprocess=0.0ms, fuse+track=0.0ms
2026-05-22 23:52:45,727 | INFO | [perf frame=2300] preprocess=0.0ms, perspective=0.0ms, detect=1.5ms, postprocess=0.0ms, fuse+track=0.0ms
2026-05-22 23:52:46,207 | INFO | [perf frame=2400] preprocess=0.0ms, perspective=0.0ms, detect=1.2ms, postprocess=0.0ms, fuse+track=0.0ms
2026-05-22 23:52:46,667 | INFO | [perf frame=2500] preprocess=0.0ms, perspective=0.0ms, detect=1.1ms, postprocess=0.0ms, fuse+track=0.0ms
2026-05-22 23:52:47,102 | INFO | [perf frame=2600] preprocess=0.0ms, perspective=0.0ms, detect=1.3ms, postprocess=0.0ms, fuse+track=0.0ms
2026-05-22 23:52:47,518 | INFO | [perf frame=2700] preprocess=0.0ms, perspective=0.0ms, detect=1.2ms, postprocess=0.0ms, fuse+track=0.0ms
2026-05-22 23:52:48,032 | INFO | [perf frame=2800] preprocess=0.0ms, perspective=0.0ms, detect=1.3ms, postprocess=0.0ms, fuse+track=0.0ms
2026-05-22 23:52:48,525 | INFO | [perf frame=2900] preprocess=0.0ms, perspective=0.0ms, detect=1.3ms, postprocess=0.0ms, fuse+track=0.0ms
2026-05-22 23:52:49,026 | INFO | [perf frame=3000] preprocess=0.0ms, perspective=0.0ms, detect=1.5ms, postprocess=0.0ms, fuse+track=0.0ms
2026-05-22 23:52:49,496 | INFO | [perf frame=3100] preprocess=0.0ms, perspective=0.0ms, detect=1.3ms, postprocess=0.0ms, fuse+track=0.0ms
2026-05-22 23:52:49,957 | INFO | [perf frame=3200] preprocess=0.0ms, perspective=0.0ms, detect=1.5ms, postprocess=0.0ms, fuse+track=0.0ms
2026-05-22 23:52:50,412 | INFO | [perf frame=3300] preprocess=0.0ms, perspective=0.0ms, detect=1.5ms, postprocess=0.0ms, fuse+track=0.0ms
2026-05-22 23:52:50,987 | INFO | [perf frame=3400] preprocess=0.0ms, perspective=0.0ms, detect=1.1ms, postprocess=0.0ms, fuse+track=0.1ms
2026-05-22 23:52:51,617 | INFO | [perf frame=3500] preprocess=0.0ms, perspective=0.0ms, detect=1.0ms, postprocess=0.0ms, fuse+track=0.1ms
2026-05-22 23:52:52,226 | INFO | [perf frame=3600] preprocess=0.0ms, perspective=0.0ms, detect=1.1ms, postprocess=0.0ms, fuse+track=0.1ms
2026-05-22 23:52:52,852 | INFO | [perf frame=3700] preprocess=0.0ms, perspective=0.0ms, detect=1.1ms, postprocess=0.0ms, fuse+track=0.1ms
2026-05-22 23:52:53,496 | INFO | [perf frame=3800] preprocess=0.0ms, perspective=0.0ms, detect=1.1ms, postprocess=0.0ms, fuse+track=0.1ms
2026-05-22 23:52:54,121 | INFO | [perf frame=3900] preprocess=0.0ms, perspective=0.0ms, detect=1.0ms, postprocess=0.0ms, fuse+track=0.1ms
2026-05-22 23:52:54,782 | INFO | [perf frame=4000] preprocess=0.0ms, perspective=0.0ms, detect=1.2ms, postprocess=0.0ms, fuse+track=0.1ms
2026-05-22 23:52:55,434 | INFO | [perf frame=4100] preprocess=0.0ms, perspective=0.0ms, detect=1.1ms, postprocess=0.0ms, fuse+track=0.1ms
2026-05-22 23:52:55,880 | INFO | [perf frame=4200] preprocess=0.0ms, perspective=0.0ms, detect=1.4ms, postprocess=0.0ms, fuse+track=0.0ms
2026-05-22 23:52:56,343 | INFO | [perf frame=4300] preprocess=0.0ms, perspective=0.0ms, detect=1.5ms, postprocess=0.0ms, fuse+track=0.0ms
2026-05-22 23:52:56,811 | INFO | [perf frame=4400] preprocess=0.0ms, perspective=0.0ms, detect=1.5ms, postprocess=0.0ms, fuse+track=0.0ms
2026-05-22 23:52:57,230 | INFO | [perf frame=4500] preprocess=0.0ms, perspective=0.0ms, detect=1.1ms, postprocess=0.0ms, fuse+track=0.0ms
2026-05-22 23:52:57,680 | INFO | [perf frame=4600] preprocess=0.0ms, perspective=0.0ms, detect=1.4ms, postprocess=0.0ms, fuse+track=0.0ms
2026-05-22 23:52:58,125 | INFO | [perf frame=4700] preprocess=0.0ms, perspective=0.0ms, detect=1.4ms, postprocess=0.0ms, fuse+track=0.0ms
2026-05-22 23:52:58,567 | INFO | [perf frame=4800] preprocess=0.0ms, perspective=0.0ms, detect=1.4ms, postprocess=0.0ms, fuse+track=0.0ms
2026-05-22 23:52:59,016 | INFO | [perf frame=4900] preprocess=0.0ms, perspective=0.0ms, detect=1.5ms, postprocess=0.0ms, fuse+track=0.0ms
2026-05-22 23:52:59,458 | INFO | [perf frame=5000] preprocess=0.0ms, perspective=0.0ms, detect=1.2ms, postprocess=0.0ms, fuse+track=0.0ms
2026-05-22 23:52:59,890 | INFO | [perf frame=5100] preprocess=0.0ms, perspective=0.0ms, detect=1.3ms, postprocess=0.0ms, fuse+track=0.0ms
2026-05-22 23:53:00,329 | INFO | [perf frame=5200] preprocess=0.0ms, perspective=0.0ms, detect=1.2ms, postprocess=0.0ms, fuse+track=0.0ms
2026-05-22 23:53:00,778 | INFO | [perf frame=5300] preprocess=0.0ms, perspective=0.0ms, detect=1.4ms, postprocess=0.0ms, fuse+track=0.0ms
2026-05-22 23:53:01,230 | INFO | [perf frame=5400] preprocess=0.0ms, perspective=0.0ms, detect=1.4ms, postprocess=0.0ms, fuse+track=0.0ms
2026-05-22 23:53:01,689 | INFO | [perf frame=5500] preprocess=0.0ms, perspective=0.0ms, detect=1.5ms, postprocess=0.0ms, fuse+track=0.0ms
2026-05-22 23:53:02,149 | INFO | [perf frame=5600] preprocess=0.0ms, perspective=0.0ms, detect=1.5ms, postprocess=0.0ms, fuse+track=0.0ms
2026-05-22 23:53:02,598 | INFO | [perf frame=5700] preprocess=0.0ms, perspective=0.0ms, detect=1.5ms, postprocess=0.0ms, fuse+track=0.0ms
2026-05-22 23:53:03,064 | INFO | [perf frame=5800] preprocess=0.0ms, perspective=0.0ms, detect=1.5ms, postprocess=0.0ms, fuse+track=0.0ms
2026-05-22 23:53:03,503 | INFO | [perf frame=5900] preprocess=0.0ms, perspective=0.0ms, detect=1.3ms, postprocess=0.0ms, fuse+track=0.0ms
2026-05-22 23:53:03,948 | INFO | [perf frame=6000] preprocess=0.0ms, perspective=0.0ms, detect=1.4ms, postprocess=0.0ms, fuse+track=0.0ms
2026-05-22 23:53:04,383 | INFO | [perf frame=6100] preprocess=0.0ms, perspective=0.0ms, detect=1.3ms, postprocess=0.0ms, fuse+track=0.0ms
2026-05-22 23:53:04,819 | INFO | [perf frame=6200] preprocess=0.0ms, perspective=0.0ms, detect=1.3ms, postprocess=0.0ms, fuse+track=0.0ms
2026-05-22 23:53:05,226 | INFO | [perf frame=6300] preprocess=0.0ms, perspective=0.0ms, detect=1.0ms, postprocess=0.0ms, fuse+track=0.0ms
2026-05-22 23:53:05,680 | INFO | [perf frame=6400] preprocess=0.0ms, perspective=0.0ms, detect=1.4ms, postprocess=0.0ms, fuse+track=0.0ms
2026-05-22 23:53:06,117 | INFO | [perf frame=6500] preprocess=0.0ms, perspective=0.0ms, detect=1.4ms, postprocess=0.0ms, fuse+track=0.0ms
2026-05-22 23:53:06,556 | INFO | [perf frame=6600] preprocess=0.0ms, perspective=0.0ms, detect=1.4ms, postprocess=0.0ms, fuse+track=0.0ms
2026-05-22 23:53:06,989 | INFO | [perf frame=6700] preprocess=0.0ms, perspective=0.0ms, detect=1.3ms, postprocess=0.0ms, fuse+track=0.0ms
2026-05-22 23:53:07,413 | INFO | [perf frame=6800] preprocess=0.0ms, perspective=0.0ms, detect=1.3ms, postprocess=0.0ms, fuse+track=0.0ms
2026-05-22 23:53:07,872 | INFO | [perf frame=6900] preprocess=0.0ms, perspective=0.0ms, detect=1.5ms, postprocess=0.0ms, fuse+track=0.0ms
2026-05-22 23:53:08,319 | INFO | [perf frame=7000] preprocess=0.0ms, perspective=0.0ms, detect=1.3ms, postprocess=0.0ms, fuse+track=0.0ms
2026-05-22 23:53:08,736 | INFO | [perf frame=7100] preprocess=0.0ms, perspective=0.0ms, detect=1.2ms, postprocess=0.0ms, fuse+track=0.0ms
2026-05-22 23:53:09,152 | INFO | [perf frame=7200] preprocess=0.0ms, perspective=0.0ms, detect=1.1ms, postprocess=0.0ms, fuse+track=0.0ms
2026-05-22 23:53:09,605 | INFO | [perf frame=7300] preprocess=0.0ms, perspective=0.0ms, detect=1.4ms, postprocess=0.0ms, fuse+track=0.0ms
2026-05-22 23:53:10,035 | INFO | [perf frame=7400] preprocess=0.0ms, perspective=0.0ms, detect=1.2ms, postprocess=0.0ms, fuse+track=0.0ms
2026-05-22 23:53:10,464 | INFO | [perf frame=7500] preprocess=0.0ms, perspective=0.0ms, detect=1.2ms, postprocess=0.0ms, fuse+track=0.0ms
2026-05-22 23:53:10,899 | INFO | [perf frame=7600] preprocess=0.0ms, perspective=0.0ms, detect=1.3ms, postprocess=0.0ms, fuse+track=0.0ms
2026-05-22 23:53:11,342 | INFO | [perf frame=7700] preprocess=0.0ms, perspective=0.0ms, detect=1.4ms, postprocess=0.0ms, fuse+track=0.0ms
2026-05-22 23:53:11,767 | INFO | [perf frame=7800] preprocess=0.0ms, perspective=0.0ms, detect=1.2ms, postprocess=0.0ms, fuse+track=0.0ms
2026-05-22 23:53:12,218 | INFO | [perf frame=7900] preprocess=0.0ms, perspective=0.0ms, detect=1.4ms, postprocess=0.0ms, fuse+track=0.0ms
2026-05-22 23:53:12,678 | INFO | [perf frame=8000] preprocess=0.0ms, perspective=0.0ms, detect=1.5ms, postprocess=0.0ms, fuse+track=0.0ms
2026-05-22 23:53:13,122 | INFO | [perf frame=8100] preprocess=0.0ms, perspective=0.0ms, detect=1.3ms, postprocess=0.0ms, fuse+track=0.0ms
2026-05-22 23:53:13,533 | INFO | [perf frame=8200] preprocess=0.0ms, perspective=0.0ms, detect=1.1ms, postprocess=0.0ms, fuse+track=0.0ms
2026-05-22 23:53:13,945 | INFO | [perf frame=8300] preprocess=0.0ms, perspective=0.0ms, detect=1.0ms, postprocess=0.0ms, fuse+track=0.0ms
2026-05-22 23:53:14,399 | INFO | [perf frame=8400] preprocess=0.0ms, perspective=0.0ms, detect=1.4ms, postprocess=0.0ms, fuse+track=0.0ms
2026-05-22 23:53:14,858 | INFO | [perf frame=8500] preprocess=0.0ms, perspective=0.0ms, detect=1.4ms, postprocess=0.0ms, fuse+track=0.0ms
2026-05-22 23:53:15,308 | INFO | [perf frame=8600] preprocess=0.0ms, perspective=0.0ms, detect=1.4ms, postprocess=0.0ms, fuse+track=0.0ms
2026-05-22 23:53:15,757 | INFO | [perf frame=8700] preprocess=0.0ms, perspective=0.0ms, detect=1.4ms, postprocess=0.0ms, fuse+track=0.0ms
2026-05-22 23:53:16,192 | INFO | [perf frame=8800] preprocess=0.0ms, perspective=0.0ms, detect=1.3ms, postprocess=0.0ms, fuse+track=0.0ms
2026-05-22 23:53:16,637 | INFO | [perf frame=8900] preprocess=0.0ms, perspective=0.0ms, detect=1.4ms, postprocess=0.0ms, fuse+track=0.0ms
2026-05-22 23:53:17,101 | INFO | [perf frame=9000] preprocess=0.0ms, perspective=0.0ms, detect=1.5ms, postprocess=0.0ms, fuse+track=0.0ms
