2026-05-22 22:34:59,530 | INFO | log file: /home/user/amr_vision_system_v1/logs/runtime_20260522_223459.log
2026-05-22 22:34:59,530 | INFO | config: /home/user/amr_vision_system_v1/config/config.yaml
2026-05-22 22:34:59,613 | INFO | detector warmed up
2026-05-22 22:34:59,614 | INFO | Initialized CSV output file with header: /home/user/amr_vision_system_v1/results/output.csv
2026-05-22 22:34:59,744 | INFO | ROS2 publishers successfully initialized.
2026-05-22 22:34:59,878 | INFO | pipeline started (press ESC to quit)
2026-05-22 22:35:00,778 | INFO | [perf frame=100] preprocess=0.0ms, perspective=0.0ms, detect=1.6ms, postprocess=0.0ms, fuse+track=0.1ms
2026-05-22 22:35:01,351 | INFO | [perf frame=200] preprocess=0.0ms, perspective=0.0ms, detect=1.7ms, postprocess=0.0ms, fuse+track=0.1ms
2026-05-22 22:35:01,890 | INFO | [perf frame=300] preprocess=0.0ms, perspective=0.0ms, detect=1.5ms, postprocess=0.0ms, fuse+track=0.1ms
2026-05-22 22:35:02,433 | INFO | [perf frame=400] preprocess=0.0ms, perspective=0.0ms, detect=1.7ms, postprocess=0.0ms, fuse+track=0.0ms
2026-05-22 22:35:02,976 | INFO | [perf frame=500] preprocess=0.0ms, perspective=0.0ms, detect=1.7ms, postprocess=0.0ms, fuse+track=0.0ms
2026-05-22 22:35:03,520 | INFO | [perf frame=600] preprocess=0.0ms, perspective=0.0ms, detect=1.7ms, postprocess=0.0ms, fuse+track=0.1ms
2026-05-22 22:35:04,062 | INFO | [perf frame=700] preprocess=0.0ms, perspective=0.0ms, detect=1.7ms, postprocess=0.0ms, fuse+track=0.0ms
2026-05-22 22:35:04,614 | INFO | [perf frame=800] preprocess=0.0ms, perspective=0.0ms, detect=1.7ms, postprocess=0.0ms, fuse+track=0.1ms
2026-05-22 22:35:05,159 | INFO | [perf frame=900] preprocess=0.0ms, perspective=0.0ms, detect=1.7ms, postprocess=0.0ms, fuse+track=0.1ms
2026-05-22 22:35:05,705 | INFO | [perf frame=1000] preprocess=0.0ms, perspective=0.0ms, detect=1.7ms, postprocess=0.0ms, fuse+track=0.1ms
2026-05-22 22:35:06,252 | INFO | [perf frame=1100] preprocess=0.0ms, perspective=0.0ms, detect=1.7ms, postprocess=0.0ms, fuse+track=0.0ms
2026-05-22 22:35:06,807 | INFO | [perf frame=1200] preprocess=0.0ms, perspective=0.0ms, detect=1.8ms, postprocess=0.0ms, fuse+track=0.0ms
2026-05-22 22:35:07,353 | INFO | [perf frame=1300] preprocess=0.0ms, perspective=0.0ms, detect=1.7ms, postprocess=0.0ms, fuse+track=0.1ms
2026-05-22 22:35:07,890 | INFO | [perf frame=1400] preprocess=0.0ms, perspective=0.0ms, detect=1.7ms, postprocess=0.0ms, fuse+track=0.1ms
2026-05-22 22:35:08,460 | INFO | [perf frame=1500] preprocess=0.0ms, perspective=0.0ms, detect=1.7ms, postprocess=0.0ms, fuse+track=0.1ms
2026-05-22 22:35:09,044 | INFO | [perf frame=1600] preprocess=0.0ms, perspective=0.0ms, detect=1.8ms, postprocess=0.0ms, fuse+track=0.1ms
2026-05-22 22:35:09,634 | INFO | [perf frame=1700] preprocess=0.0ms, perspective=0.0ms, detect=1.8ms, postprocess=0.0ms, fuse+track=0.1ms
2026-05-22 22:35:10,233 | INFO | [perf frame=1800] preprocess=0.0ms, perspective=0.0ms, detect=1.5ms, postprocess=0.0ms, fuse+track=0.1ms
