2026-05-21 13:21:11,350 | INFO | log file: /home/user/amr_vision_system_v1/logs/runtime_20260521_132111.log
2026-05-21 13:21:11,350 | INFO | config: /home/user/amr_vision_system_v1/config/config.yaml
2026-05-21 13:21:12,819 | INFO | detector warmed up
2026-05-21 13:21:12,819 | INFO | Initialized CSV output file with header: /home/user/amr_vision_system_v1/results/output.csv
2026-05-21 13:21:12,922 | INFO | ROS2 publishers successfully initialized.
2026-05-21 13:21:13,052 | INFO | pipeline started (press ESC to quit)
2026-05-21 13:21:17,241 | INFO | [perf frame=100] preprocess=0.0ms, perspective=0.0ms, detect=38.6ms, postprocess=0.0ms, fuse+track=0.0ms
2026-05-21 13:21:21,954 | INFO | [perf frame=200] preprocess=0.0ms, perspective=0.0ms, detect=43.4ms, postprocess=0.0ms, fuse+track=0.0ms
2026-05-21 13:21:26,108 | INFO | [perf frame=300] preprocess=0.0ms, perspective=0.0ms, detect=37.9ms, postprocess=0.0ms, fuse+track=0.0ms
2026-05-21 13:21:30,455 | INFO | [perf frame=400] preprocess=0.0ms, perspective=0.0ms, detect=39.9ms, postprocess=0.0ms, fuse+track=0.0ms
2026-05-21 13:21:34,569 | INFO | [perf frame=500] preprocess=0.0ms, perspective=0.0ms, detect=37.7ms, postprocess=0.0ms, fuse+track=0.0ms
2026-05-21 13:21:38,511 | INFO | [perf frame=600] preprocess=0.0ms, perspective=0.0ms, detect=35.3ms, postprocess=0.1ms, fuse+track=0.0ms
2026-05-21 13:21:41,514 | INFO | [perf frame=700] preprocess=0.0ms, perspective=0.0ms, detect=25.9ms, postprocess=0.2ms, fuse+track=0.0ms
2026-05-21 13:21:45,656 | INFO | [perf frame=800] preprocess=0.0ms, perspective=0.0ms, detect=36.8ms, postprocess=0.2ms, fuse+track=0.1ms
2026-05-21 13:21:49,697 | INFO | [perf frame=900] preprocess=0.0ms, perspective=0.0ms, detect=35.8ms, postprocess=0.2ms, fuse+track=0.1ms
2026-05-21 13:21:53,038 | INFO | [perf frame=1000] preprocess=0.0ms, perspective=0.0ms, detect=29.1ms, postprocess=0.2ms, fuse+track=0.1ms
2026-05-21 13:21:56,401 | INFO | [perf frame=1100] preprocess=0.0ms, perspective=0.0ms, detect=29.2ms, postprocess=0.2ms, fuse+track=0.1ms
2026-05-21 13:22:02,848 | INFO | [perf frame=1200] preprocess=0.0ms, perspective=0.0ms, detect=59.7ms, postprocess=0.2ms, fuse+track=0.1ms
2026-05-21 13:22:08,480 | INFO | [perf frame=1300] preprocess=0.0ms, perspective=0.0ms, detect=50.9ms, postprocess=0.4ms, fuse+track=0.1ms
2026-05-21 13:22:13,399 | INFO | [perf frame=1400] preprocess=0.0ms, perspective=0.0ms, detect=45.7ms, postprocess=0.0ms, fuse+track=0.0ms
2026-05-21 13:22:19,078 | INFO | [perf frame=1500] preprocess=0.0ms, perspective=0.0ms, detect=52.2ms, postprocess=0.2ms, fuse+track=0.1ms
2026-05-21 13:22:23,488 | INFO | [perf frame=1600] preprocess=0.0ms, perspective=0.0ms, detect=40.0ms, postprocess=0.2ms, fuse+track=0.0ms
2026-05-21 13:22:27,855 | INFO | [perf frame=1700] preprocess=0.0ms, perspective=0.0ms, detect=39.8ms, postprocess=0.1ms, fuse+track=0.0ms
