2026-05-25 15:01:12,870 | INFO | log file: /home/user/amr_vision_system_v1/logs/runtime_20260525_150112.log
2026-05-25 15:01:12,870 | INFO | config: /home/user/amr_vision_system_v1/config/config.yaml
2026-05-25 15:01:13,399 | INFO | detector warmed up
2026-05-25 15:01:13,400 | INFO | Initialized CSV output file with header: /home/user/amr_vision_system_v1/results/output.csv
2026-05-25 15:01:13,704 | INFO | ROS2 publishers successfully initialized.
2026-05-25 15:01:14,027 | INFO | pipeline started (press ESC to quit)
2026-05-25 15:01:14,430 | INFO | [perf frame=100] preprocess=0.0ms, perspective=0.0ms, detect=0.0ms, postprocess=0.0ms, fuse+track=0.0ms
2026-05-25 15:01:14,841 | INFO | [perf frame=200] preprocess=0.0ms, perspective=0.0ms, detect=0.0ms, postprocess=0.0ms, fuse+track=0.0ms
2026-05-25 15:01:15,218 | INFO | [perf frame=300] preprocess=0.0ms, perspective=0.0ms, detect=0.0ms, postprocess=0.0ms, fuse+track=0.0ms
2026-05-25 15:01:15,561 | INFO | [perf frame=400] preprocess=0.0ms, perspective=0.0ms, detect=0.0ms, postprocess=0.0ms, fuse+track=0.0ms
2026-05-25 15:01:15,920 | INFO | [perf frame=500] preprocess=0.0ms, perspective=0.0ms, detect=0.0ms, postprocess=0.0ms, fuse+track=0.0ms
2026-05-25 15:01:16,314 | INFO | [perf frame=600] preprocess=0.0ms, perspective=0.0ms, detect=0.0ms, postprocess=0.0ms, fuse+track=0.0ms
2026-05-25 15:01:16,690 | INFO | [perf frame=700] preprocess=0.0ms, perspective=0.0ms, detect=0.0ms, postprocess=0.0ms, fuse+track=0.0ms
2026-05-25 15:01:17,071 | INFO | [perf frame=800] preprocess=0.0ms, perspective=0.0ms, detect=0.0ms, postprocess=0.0ms, fuse+track=0.0ms
2026-05-25 15:01:17,467 | INFO | [perf frame=900] preprocess=0.0ms, perspective=0.0ms, detect=0.0ms, postprocess=0.0ms, fuse+track=0.0ms
2026-05-25 15:01:17,804 | INFO | [perf frame=1000] preprocess=0.0ms, perspective=0.0ms, detect=0.0ms, postprocess=0.0ms, fuse+track=0.0ms
2026-05-25 15:01:18,159 | INFO | [perf frame=1100] preprocess=0.0ms, perspective=0.0ms, detect=0.0ms, postprocess=0.0ms, fuse+track=0.0ms
2026-05-25 15:01:18,538 | INFO | [perf frame=1200] preprocess=0.0ms, perspective=0.0ms, detect=0.0ms, postprocess=0.0ms, fuse+track=0.0ms
2026-05-25 15:01:18,903 | INFO | [perf frame=1300] preprocess=0.0ms, perspective=0.0ms, detect=0.0ms, postprocess=0.0ms, fuse+track=0.0ms
2026-05-25 15:01:19,263 | INFO | [perf frame=1400] preprocess=0.0ms, perspective=0.0ms, detect=0.0ms, postprocess=0.0ms, fuse+track=0.0ms
2026-05-25 15:01:19,626 | INFO | [perf frame=1500] preprocess=0.0ms, perspective=0.0ms, detect=0.0ms, postprocess=0.0ms, fuse+track=0.0ms
2026-05-25 15:01:19,999 | INFO | [perf frame=1600] preprocess=0.0ms, perspective=0.0ms, detect=0.0ms, postprocess=0.0ms, fuse+track=0.0ms
2026-05-25 15:01:20,382 | INFO | [perf frame=1700] preprocess=0.0ms, perspective=0.0ms, detect=0.1ms, postprocess=0.0ms, fuse+track=0.0ms
2026-05-25 15:01:20,719 | INFO | [perf frame=1800] preprocess=0.0ms, perspective=0.0ms, detect=0.0ms, postprocess=0.0ms, fuse+track=0.0ms
2026-05-25 15:01:21,129 | INFO | [perf frame=1900] preprocess=0.0ms, perspective=0.0ms, detect=0.0ms, postprocess=0.0ms, fuse+track=0.0ms
2026-05-25 15:01:21,510 | INFO | [perf frame=2000] preprocess=0.0ms, perspective=0.0ms, detect=0.0ms, postprocess=0.0ms, fuse+track=0.0ms
2026-05-25 15:01:21,931 | INFO | [perf frame=2100] preprocess=0.0ms, perspective=0.0ms, detect=0.0ms, postprocess=0.0ms, fuse+track=0.0ms
2026-05-25 15:01:22,471 | INFO | [perf frame=2200] preprocess=0.0ms, perspective=0.0ms, detect=0.0ms, postprocess=0.0ms, fuse+track=0.1ms
2026-05-25 15:01:22,870 | INFO | [perf frame=2300] preprocess=0.0ms, perspective=0.0ms, detect=0.0ms, postprocess=0.0ms, fuse+track=0.0ms
2026-05-25 15:01:23,230 | INFO | [perf frame=2400] preprocess=0.0ms, perspective=0.0ms, detect=0.0ms, postprocess=0.0ms, fuse+track=0.0ms
2026-05-25 15:01:23,624 | INFO | [perf frame=2500] preprocess=0.0ms, perspective=0.0ms, detect=0.0ms, postprocess=0.0ms, fuse+track=0.0ms
2026-05-25 15:01:24,035 | INFO | [perf frame=2600] preprocess=0.0ms, perspective=0.0ms, detect=0.0ms, postprocess=0.0ms, fuse+track=0.0ms
2026-05-25 15:01:24,422 | INFO | [perf frame=2700] preprocess=0.0ms, perspective=0.0ms, detect=0.0ms, postprocess=0.0ms, fuse+track=0.0ms
2026-05-25 15:01:24,813 | INFO | [perf frame=2800] preprocess=0.0ms, perspective=0.0ms, detect=0.0ms, postprocess=0.0ms, fuse+track=0.0ms
2026-05-25 15:01:25,167 | INFO | [perf frame=2900] preprocess=0.0ms, perspective=0.0ms, detect=0.0ms, postprocess=0.0ms, fuse+track=0.0ms
2026-05-25 15:01:25,541 | INFO | [perf frame=3000] preprocess=0.0ms, perspective=0.0ms, detect=0.0ms, postprocess=0.0ms, fuse+track=0.0ms
2026-05-25 15:01:25,977 | INFO | [perf frame=3100] preprocess=0.0ms, perspective=0.0ms, detect=0.0ms, postprocess=0.0ms, fuse+track=0.0ms
2026-05-25 15:01:26,310 | INFO | [perf frame=3200] preprocess=0.0ms, perspective=0.0ms, detect=0.0ms, postprocess=0.0ms, fuse+track=0.0ms
2026-05-25 15:01:26,681 | INFO | [perf frame=3300] preprocess=0.0ms, perspective=0.0ms, detect=0.0ms, postprocess=0.0ms, fuse+track=0.0ms
2026-05-25 15:01:27,082 | INFO | [perf frame=3400] preprocess=0.0ms, perspective=0.0ms, detect=0.0ms, postprocess=0.0ms, fuse+track=0.0ms
2026-05-25 15:01:27,613 | INFO | [perf frame=3500] preprocess=0.0ms, perspective=0.0ms, detect=0.0ms, postprocess=0.0ms, fuse+track=0.1ms
2026-05-25 15:01:28,135 | INFO | [perf frame=3600] preprocess=0.0ms, perspective=0.0ms, detect=0.1ms, postprocess=0.0ms, fuse+track=0.1ms
2026-05-25 15:01:28,562 | INFO | [perf frame=3700] preprocess=0.0ms, perspective=0.0ms, detect=0.0ms, postprocess=0.0ms, fuse+track=0.1ms
2026-05-25 15:01:28,988 | INFO | [perf frame=3800] preprocess=0.0ms, perspective=0.0ms, detect=0.0ms, postprocess=0.0ms, fuse+track=0.0ms
2026-05-25 15:01:29,409 | INFO | [perf frame=3900] preprocess=0.0ms, perspective=0.0ms, detect=0.0ms, postprocess=0.0ms, fuse+track=0.0ms
2026-05-25 15:01:29,770 | INFO | [perf frame=4000] preprocess=0.0ms, perspective=0.0ms, detect=0.0ms, postprocess=0.0ms, fuse+track=0.0ms
2026-05-25 15:01:30,154 | INFO | [perf frame=4100] preprocess=0.0ms, perspective=0.0ms, detect=0.0ms, postprocess=0.0ms, fuse+track=0.0ms
2026-05-25 15:01:30,561 | INFO | [perf frame=4200] preprocess=0.0ms, perspective=0.0ms, detect=0.0ms, postprocess=0.0ms, fuse+track=0.0ms
2026-05-25 15:01:30,938 | INFO | [perf frame=4300] preprocess=0.0ms, perspective=0.0ms, detect=0.0ms, postprocess=0.0ms, fuse+track=0.0ms
2026-05-25 15:01:31,350 | INFO | [perf frame=4400] preprocess=0.0ms, perspective=0.0ms, detect=0.0ms, postprocess=0.0ms, fuse+track=0.0ms
2026-05-25 15:01:31,738 | INFO | [perf frame=4500] preprocess=0.0ms, perspective=0.0ms, detect=0.0ms, postprocess=0.0ms, fuse+track=0.0ms
2026-05-25 15:01:32,117 | INFO | [perf frame=4600] preprocess=0.0ms, perspective=0.0ms, detect=0.0ms, postprocess=0.0ms, fuse+track=0.0ms
2026-05-25 15:01:32,529 | INFO | [perf frame=4700] preprocess=0.0ms, perspective=0.0ms, detect=0.0ms, postprocess=0.0ms, fuse+track=0.0ms
2026-05-25 15:01:32,908 | INFO | [perf frame=4800] preprocess=0.0ms, perspective=0.0ms, detect=0.0ms, postprocess=0.0ms, fuse+track=0.0ms
2026-05-25 15:01:33,282 | INFO | [perf frame=4900] preprocess=0.0ms, perspective=0.0ms, detect=0.0ms, postprocess=0.0ms, fuse+track=0.0ms
2026-05-25 15:01:33,678 | INFO | [perf frame=5000] preprocess=0.0ms, perspective=0.0ms, detect=0.0ms, postprocess=0.0ms, fuse+track=0.0ms
2026-05-25 15:01:34,037 | INFO | [perf frame=5100] preprocess=0.0ms, perspective=0.0ms, detect=0.0ms, postprocess=0.0ms, fuse+track=0.0ms
2026-05-25 15:01:34,413 | INFO | [perf frame=5200] preprocess=0.0ms, perspective=0.0ms, detect=0.0ms, postprocess=0.0ms, fuse+track=0.0ms
2026-05-25 15:01:34,781 | INFO | [perf frame=5300] preprocess=0.0ms, perspective=0.0ms, detect=0.0ms, postprocess=0.0ms, fuse+track=0.0ms
2026-05-25 15:01:35,199 | INFO | [perf frame=5400] preprocess=0.0ms, perspective=0.0ms, detect=0.0ms, postprocess=0.0ms, fuse+track=0.0ms
2026-05-25 15:01:35,546 | INFO | [perf frame=5500] preprocess=0.0ms, perspective=0.0ms, detect=0.0ms, postprocess=0.0ms, fuse+track=0.0ms
2026-05-25 15:01:35,950 | INFO | [perf frame=5600] preprocess=0.0ms, perspective=0.0ms, detect=0.0ms, postprocess=0.0ms, fuse+track=0.0ms
2026-05-25 15:01:36,359 | INFO | [perf frame=5700] preprocess=0.0ms, perspective=0.0ms, detect=0.0ms, postprocess=0.0ms, fuse+track=0.0ms
2026-05-25 15:01:36,727 | INFO | [perf frame=5800] preprocess=0.0ms, perspective=0.0ms, detect=0.0ms, postprocess=0.0ms, fuse+track=0.0ms
2026-05-25 15:01:37,117 | INFO | [perf frame=5900] preprocess=0.0ms, perspective=0.0ms, detect=0.0ms, postprocess=0.0ms, fuse+track=0.0ms
2026-05-25 15:01:37,538 | INFO | [perf frame=6000] preprocess=0.0ms, perspective=0.0ms, detect=0.0ms, postprocess=0.0ms, fuse+track=0.0ms
2026-05-25 15:01:37,904 | INFO | [perf frame=6100] preprocess=0.0ms, perspective=0.0ms, detect=0.0ms, postprocess=0.0ms, fuse+track=0.0ms
2026-05-25 15:01:38,271 | INFO | [perf frame=6200] preprocess=0.0ms, perspective=0.0ms, detect=0.0ms, postprocess=0.0ms, fuse+track=0.0ms
2026-05-25 15:01:38,674 | INFO | [perf frame=6300] preprocess=0.0ms, perspective=0.0ms, detect=0.0ms, postprocess=0.0ms, fuse+track=0.0ms
2026-05-25 15:01:39,043 | INFO | [perf frame=6400] preprocess=0.0ms, perspective=0.0ms, detect=0.0ms, postprocess=0.0ms, fuse+track=0.0ms
2026-05-25 15:01:39,428 | INFO | [perf frame=6500] preprocess=0.0ms, perspective=0.0ms, detect=0.0ms, postprocess=0.0ms, fuse+track=0.0ms
2026-05-25 15:01:39,768 | INFO | [perf frame=6600] preprocess=0.0ms, perspective=0.0ms, detect=0.0ms, postprocess=0.0ms, fuse+track=0.0ms
2026-05-25 15:01:40,135 | INFO | [perf frame=6700] preprocess=0.0ms, perspective=0.0ms, detect=0.0ms, postprocess=0.0ms, fuse+track=0.0ms
2026-05-25 15:01:40,485 | INFO | [perf frame=6800] preprocess=0.0ms, perspective=0.0ms, detect=0.0ms, postprocess=0.0ms, fuse+track=0.0ms
2026-05-25 15:01:40,817 | INFO | [perf frame=6900] preprocess=0.0ms, perspective=0.0ms, detect=0.0ms, postprocess=0.0ms, fuse+track=0.0ms
2026-05-25 15:01:41,147 | INFO | [perf frame=7000] preprocess=0.0ms, perspective=0.0ms, detect=0.0ms, postprocess=0.0ms, fuse+track=0.0ms
2026-05-25 15:01:41,527 | INFO | [perf frame=7100] preprocess=0.0ms, perspective=0.0ms, detect=0.0ms, postprocess=0.0ms, fuse+track=0.0ms
2026-05-25 15:01:41,882 | INFO | [perf frame=7200] preprocess=0.0ms, perspective=0.0ms, detect=0.0ms, postprocess=0.0ms, fuse+track=0.0ms
2026-05-25 15:01:42,209 | INFO | [perf frame=7300] preprocess=0.0ms, perspective=0.0ms, detect=0.0ms, postprocess=0.0ms, fuse+track=0.0ms
2026-05-25 15:01:42,549 | INFO | [perf frame=7400] preprocess=0.0ms, perspective=0.0ms, detect=0.0ms, postprocess=0.0ms, fuse+track=0.0ms
2026-05-25 15:01:42,891 | INFO | [perf frame=7500] preprocess=0.0ms, perspective=0.0ms, detect=0.0ms, postprocess=0.0ms, fuse+track=0.0ms
2026-05-25 15:01:43,224 | INFO | [perf frame=7600] preprocess=0.0ms, perspective=0.0ms, detect=0.0ms, postprocess=0.0ms, fuse+track=0.0ms
2026-05-25 15:01:43,566 | INFO | [perf frame=7700] preprocess=0.0ms, perspective=0.0ms, detect=0.0ms, postprocess=0.0ms, fuse+track=0.0ms
2026-05-25 15:01:43,906 | INFO | [perf frame=7800] preprocess=0.0ms, perspective=0.0ms, detect=0.0ms, postprocess=0.0ms, fuse+track=0.0ms
2026-05-25 15:01:44,258 | INFO | [perf frame=7900] preprocess=0.0ms, perspective=0.0ms, detect=0.0ms, postprocess=0.0ms, fuse+track=0.0ms
2026-05-25 15:01:44,653 | INFO | [perf frame=8000] preprocess=0.0ms, perspective=0.0ms, detect=0.0ms, postprocess=0.0ms, fuse+track=0.1ms
2026-05-25 15:01:45,022 | INFO | [perf frame=8100] preprocess=0.0ms, perspective=0.0ms, detect=0.0ms, postprocess=0.0ms, fuse+track=0.0ms
2026-05-25 15:01:45,348 | INFO | [perf frame=8200] preprocess=0.0ms, perspective=0.0ms, detect=0.0ms, postprocess=0.0ms, fuse+track=0.0ms
2026-05-25 15:01:45,678 | INFO | [perf frame=8300] preprocess=0.0ms, perspective=0.0ms, detect=0.0ms, postprocess=0.0ms, fuse+track=0.0ms
2026-05-25 15:01:46,010 | INFO | [perf frame=8400] preprocess=0.0ms, perspective=0.0ms, detect=0.0ms, postprocess=0.0ms, fuse+track=0.0ms
2026-05-25 15:01:46,356 | INFO | [perf frame=8500] preprocess=0.0ms, perspective=0.0ms, detect=0.0ms, postprocess=0.0ms, fuse+track=0.0ms
2026-05-25 15:01:46,685 | INFO | [perf frame=8600] preprocess=0.0ms, perspective=0.0ms, detect=0.0ms, postprocess=0.0ms, fuse+track=0.0ms
2026-05-25 15:01:47,013 | INFO | [perf frame=8700] preprocess=0.0ms, perspective=0.0ms, detect=0.0ms, postprocess=0.0ms, fuse+track=0.0ms
2026-05-25 15:01:47,350 | INFO | [perf frame=8800] preprocess=0.0ms, perspective=0.0ms, detect=0.0ms, postprocess=0.0ms, fuse+track=0.0ms
2026-05-25 15:01:47,671 | INFO | [perf frame=8900] preprocess=0.0ms, perspective=0.0ms, detect=0.0ms, postprocess=0.0ms, fuse+track=0.0ms
2026-05-25 15:01:48,002 | INFO | [perf frame=9000] preprocess=0.0ms, perspective=0.0ms, detect=0.0ms, postprocess=0.0ms, fuse+track=0.0ms
2026-05-25 15:01:48,329 | INFO | [perf frame=9100] preprocess=0.0ms, perspective=0.0ms, detect=0.0ms, postprocess=0.0ms, fuse+track=0.0ms
2026-05-25 15:01:48,660 | INFO | [perf frame=9200] preprocess=0.0ms, perspective=0.0ms, detect=0.0ms, postprocess=0.0ms, fuse+track=0.0ms
2026-05-25 15:01:48,995 | INFO | [perf frame=9300] preprocess=0.0ms, perspective=0.0ms, detect=0.0ms, postprocess=0.0ms, fuse+track=0.0ms
2026-05-25 15:01:49,327 | INFO | [perf frame=9400] preprocess=0.0ms, perspective=0.0ms, detect=0.0ms, postprocess=0.0ms, fuse+track=0.0ms
2026-05-25 15:01:49,650 | INFO | [perf frame=9500] preprocess=0.0ms, perspective=0.0ms, detect=0.0ms, postprocess=0.0ms, fuse+track=0.0ms
2026-05-25 15:01:49,986 | INFO | [perf frame=9600] preprocess=0.0ms, perspective=0.0ms, detect=0.0ms, postprocess=0.0ms, fuse+track=0.0ms
2026-05-25 15:01:50,308 | INFO | [perf frame=9700] preprocess=0.0ms, perspective=0.0ms, detect=0.0ms, postprocess=0.0ms, fuse+track=0.0ms
2026-05-25 15:01:50,640 | INFO | [perf frame=9800] preprocess=0.0ms, perspective=0.0ms, detect=0.0ms, postprocess=0.0ms, fuse+track=0.0ms
2026-05-25 15:01:50,968 | INFO | [perf frame=9900] preprocess=0.0ms, perspective=0.0ms, detect=0.0ms, postprocess=0.0ms, fuse+track=0.0ms
2026-05-25 15:01:51,299 | INFO | [perf frame=10000] preprocess=0.0ms, perspective=0.0ms, detect=0.0ms, postprocess=0.0ms, fuse+track=0.0ms
2026-05-25 15:01:51,626 | INFO | [perf frame=10100] preprocess=0.0ms, perspective=0.0ms, detect=0.0ms, postprocess=0.0ms, fuse+track=0.0ms
2026-05-25 15:01:51,953 | INFO | [perf frame=10200] preprocess=0.0ms, perspective=0.0ms, detect=0.0ms, postprocess=0.0ms, fuse+track=0.0ms
2026-05-25 15:01:52,286 | INFO | [perf frame=10300] preprocess=0.0ms, perspective=0.0ms, detect=0.0ms, postprocess=0.0ms, fuse+track=0.0ms
2026-05-25 15:01:52,633 | INFO | [perf frame=10400] preprocess=0.0ms, perspective=0.0ms, detect=0.0ms, postprocess=0.0ms, fuse+track=0.0ms
2026-05-25 15:01:52,995 | INFO | [perf frame=10500] preprocess=0.0ms, perspective=0.0ms, detect=0.0ms, postprocess=0.0ms, fuse+track=0.0ms
2026-05-25 15:01:53,328 | INFO | [perf frame=10600] preprocess=0.0ms, perspective=0.0ms, detect=0.0ms, postprocess=0.0ms, fuse+track=0.0ms
2026-05-25 15:01:53,653 | INFO | [perf frame=10700] preprocess=0.0ms, perspective=0.0ms, detect=0.0ms, postprocess=0.0ms, fuse+track=0.0ms
2026-05-25 15:01:53,986 | INFO | [perf frame=10800] preprocess=0.0ms, perspective=0.0ms, detect=0.0ms, postprocess=0.0ms, fuse+track=0.0ms
2026-05-25 15:01:54,344 | INFO | [perf frame=10900] preprocess=0.0ms, perspective=0.0ms, detect=0.0ms, postprocess=0.0ms, fuse+track=0.0ms
2026-05-25 15:01:54,671 | INFO | [perf frame=11000] preprocess=0.0ms, perspective=0.0ms, detect=0.0ms, postprocess=0.0ms, fuse+track=0.0ms
2026-05-25 15:01:55,004 | INFO | [perf frame=11100] preprocess=0.0ms, perspective=0.0ms, detect=0.0ms, postprocess=0.0ms, fuse+track=0.0ms
2026-05-25 15:01:55,327 | INFO | [perf frame=11200] preprocess=0.0ms, perspective=0.0ms, detect=0.0ms, postprocess=0.0ms, fuse+track=0.0ms
2026-05-25 15:01:55,662 | INFO | [perf frame=11300] preprocess=0.0ms, perspective=0.0ms, detect=0.0ms, postprocess=0.0ms, fuse+track=0.0ms
2026-05-25 15:01:55,994 | INFO | [perf frame=11400] preprocess=0.0ms, perspective=0.0ms, detect=0.0ms, postprocess=0.0ms, fuse+track=0.0ms
2026-05-25 15:01:56,324 | INFO | [perf frame=11500] preprocess=0.0ms, perspective=0.0ms, detect=0.0ms, postprocess=0.0ms, fuse+track=0.0ms
2026-05-25 15:01:56,670 | INFO | [perf frame=11600] preprocess=0.0ms, perspective=0.0ms, detect=0.0ms, postprocess=0.0ms, fuse+track=0.0ms
2026-05-25 15:01:56,992 | INFO | [perf frame=11700] preprocess=0.0ms, perspective=0.0ms, detect=0.0ms, postprocess=0.0ms, fuse+track=0.0ms
2026-05-25 15:01:57,312 | INFO | [perf frame=11800] preprocess=0.0ms, perspective=0.0ms, detect=0.0ms, postprocess=0.0ms, fuse+track=0.0ms
2026-05-25 15:01:57,639 | INFO | [perf frame=11900] preprocess=0.0ms, perspective=0.0ms, detect=0.0ms, postprocess=0.0ms, fuse+track=0.0ms
2026-05-25 15:01:57,965 | INFO | [perf frame=12000] preprocess=0.0ms, perspective=0.0ms, detect=0.0ms, postprocess=0.0ms, fuse+track=0.0ms
2026-05-25 15:01:58,302 | INFO | [perf frame=12100] preprocess=0.0ms, perspective=0.0ms, detect=0.0ms, postprocess=0.0ms, fuse+track=0.0ms
2026-05-25 15:01:58,638 | INFO | [perf frame=12200] preprocess=0.0ms, perspective=0.0ms, detect=0.0ms, postprocess=0.0ms, fuse+track=0.0ms
2026-05-25 15:01:58,958 | INFO | [perf frame=12300] preprocess=0.0ms, perspective=0.0ms, detect=0.0ms, postprocess=0.0ms, fuse+track=0.0ms
2026-05-25 15:01:59,293 | INFO | [perf frame=12400] preprocess=0.0ms, perspective=0.0ms, detect=0.0ms, postprocess=0.0ms, fuse+track=0.0ms
2026-05-25 15:01:59,625 | INFO | [perf frame=12500] preprocess=0.0ms, perspective=0.0ms, detect=0.0ms, postprocess=0.0ms, fuse+track=0.0ms
2026-05-25 15:01:59,943 | INFO | [perf frame=12600] preprocess=0.0ms, perspective=0.0ms, detect=0.0ms, postprocess=0.0ms, fuse+track=0.0ms
2026-05-25 15:02:00,276 | INFO | [perf frame=12700] preprocess=0.0ms, perspective=0.0ms, detect=0.0ms, postprocess=0.0ms, fuse+track=0.0ms
2026-05-25 15:02:00,603 | INFO | [perf frame=12800] preprocess=0.0ms, perspective=0.0ms, detect=0.0ms, postprocess=0.0ms, fuse+track=0.0ms
2026-05-25 15:02:00,932 | INFO | [perf frame=12900] preprocess=0.0ms, perspective=0.0ms, detect=0.0ms, postprocess=0.0ms, fuse+track=0.0ms
2026-05-25 15:02:01,256 | INFO | [perf frame=13000] preprocess=0.0ms, perspective=0.0ms, detect=0.0ms, postprocess=0.0ms, fuse+track=0.0ms
2026-05-25 15:02:01,586 | INFO | [perf frame=13100] preprocess=0.0ms, perspective=0.0ms, detect=0.0ms, postprocess=0.0ms, fuse+track=0.0ms
2026-05-25 15:02:01,909 | INFO | [perf frame=13200] preprocess=0.0ms, perspective=0.0ms, detect=0.0ms, postprocess=0.0ms, fuse+track=0.0ms
2026-05-25 15:02:02,245 | INFO | [perf frame=13300] preprocess=0.0ms, perspective=0.0ms, detect=0.0ms, postprocess=0.0ms, fuse+track=0.0ms
2026-05-25 15:02:02,579 | INFO | [perf frame=13400] preprocess=0.0ms, perspective=0.0ms, detect=0.0ms, postprocess=0.0ms, fuse+track=0.0ms
2026-05-25 15:02:02,918 | INFO | [perf frame=13500] preprocess=0.0ms, perspective=0.0ms, detect=0.0ms, postprocess=0.0ms, fuse+track=0.0ms
2026-05-25 15:02:03,261 | INFO | [perf frame=13600] preprocess=0.0ms, perspective=0.0ms, detect=0.0ms, postprocess=0.0ms, fuse+track=0.0ms
2026-05-25 15:02:03,584 | INFO | [perf frame=13700] preprocess=0.0ms, perspective=0.0ms, detect=0.0ms, postprocess=0.0ms, fuse+track=0.0ms
2026-05-25 15:02:03,909 | INFO | [perf frame=13800] preprocess=0.0ms, perspective=0.0ms, detect=0.0ms, postprocess=0.0ms, fuse+track=0.0ms
2026-05-25 15:02:04,244 | INFO | [perf frame=13900] preprocess=0.0ms, perspective=0.0ms, detect=0.0ms, postprocess=0.0ms, fuse+track=0.0ms
2026-05-25 15:02:04,576 | INFO | [perf frame=14000] preprocess=0.0ms, perspective=0.0ms, detect=0.0ms, postprocess=0.0ms, fuse+track=0.0ms
2026-05-25 15:02:04,911 | INFO | [perf frame=14100] preprocess=0.0ms, perspective=0.0ms, detect=0.0ms, postprocess=0.0ms, fuse+track=0.0ms
2026-05-25 15:02:05,256 | INFO | [perf frame=14200] preprocess=0.0ms, perspective=0.0ms, detect=0.0ms, postprocess=0.0ms, fuse+track=0.0ms
2026-05-25 15:02:05,579 | INFO | [perf frame=14300] preprocess=0.0ms, perspective=0.0ms, detect=0.0ms, postprocess=0.0ms, fuse+track=0.0ms
2026-05-25 15:02:05,887 | INFO | [perf frame=14400] preprocess=0.0ms, perspective=0.0ms, detect=0.0ms, postprocess=0.0ms, fuse+track=0.0ms
