2026-05-22 19:30:31,510 | INFO | log file: /home/user/amr_vision_system_v1/logs/runtime_20260522_193031.log
2026-05-22 19:30:31,510 | INFO | config: /home/user/amr_vision_system_v1/config/config.yaml
2026-05-22 19:30:31,726 | INFO | detector warmed up
2026-05-22 19:30:31,730 | INFO | Initialized CSV output file with header: /home/user/amr_vision_system_v1/results/output.csv
2026-05-22 19:30:31,847 | INFO | ROS2 publishers successfully initialized.
2026-05-22 19:30:31,987 | INFO | pipeline started (press ESC to quit)
2026-05-22 19:30:32,417 | INFO | [perf frame=100] preprocess=0.0ms, perspective=0.0ms, detect=1.1ms, postprocess=0.0ms, fuse+track=0.0ms
2026-05-22 19:30:32,832 | INFO | [perf frame=200] preprocess=0.0ms, perspective=0.0ms, detect=1.1ms, postprocess=0.0ms, fuse+track=0.0ms
2026-05-22 19:30:33,248 | INFO | [perf frame=300] preprocess=0.0ms, perspective=0.0ms, detect=1.1ms, postprocess=0.0ms, fuse+track=0.0ms
2026-05-22 19:30:33,675 | INFO | [perf frame=400] preprocess=0.0ms, perspective=0.0ms, detect=1.1ms, postprocess=0.0ms, fuse+track=0.0ms
2026-05-22 19:30:34,092 | INFO | [perf frame=500] preprocess=0.0ms, perspective=0.0ms, detect=1.1ms, postprocess=0.0ms, fuse+track=0.0ms
2026-05-22 19:30:34,532 | INFO | [perf frame=600] preprocess=0.0ms, perspective=0.0ms, detect=1.2ms, postprocess=0.0ms, fuse+track=0.0ms
2026-05-22 19:30:34,980 | INFO | [perf frame=700] preprocess=0.0ms, perspective=0.0ms, detect=1.2ms, postprocess=0.0ms, fuse+track=0.0ms
2026-05-22 19:30:35,391 | INFO | [perf frame=800] preprocess=0.0ms, perspective=0.0ms, detect=0.9ms, postprocess=0.0ms, fuse+track=0.0ms
2026-05-22 19:30:35,805 | INFO | [perf frame=900] preprocess=0.0ms, perspective=0.0ms, detect=0.9ms, postprocess=0.0ms, fuse+track=0.0ms
2026-05-22 19:30:36,187 | INFO | [perf frame=1000] preprocess=0.0ms, perspective=0.0ms, detect=0.8ms, postprocess=0.0ms, fuse+track=0.0ms
2026-05-22 19:30:36,589 | INFO | [perf frame=1100] preprocess=0.0ms, perspective=0.0ms, detect=0.9ms, postprocess=0.0ms, fuse+track=0.0ms
2026-05-22 19:30:36,990 | INFO | [perf frame=1200] preprocess=0.0ms, perspective=0.0ms, detect=0.9ms, postprocess=0.0ms, fuse+track=0.0ms
2026-05-22 19:30:37,400 | INFO | [perf frame=1300] preprocess=0.0ms, perspective=0.0ms, detect=1.0ms, postprocess=0.0ms, fuse+track=0.0ms
2026-05-22 19:30:37,820 | INFO | [perf frame=1400] preprocess=0.0ms, perspective=0.0ms, detect=1.0ms, postprocess=0.0ms, fuse+track=0.0ms
2026-05-22 19:30:38,264 | INFO | [perf frame=1500] preprocess=0.0ms, perspective=0.0ms, detect=1.2ms, postprocess=0.0ms, fuse+track=0.0ms
2026-05-22 19:30:38,709 | INFO | [perf frame=1600] preprocess=0.0ms, perspective=0.0ms, detect=1.1ms, postprocess=0.0ms, fuse+track=0.0ms
2026-05-22 19:30:39,134 | INFO | [perf frame=1700] preprocess=0.0ms, perspective=0.0ms, detect=1.1ms, postprocess=0.0ms, fuse+track=0.0ms
2026-05-22 19:30:39,567 | INFO | [perf frame=1800] preprocess=0.0ms, perspective=0.0ms, detect=1.1ms, postprocess=0.0ms, fuse+track=0.0ms
2026-05-22 19:30:40,018 | INFO | [perf frame=1900] preprocess=0.0ms, perspective=0.0ms, detect=1.1ms, postprocess=0.0ms, fuse+track=0.0ms
2026-05-22 19:30:40,486 | INFO | [perf frame=2000] preprocess=0.0ms, perspective=0.0ms, detect=1.1ms, postprocess=0.0ms, fuse+track=0.0ms
2026-05-22 19:30:40,937 | INFO | [perf frame=2100] preprocess=0.0ms, perspective=0.0ms, detect=1.1ms, postprocess=0.0ms, fuse+track=0.0ms
2026-05-22 19:30:41,386 | INFO | [perf frame=2200] preprocess=0.0ms, perspective=0.0ms, detect=1.2ms, postprocess=0.0ms, fuse+track=0.0ms
2026-05-22 19:30:41,829 | INFO | [perf frame=2300] preprocess=0.0ms, perspective=0.0ms, detect=1.0ms, postprocess=0.0ms, fuse+track=0.0ms
2026-05-22 19:30:42,300 | INFO | [perf frame=2400] preprocess=0.0ms, perspective=0.0ms, detect=1.1ms, postprocess=0.0ms, fuse+track=0.0ms
2026-05-22 19:30:42,737 | INFO | [perf frame=2500] preprocess=0.0ms, perspective=0.0ms, detect=1.1ms, postprocess=0.0ms, fuse+track=0.0ms
2026-05-22 19:30:43,175 | INFO | [perf frame=2600] preprocess=0.0ms, perspective=0.0ms, detect=1.1ms, postprocess=0.0ms, fuse+track=0.0ms
2026-05-22 19:30:43,607 | INFO | [perf frame=2700] preprocess=0.0ms, perspective=0.0ms, detect=1.1ms, postprocess=0.0ms, fuse+track=0.0ms
2026-05-22 19:30:44,043 | INFO | [perf frame=2800] preprocess=0.0ms, perspective=0.0ms, detect=1.1ms, postprocess=0.0ms, fuse+track=0.0ms
2026-05-22 19:30:44,487 | INFO | [perf frame=2900] preprocess=0.0ms, perspective=0.0ms, detect=1.1ms, postprocess=0.0ms, fuse+track=0.0ms
2026-05-22 19:30:44,935 | INFO | [perf frame=3000] preprocess=0.0ms, perspective=0.0ms, detect=1.1ms, postprocess=0.0ms, fuse+track=0.0ms
2026-05-22 19:30:45,385 | INFO | [perf frame=3100] preprocess=0.0ms, perspective=0.0ms, detect=1.2ms, postprocess=0.0ms, fuse+track=0.0ms
2026-05-22 19:30:45,821 | INFO | [perf frame=3200] preprocess=0.0ms, perspective=0.0ms, detect=1.1ms, postprocess=0.0ms, fuse+track=0.0ms
2026-05-22 19:30:46,253 | INFO | [perf frame=3300] preprocess=0.0ms, perspective=0.0ms, detect=1.1ms, postprocess=0.0ms, fuse+track=0.0ms
2026-05-22 19:30:46,717 | INFO | [perf frame=3400] preprocess=0.0ms, perspective=0.0ms, detect=1.1ms, postprocess=0.0ms, fuse+track=0.0ms
2026-05-22 19:30:47,167 | INFO | [perf frame=3500] preprocess=0.0ms, perspective=0.0ms, detect=1.1ms, postprocess=0.0ms, fuse+track=0.0ms
2026-05-22 19:30:47,593 | INFO | [perf frame=3600] preprocess=0.0ms, perspective=0.0ms, detect=1.0ms, postprocess=0.0ms, fuse+track=0.0ms
2026-05-22 19:30:48,040 | INFO | [perf frame=3700] preprocess=0.0ms, perspective=0.0ms, detect=1.1ms, postprocess=0.0ms, fuse+track=0.0ms
2026-05-22 19:30:48,484 | INFO | [perf frame=3800] preprocess=0.0ms, perspective=0.0ms, detect=1.1ms, postprocess=0.0ms, fuse+track=0.0ms
2026-05-22 19:30:48,911 | INFO | [perf frame=3900] preprocess=0.0ms, perspective=0.0ms, detect=1.0ms, postprocess=0.0ms, fuse+track=0.0ms
2026-05-22 19:30:49,335 | INFO | [perf frame=4000] preprocess=0.0ms, perspective=0.0ms, detect=1.0ms, postprocess=0.0ms, fuse+track=0.0ms
2026-05-22 19:30:49,796 | INFO | [perf frame=4100] preprocess=0.0ms, perspective=0.0ms, detect=1.0ms, postprocess=0.0ms, fuse+track=0.0ms
2026-05-22 19:30:50,240 | INFO | [perf frame=4200] preprocess=0.0ms, perspective=0.0ms, detect=1.1ms, postprocess=0.0ms, fuse+track=0.0ms
2026-05-22 19:30:50,683 | INFO | [perf frame=4300] preprocess=0.0ms, perspective=0.0ms, detect=1.1ms, postprocess=0.0ms, fuse+track=0.0ms
2026-05-22 19:30:51,133 | INFO | [perf frame=4400] preprocess=0.0ms, perspective=0.0ms, detect=1.2ms, postprocess=0.0ms, fuse+track=0.0ms
2026-05-22 19:30:51,580 | INFO | [perf frame=4500] preprocess=0.0ms, perspective=0.0ms, detect=1.1ms, postprocess=0.0ms, fuse+track=0.0ms
2026-05-22 19:30:52,013 | INFO | [perf frame=4600] preprocess=0.0ms, perspective=0.0ms, detect=1.1ms, postprocess=0.0ms, fuse+track=0.0ms
2026-05-22 19:30:52,448 | INFO | [perf frame=4700] preprocess=0.0ms, perspective=0.0ms, detect=1.1ms, postprocess=0.0ms, fuse+track=0.0ms
2026-05-22 19:30:52,894 | INFO | [perf frame=4800] preprocess=0.0ms, perspective=0.0ms, detect=1.1ms, postprocess=0.0ms, fuse+track=0.0ms
2026-05-22 19:30:53,337 | INFO | [perf frame=4900] preprocess=0.0ms, perspective=0.0ms, detect=1.1ms, postprocess=0.0ms, fuse+track=0.0ms
2026-05-22 19:30:53,790 | INFO | [perf frame=5000] preprocess=0.0ms, perspective=0.0ms, detect=1.1ms, postprocess=0.0ms, fuse+track=0.0ms
2026-05-22 19:30:54,224 | INFO | [perf frame=5100] preprocess=0.0ms, perspective=0.0ms, detect=1.1ms, postprocess=0.0ms, fuse+track=0.0ms
2026-05-22 19:30:54,676 | INFO | [perf frame=5200] preprocess=0.0ms, perspective=0.0ms, detect=1.2ms, postprocess=0.0ms, fuse+track=0.0ms
2026-05-22 19:30:55,109 | INFO | [perf frame=5300] preprocess=0.0ms, perspective=0.0ms, detect=1.1ms, postprocess=0.0ms, fuse+track=0.0ms
2026-05-22 19:30:55,557 | INFO | [perf frame=5400] preprocess=0.0ms, perspective=0.0ms, detect=1.2ms, postprocess=0.0ms, fuse+track=0.0ms
2026-05-22 19:30:56,004 | INFO | [perf frame=5500] preprocess=0.0ms, perspective=0.0ms, detect=1.2ms, postprocess=0.0ms, fuse+track=0.0ms
2026-05-22 19:30:56,445 | INFO | [perf frame=5600] preprocess=0.0ms, perspective=0.0ms, detect=1.1ms, postprocess=0.0ms, fuse+track=0.0ms
2026-05-22 19:30:56,951 | INFO | [perf frame=5700] preprocess=0.0ms, perspective=0.0ms, detect=1.1ms, postprocess=0.0ms, fuse+track=0.0ms
2026-05-22 19:30:57,390 | INFO | [perf frame=5800] preprocess=0.0ms, perspective=0.0ms, detect=1.1ms, postprocess=0.0ms, fuse+track=0.0ms
2026-05-22 19:30:57,819 | INFO | [perf frame=5900] preprocess=0.0ms, perspective=0.0ms, detect=1.1ms, postprocess=0.0ms, fuse+track=0.0ms
2026-05-22 19:30:58,249 | INFO | [perf frame=6000] preprocess=0.0ms, perspective=0.0ms, detect=1.1ms, postprocess=0.0ms, fuse+track=0.0ms
2026-05-22 19:30:58,705 | INFO | [perf frame=6100] preprocess=0.0ms, perspective=0.0ms, detect=1.2ms, postprocess=0.0ms, fuse+track=0.0ms
2026-05-22 19:30:59,159 | INFO | [perf frame=6200] preprocess=0.0ms, perspective=0.0ms, detect=1.2ms, postprocess=0.0ms, fuse+track=0.0ms
2026-05-22 19:30:59,599 | INFO | [perf frame=6300] preprocess=0.0ms, perspective=0.0ms, detect=1.1ms, postprocess=0.0ms, fuse+track=0.0ms
2026-05-22 19:31:00,043 | INFO | [perf frame=6400] preprocess=0.0ms, perspective=0.0ms, detect=1.1ms, postprocess=0.0ms, fuse+track=0.0ms
2026-05-22 19:31:00,480 | INFO | [perf frame=6500] preprocess=0.0ms, perspective=0.0ms, detect=1.1ms, postprocess=0.0ms, fuse+track=0.0ms
2026-05-22 19:31:00,923 | INFO | [perf frame=6600] preprocess=0.0ms, perspective=0.0ms, detect=1.1ms, postprocess=0.0ms, fuse+track=0.0ms
2026-05-22 19:31:01,371 | INFO | [perf frame=6700] preprocess=0.0ms, perspective=0.0ms, detect=1.2ms, postprocess=0.0ms, fuse+track=0.0ms
2026-05-22 19:31:01,808 | INFO | [perf frame=6800] preprocess=0.0ms, perspective=0.0ms, detect=1.1ms, postprocess=0.0ms, fuse+track=0.0ms
2026-05-22 19:31:02,261 | INFO | [perf frame=6900] preprocess=0.0ms, perspective=0.0ms, detect=1.2ms, postprocess=0.0ms, fuse+track=0.0ms
2026-05-22 19:31:02,686 | INFO | [perf frame=7000] preprocess=0.0ms, perspective=0.0ms, detect=1.1ms, postprocess=0.0ms, fuse+track=0.0ms
2026-05-22 19:31:03,132 | INFO | [perf frame=7100] preprocess=0.0ms, perspective=0.0ms, detect=1.1ms, postprocess=0.0ms, fuse+track=0.0ms
2026-05-22 19:31:03,549 | INFO | [perf frame=7200] preprocess=0.0ms, perspective=0.0ms, detect=1.0ms, postprocess=0.0ms, fuse+track=0.0ms
2026-05-22 19:31:03,984 | INFO | [perf frame=7300] preprocess=0.0ms, perspective=0.0ms, detect=1.1ms, postprocess=0.0ms, fuse+track=0.0ms
2026-05-22 19:31:04,433 | INFO | [perf frame=7400] preprocess=0.0ms, perspective=0.0ms, detect=1.1ms, postprocess=0.0ms, fuse+track=0.0ms
2026-05-22 19:31:04,866 | INFO | [perf frame=7500] preprocess=0.0ms, perspective=0.0ms, detect=1.0ms, postprocess=0.0ms, fuse+track=0.0ms
2026-05-22 19:31:05,282 | INFO | [perf frame=7600] preprocess=0.0ms, perspective=0.0ms, detect=1.0ms, postprocess=0.0ms, fuse+track=0.0ms
2026-05-22 19:31:05,703 | INFO | [perf frame=7700] preprocess=0.0ms, perspective=0.0ms, detect=1.0ms, postprocess=0.0ms, fuse+track=0.0ms
2026-05-22 19:31:06,133 | INFO | [perf frame=7800] preprocess=0.0ms, perspective=0.0ms, detect=1.1ms, postprocess=0.0ms, fuse+track=0.0ms
2026-05-22 19:31:06,571 | INFO | [perf frame=7900] preprocess=0.0ms, perspective=0.0ms, detect=1.1ms, postprocess=0.0ms, fuse+track=0.0ms
2026-05-22 19:31:07,004 | INFO | [perf frame=8000] preprocess=0.0ms, perspective=0.0ms, detect=1.1ms, postprocess=0.0ms, fuse+track=0.0ms
2026-05-22 19:31:07,425 | INFO | [perf frame=8100] preprocess=0.0ms, perspective=0.0ms, detect=1.0ms, postprocess=0.0ms, fuse+track=0.0ms
2026-05-22 19:31:07,871 | INFO | [perf frame=8200] preprocess=0.0ms, perspective=0.0ms, detect=1.1ms, postprocess=0.0ms, fuse+track=0.0ms
2026-05-22 19:31:08,306 | INFO | [perf frame=8300] preprocess=0.0ms, perspective=0.0ms, detect=1.1ms, postprocess=0.0ms, fuse+track=0.0ms
2026-05-22 19:31:08,742 | INFO | [perf frame=8400] preprocess=0.0ms, perspective=0.0ms, detect=1.1ms, postprocess=0.0ms, fuse+track=0.0ms
2026-05-22 19:31:09,179 | INFO | [perf frame=8500] preprocess=0.0ms, perspective=0.0ms, detect=1.1ms, postprocess=0.0ms, fuse+track=0.0ms
2026-05-22 19:31:09,612 | INFO | [perf frame=8600] preprocess=0.0ms, perspective=0.0ms, detect=1.1ms, postprocess=0.0ms, fuse+track=0.0ms
2026-05-22 19:31:10,057 | INFO | [perf frame=8700] preprocess=0.0ms, perspective=0.0ms, detect=1.2ms, postprocess=0.0ms, fuse+track=0.0ms
2026-05-22 19:31:10,506 | INFO | [perf frame=8800] preprocess=0.0ms, perspective=0.0ms, detect=1.2ms, postprocess=0.0ms, fuse+track=0.0ms
2026-05-22 19:31:10,942 | INFO | [perf frame=8900] preprocess=0.0ms, perspective=0.0ms, detect=1.1ms, postprocess=0.0ms, fuse+track=0.0ms
2026-05-22 19:31:11,375 | INFO | [perf frame=9000] preprocess=0.0ms, perspective=0.0ms, detect=1.1ms, postprocess=0.0ms, fuse+track=0.0ms
2026-05-22 19:31:11,809 | INFO | [perf frame=9100] preprocess=0.0ms, perspective=0.0ms, detect=1.1ms, postprocess=0.0ms, fuse+track=0.0ms
2026-05-22 19:31:12,256 | INFO | [perf frame=9200] preprocess=0.0ms, perspective=0.0ms, detect=1.1ms, postprocess=0.0ms, fuse+track=0.0ms
2026-05-22 19:31:12,689 | INFO | [perf frame=9300] preprocess=0.0ms, perspective=0.0ms, detect=1.1ms, postprocess=0.0ms, fuse+track=0.0ms
2026-05-22 19:31:13,138 | INFO | [perf frame=9400] preprocess=0.0ms, perspective=0.0ms, detect=1.2ms, postprocess=0.0ms, fuse+track=0.0ms
2026-05-22 19:31:13,573 | INFO | [perf frame=9500] preprocess=0.0ms, perspective=0.0ms, detect=1.1ms, postprocess=0.0ms, fuse+track=0.0ms
2026-05-22 19:31:14,024 | INFO | [perf frame=9600] preprocess=0.0ms, perspective=0.0ms, detect=1.2ms, postprocess=0.0ms, fuse+track=0.0ms
2026-05-22 19:31:14,459 | INFO | [perf frame=9700] preprocess=0.0ms, perspective=0.0ms, detect=1.1ms, postprocess=0.0ms, fuse+track=0.0ms
2026-05-22 19:31:14,885 | INFO | [perf frame=9800] preprocess=0.0ms, perspective=0.0ms, detect=1.0ms, postprocess=0.0ms, fuse+track=0.0ms
2026-05-22 19:31:15,337 | INFO | [perf frame=9900] preprocess=0.0ms, perspective=0.0ms, detect=1.2ms, postprocess=0.0ms, fuse+track=0.0ms
2026-05-22 19:31:15,758 | INFO | [perf frame=10000] preprocess=0.0ms, perspective=0.0ms, detect=1.0ms, postprocess=0.0ms, fuse+track=0.0ms
2026-05-22 19:31:16,191 | INFO | [perf frame=10100] preprocess=0.0ms, perspective=0.0ms, detect=1.1ms, postprocess=0.0ms, fuse+track=0.0ms
2026-05-22 19:31:16,611 | INFO | [perf frame=10200] preprocess=0.0ms, perspective=0.0ms, detect=1.0ms, postprocess=0.0ms, fuse+track=0.0ms
2026-05-22 19:31:17,062 | INFO | [perf frame=10300] preprocess=0.0ms, perspective=0.0ms, detect=1.2ms, postprocess=0.0ms, fuse+track=0.0ms
2026-05-22 19:31:17,490 | INFO | [perf frame=10400] preprocess=0.0ms, perspective=0.0ms, detect=1.1ms, postprocess=0.0ms, fuse+track=0.0ms
2026-05-22 19:31:17,930 | INFO | [perf frame=10500] preprocess=0.0ms, perspective=0.0ms, detect=1.1ms, postprocess=0.0ms, fuse+track=0.0ms
2026-05-22 19:31:18,371 | INFO | [perf frame=10600] preprocess=0.0ms, perspective=0.0ms, detect=1.1ms, postprocess=0.0ms, fuse+track=0.0ms
2026-05-22 19:31:18,825 | INFO | [perf frame=10700] preprocess=0.0ms, perspective=0.0ms, detect=1.2ms, postprocess=0.0ms, fuse+track=0.0ms
2026-05-22 19:31:19,262 | INFO | [perf frame=10800] preprocess=0.0ms, perspective=0.0ms, detect=1.1ms, postprocess=0.0ms, fuse+track=0.0ms
2026-05-22 19:31:19,716 | INFO | [perf frame=10900] preprocess=0.0ms, perspective=0.0ms, detect=1.2ms, postprocess=0.0ms, fuse+track=0.0ms
2026-05-22 19:31:20,162 | INFO | [perf frame=11000] preprocess=0.0ms, perspective=0.0ms, detect=1.2ms, postprocess=0.0ms, fuse+track=0.0ms
2026-05-22 19:31:20,596 | INFO | [perf frame=11100] preprocess=0.0ms, perspective=0.0ms, detect=1.1ms, postprocess=0.0ms, fuse+track=0.0ms
2026-05-22 19:31:21,034 | INFO | [perf frame=11200] preprocess=0.0ms, perspective=0.0ms, detect=1.1ms, postprocess=0.0ms, fuse+track=0.0ms
2026-05-22 19:31:21,450 | INFO | [perf frame=11300] preprocess=0.0ms, perspective=0.0ms, detect=0.9ms, postprocess=0.0ms, fuse+track=0.0ms
2026-05-22 19:31:21,873 | INFO | [perf frame=11400] preprocess=0.0ms, perspective=0.0ms, detect=1.1ms, postprocess=0.0ms, fuse+track=0.0ms
2026-05-22 19:31:22,301 | INFO | [perf frame=11500] preprocess=0.0ms, perspective=0.0ms, detect=1.1ms, postprocess=0.0ms, fuse+track=0.0ms
2026-05-22 19:31:22,742 | INFO | [perf frame=11600] preprocess=0.0ms, perspective=0.0ms, detect=1.2ms, postprocess=0.0ms, fuse+track=0.0ms
2026-05-22 19:31:23,188 | INFO | [perf frame=11700] preprocess=0.0ms, perspective=0.0ms, detect=1.2ms, postprocess=0.0ms, fuse+track=0.0ms
2026-05-22 19:31:23,625 | INFO | [perf frame=11800] preprocess=0.0ms, perspective=0.0ms, detect=1.1ms, postprocess=0.0ms, fuse+track=0.0ms
2026-05-22 19:31:24,055 | INFO | [perf frame=11900] preprocess=0.0ms, perspective=0.0ms, detect=1.1ms, postprocess=0.0ms, fuse+track=0.0ms
2026-05-22 19:31:24,497 | INFO | [perf frame=12000] preprocess=0.0ms, perspective=0.0ms, detect=1.2ms, postprocess=0.0ms, fuse+track=0.0ms
2026-05-22 19:31:24,930 | INFO | [perf frame=12100] preprocess=0.0ms, perspective=0.0ms, detect=1.1ms, postprocess=0.0ms, fuse+track=0.0ms
2026-05-22 19:31:25,376 | INFO | [perf frame=12200] preprocess=0.0ms, perspective=0.0ms, detect=1.1ms, postprocess=0.0ms, fuse+track=0.0ms
2026-05-22 19:31:25,808 | INFO | [perf frame=12300] preprocess=0.0ms, perspective=0.0ms, detect=1.1ms, postprocess=0.0ms, fuse+track=0.0ms
2026-05-22 19:31:26,244 | INFO | [perf frame=12400] preprocess=0.0ms, perspective=0.0ms, detect=1.1ms, postprocess=0.0ms, fuse+track=0.0ms
2026-05-22 19:31:26,669 | INFO | [perf frame=12500] preprocess=0.0ms, perspective=0.0ms, detect=1.1ms, postprocess=0.0ms, fuse+track=0.0ms
2026-05-22 19:31:27,124 | INFO | [perf frame=12600] preprocess=0.0ms, perspective=0.0ms, detect=1.2ms, postprocess=0.0ms, fuse+track=0.0ms
2026-05-22 19:31:27,559 | INFO | [perf frame=12700] preprocess=0.0ms, perspective=0.0ms, detect=1.1ms, postprocess=0.0ms, fuse+track=0.0ms
2026-05-22 19:31:27,984 | INFO | [perf frame=12800] preprocess=0.0ms, perspective=0.0ms, detect=1.1ms, postprocess=0.0ms, fuse+track=0.0ms
2026-05-22 19:31:28,405 | INFO | [perf frame=12900] preprocess=0.0ms, perspective=0.0ms, detect=1.0ms, postprocess=0.0ms, fuse+track=0.0ms
2026-05-22 19:31:28,827 | INFO | [perf frame=13000] preprocess=0.0ms, perspective=0.0ms, detect=1.0ms, postprocess=0.0ms, fuse+track=0.0ms
2026-05-22 19:31:29,259 | INFO | [perf frame=13100] preprocess=0.0ms, perspective=0.0ms, detect=1.1ms, postprocess=0.0ms, fuse+track=0.0ms
2026-05-22 19:31:29,694 | INFO | [perf frame=13200] preprocess=0.0ms, perspective=0.0ms, detect=1.0ms, postprocess=0.0ms, fuse+track=0.0ms
2026-05-22 19:31:30,139 | INFO | [perf frame=13300] preprocess=0.0ms, perspective=0.0ms, detect=1.2ms, postprocess=0.0ms, fuse+track=0.0ms
2026-05-22 19:31:30,558 | INFO | [perf frame=13400] preprocess=0.0ms, perspective=0.0ms, detect=1.0ms, postprocess=0.0ms, fuse+track=0.0ms
2026-05-22 19:31:31,001 | INFO | [perf frame=13500] preprocess=0.0ms, perspective=0.0ms, detect=1.1ms, postprocess=0.0ms, fuse+track=0.0ms
2026-05-22 19:31:31,438 | INFO | [perf frame=13600] preprocess=0.0ms, perspective=0.0ms, detect=1.1ms, postprocess=0.0ms, fuse+track=0.0ms
2026-05-22 19:31:31,866 | INFO | [perf frame=13700] preprocess=0.0ms, perspective=0.0ms, detect=1.1ms, postprocess=0.0ms, fuse+track=0.0ms
2026-05-22 19:31:32,287 | INFO | [perf frame=13800] preprocess=0.0ms, perspective=0.0ms, detect=1.0ms, postprocess=0.0ms, fuse+track=0.0ms
2026-05-22 19:31:32,706 | INFO | [perf frame=13900] preprocess=0.0ms, perspective=0.0ms, detect=1.0ms, postprocess=0.0ms, fuse+track=0.0ms
2026-05-22 19:31:33,097 | INFO | [perf frame=14000] preprocess=0.0ms, perspective=0.0ms, detect=0.8ms, postprocess=0.0ms, fuse+track=0.0ms
2026-05-22 19:31:33,521 | INFO | [perf frame=14100] preprocess=0.0ms, perspective=0.0ms, detect=0.9ms, postprocess=0.0ms, fuse+track=0.0ms
2026-05-22 19:31:33,974 | INFO | [perf frame=14200] preprocess=0.0ms, perspective=0.0ms, detect=1.1ms, postprocess=0.0ms, fuse+track=0.0ms
2026-05-22 19:31:34,465 | INFO | [perf frame=14300] preprocess=0.0ms, perspective=0.0ms, detect=1.1ms, postprocess=0.0ms, fuse+track=0.0ms
2026-05-22 19:31:34,887 | INFO | [perf frame=14400] preprocess=0.0ms, perspective=0.0ms, detect=1.0ms, postprocess=0.0ms, fuse+track=0.0ms
2026-05-22 19:31:35,315 | INFO | [perf frame=14500] preprocess=0.0ms, perspective=0.0ms, detect=1.1ms, postprocess=0.0ms, fuse+track=0.0ms
2026-05-22 19:31:35,752 | INFO | [perf frame=14600] preprocess=0.0ms, perspective=0.0ms, detect=1.1ms, postprocess=0.0ms, fuse+track=0.0ms
2026-05-22 19:31:36,193 | INFO | [perf frame=14700] preprocess=0.0ms, perspective=0.0ms, detect=1.1ms, postprocess=0.0ms, fuse+track=0.0ms
2026-05-22 19:31:36,627 | INFO | [perf frame=14800] preprocess=0.0ms, perspective=0.0ms, detect=1.1ms, postprocess=0.0ms, fuse+track=0.0ms
2026-05-22 19:31:37,074 | INFO | [perf frame=14900] preprocess=0.0ms, perspective=0.0ms, detect=1.2ms, postprocess=0.0ms, fuse+track=0.0ms
2026-05-22 19:31:37,504 | INFO | [perf frame=15000] preprocess=0.0ms, perspective=0.0ms, detect=1.0ms, postprocess=0.0ms, fuse+track=0.0ms
2026-05-22 19:31:37,925 | INFO | [perf frame=15100] preprocess=0.0ms, perspective=0.0ms, detect=1.0ms, postprocess=0.0ms, fuse+track=0.0ms
2026-05-22 19:31:38,365 | INFO | [perf frame=15200] preprocess=0.0ms, perspective=0.0ms, detect=1.1ms, postprocess=0.0ms, fuse+track=0.0ms
2026-05-22 19:31:38,798 | INFO | [perf frame=15300] preprocess=0.0ms, perspective=0.0ms, detect=1.1ms, postprocess=0.0ms, fuse+track=0.0ms
2026-05-22 19:31:39,232 | INFO | [perf frame=15400] preprocess=0.0ms, perspective=0.0ms, detect=1.1ms, postprocess=0.0ms, fuse+track=0.0ms
2026-05-22 19:31:39,678 | INFO | [perf frame=15500] preprocess=0.0ms, perspective=0.0ms, detect=1.0ms, postprocess=0.0ms, fuse+track=0.0ms
2026-05-22 19:31:40,111 | INFO | [perf frame=15600] preprocess=0.0ms, perspective=0.0ms, detect=1.0ms, postprocess=0.0ms, fuse+track=0.0ms
2026-05-22 19:31:40,569 | INFO | [perf frame=15700] preprocess=0.0ms, perspective=0.0ms, detect=1.3ms, postprocess=0.0ms, fuse+track=0.0ms
2026-05-22 19:31:41,009 | INFO | [perf frame=15800] preprocess=0.0ms, perspective=0.0ms, detect=1.1ms, postprocess=0.0ms, fuse+track=0.0ms
2026-05-22 19:31:41,444 | INFO | [perf frame=15900] preprocess=0.0ms, perspective=0.0ms, detect=1.1ms, postprocess=0.0ms, fuse+track=0.0ms
2026-05-22 19:31:41,883 | INFO | [perf frame=16000] preprocess=0.0ms, perspective=0.0ms, detect=1.1ms, postprocess=0.0ms, fuse+track=0.0ms
2026-05-22 19:31:42,318 | INFO | [perf frame=16100] preprocess=0.0ms, perspective=0.0ms, detect=1.1ms, postprocess=0.0ms, fuse+track=0.0ms
2026-05-22 19:31:42,755 | INFO | [perf frame=16200] preprocess=0.0ms, perspective=0.0ms, detect=1.1ms, postprocess=0.0ms, fuse+track=0.0ms
2026-05-22 19:31:43,211 | INFO | [perf frame=16300] preprocess=0.0ms, perspective=0.0ms, detect=1.2ms, postprocess=0.0ms, fuse+track=0.0ms
2026-05-22 19:31:43,644 | INFO | [perf frame=16400] preprocess=0.0ms, perspective=0.0ms, detect=1.1ms, postprocess=0.0ms, fuse+track=0.0ms
2026-05-22 19:31:44,081 | INFO | [perf frame=16500] preprocess=0.0ms, perspective=0.0ms, detect=1.1ms, postprocess=0.0ms, fuse+track=0.0ms
2026-05-22 19:31:44,511 | INFO | [perf frame=16600] preprocess=0.0ms, perspective=0.0ms, detect=1.1ms, postprocess=0.0ms, fuse+track=0.0ms
2026-05-22 19:31:44,962 | INFO | [perf frame=16700] preprocess=0.0ms, perspective=0.0ms, detect=1.1ms, postprocess=0.0ms, fuse+track=0.0ms
2026-05-22 19:31:45,401 | INFO | [perf frame=16800] preprocess=0.0ms, perspective=0.0ms, detect=1.1ms, postprocess=0.0ms, fuse+track=0.0ms
2026-05-22 19:31:45,839 | INFO | [perf frame=16900] preprocess=0.0ms, perspective=0.0ms, detect=1.1ms, postprocess=0.0ms, fuse+track=0.0ms
2026-05-22 19:31:46,289 | INFO | [perf frame=17000] preprocess=0.0ms, perspective=0.0ms, detect=1.2ms, postprocess=0.0ms, fuse+track=0.0ms
2026-05-22 19:31:46,707 | INFO | [perf frame=17100] preprocess=0.0ms, perspective=0.0ms, detect=0.9ms, postprocess=0.0ms, fuse+track=0.0ms
2026-05-22 19:31:47,113 | INFO | [perf frame=17200] preprocess=0.0ms, perspective=0.0ms, detect=0.9ms, postprocess=0.0ms, fuse+track=0.0ms
2026-05-22 19:31:47,530 | INFO | [perf frame=17300] preprocess=0.0ms, perspective=0.0ms, detect=1.0ms, postprocess=0.0ms, fuse+track=0.0ms
2026-05-22 19:31:47,961 | INFO | [perf frame=17400] preprocess=0.0ms, perspective=0.0ms, detect=1.1ms, postprocess=0.0ms, fuse+track=0.0ms
2026-05-22 19:31:48,396 | INFO | [perf frame=17500] preprocess=0.0ms, perspective=0.0ms, detect=1.0ms, postprocess=0.0ms, fuse+track=0.0ms
2026-05-22 19:31:48,846 | INFO | [perf frame=17600] preprocess=0.0ms, perspective=0.0ms, detect=1.1ms, postprocess=0.0ms, fuse+track=0.0ms
2026-05-22 19:31:49,286 | INFO | [perf frame=17700] preprocess=0.0ms, perspective=0.0ms, detect=1.1ms, postprocess=0.0ms, fuse+track=0.0ms
2026-05-22 19:31:49,710 | INFO | [perf frame=17800] preprocess=0.0ms, perspective=0.0ms, detect=1.0ms, postprocess=0.0ms, fuse+track=0.0ms
2026-05-22 19:31:50,155 | INFO | [perf frame=17900] preprocess=0.0ms, perspective=0.0ms, detect=1.1ms, postprocess=0.0ms, fuse+track=0.0ms
2026-05-22 19:31:50,577 | INFO | [perf frame=18000] preprocess=0.0ms, perspective=0.0ms, detect=1.0ms, postprocess=0.0ms, fuse+track=0.0ms
2026-05-22 19:31:51,024 | INFO | [perf frame=18100] preprocess=0.0ms, perspective=0.0ms, detect=1.1ms, postprocess=0.0ms, fuse+track=0.0ms
2026-05-22 19:31:51,455 | INFO | [perf frame=18200] preprocess=0.0ms, perspective=0.0ms, detect=1.0ms, postprocess=0.0ms, fuse+track=0.0ms
2026-05-22 19:31:51,883 | INFO | [perf frame=18300] preprocess=0.0ms, perspective=0.0ms, detect=1.0ms, postprocess=0.0ms, fuse+track=0.0ms
2026-05-22 19:31:52,313 | INFO | [perf frame=18400] preprocess=0.0ms, perspective=0.0ms, detect=1.1ms, postprocess=0.0ms, fuse+track=0.0ms
2026-05-22 19:31:52,730 | INFO | [perf frame=18500] preprocess=0.0ms, perspective=0.0ms, detect=1.0ms, postprocess=0.0ms, fuse+track=0.0ms
2026-05-22 19:31:53,169 | INFO | [perf frame=18600] preprocess=0.0ms, perspective=0.0ms, detect=1.1ms, postprocess=0.0ms, fuse+track=0.0ms
2026-05-22 19:31:53,617 | INFO | [perf frame=18700] preprocess=0.0ms, perspective=0.0ms, detect=1.2ms, postprocess=0.0ms, fuse+track=0.0ms
2026-05-22 19:31:54,070 | INFO | [perf frame=18800] preprocess=0.0ms, perspective=0.0ms, detect=1.1ms, postprocess=0.0ms, fuse+track=0.0ms
2026-05-22 19:31:54,506 | INFO | [perf frame=18900] preprocess=0.0ms, perspective=0.0ms, detect=1.1ms, postprocess=0.0ms, fuse+track=0.0ms
